Command line invocation:
    /Applications/Xcode.app/Contents/Developer/usr/bin/xcodebuild test -scheme "Poem of the Day" -destination "platform=iOS Simulator,name=iPhone 17 Pro,OS=26.1" -resultBundlePath ./test-results -parallel-testing-enabled YES -maximum-concurrent-test-simulator-destinations 4

Writing result bundle at path:
	/Users/stephenreitz/Desktop/Swift-2048-test/Poem of the Day/test-results

ComputePackagePrebuildTargetDependencyGraph

Prepare packages

CreateBuildRequest

SendProjectDescription

CreateBuildOperation

ComputeTargetDependencyGraph
note: Building targets in dependency order
note: Target dependency graph (4 targets)
    Target 'Poem of the DayUITests' in project 'Poem of the Day'
        ➜ Explicit dependency on target 'Poem of the Day' in project 'Poem of the Day'
    Target 'Poem of the DayTests' in project 'Poem of the Day'
        ➜ Explicit dependency on target 'Poem of the Day' in project 'Poem of the Day'
    Target 'Poem of the Day' in project 'Poem of the Day'
        ➜ Explicit dependency on target 'Poem of the Day WidgetExtension' in project 'Poem of the Day'
    Target 'Poem of the Day WidgetExtension' in project 'Poem of the Day' (no dependencies)

GatherProvisioningInputs

CreateBuildDescription

ExecuteExternalTool /Applications/Xcode.app/Contents/Developer/Toolchains/XcodeDefault.xctoolchain/usr/bin/clang -v -E -dM -isysroot /Applications/Xcode.app/Contents/Developer/Platforms/iPhoneSimulator.platform/Developer/SDKs/iPhoneSimulator26.1.sdk -x c -c /dev/null

ExecuteExternalTool /Applications/Xcode.app/Contents/Developer/usr/bin/actool --version --output-format xml1

ExecuteExternalTool /Applications/Xcode.app/Contents/Developer/Toolchains/XcodeDefault.xctoolchain/usr/bin/swiftc --version

ExecuteExternalTool /Applications/Xcode.app/Contents/Developer/usr/bin/actool --print-asset-tag-combinations --output-format xml1 /Users/stephenreitz/Desktop/Swift-2048-test/Poem of the Day/Poem of the Day/Preview Content/Preview Assets.xcassets /Users/stephenreitz/Desktop/Swift-2048-test/Poem of the Day/Poem of the Day/Assets.xcassets

ExecuteExternalTool /Applications/Xcode.app/Contents/Developer/Toolchains/XcodeDefault.xctoolchain/usr/bin/ld -version_details

Build description signature: da66d410e9b5992de2cbd998f9937dae
Build description path: /Users/stephenreitz/Library/Developer/Xcode/DerivedData/Poem_of_the_Day-eculcxybahbpacbbltzjqprhxjep/Build/Intermediates.noindex/XCBuildData/da66d410e9b5992de2cbd998f9937dae.xcbuilddata
ProcessProductPackaging /Users/stephenreitz/Desktop/Swift-2048-test/Poem\ of\ the\ Day/Poem\ of\ the\ Day\ WidgetExtension.entitlements /Users/stephenreitz/Library/Developer/Xcode/DerivedData/Poem_of_the_Day-eculcxybahbpacbbltzjqprhxjep/Build/Intermediates.noindex/Poem\ of\ the\ Day.build/Debug-iphonesimulator/Poem\ of\ the\ Day\ WidgetExtension.build/Poem\ of\ the\ Day\ WidgetExtension.appex-Simulated.xcent (in target 'Poem of the Day WidgetExtension' from project 'Poem of the Day')
    cd /Users/stephenreitz/Desktop/Swift-2048-test/Poem\ of\ the\ Day
    
    Entitlements:
    
    {
    "application-identifier" = "J4QUKKF6V3.Stevereitz.Poem-of-the-Day.Poem-of-the-Day-Widget";
    "com.apple.security.application-groups" =     (
        "group.com.stevereitz.poemoftheday"
    );
}
    
    builtin-productPackagingUtility /Users/stephenreitz/Desktop/Swift-2048-test/Poem\ of\ the\ Day/Poem\ of\ the\ Day\ WidgetExtension.entitlements -entitlements -format xml -o /Users/stephenreitz/Library/Developer/Xcode/DerivedData/Poem_of_the_Day-eculcxybahbpacbbltzjqprhxjep/Build/Intermediates.noindex/Poem\ of\ the\ Day.build/Debug-iphonesimulator/Poem\ of\ the\ Day\ WidgetExtension.build/Poem\ of\ the\ Day\ WidgetExtension.appex-Simulated.xcent

ProcessProductPackagingDER /Users/stephenreitz/Library/Developer/Xcode/DerivedData/Poem_of_the_Day-eculcxybahbpacbbltzjqprhxjep/Build/Intermediates.noindex/Poem\ of\ the\ Day.build/Debug-iphonesimulator/Poem\ of\ the\ Day\ WidgetExtension.build/Poem\ of\ the\ Day\ WidgetExtension.appex-Simulated.xcent /Users/stephenreitz/Library/Developer/Xcode/DerivedData/Poem_of_the_Day-eculcxybahbpacbbltzjqprhxjep/Build/Intermediates.noindex/Poem\ of\ the\ Day.build/Debug-iphonesimulator/Poem\ of\ the\ Day\ WidgetExtension.build/Poem\ of\ the\ Day\ WidgetExtension.appex-Simulated.xcent.der (in target 'Poem of the Day WidgetExtension' from project 'Poem of the Day')
    cd /Users/stephenreitz/Desktop/Swift-2048-test/Poem\ of\ the\ Day
    /usr/bin/derq query -f xml -i /Users/stephenreitz/Library/Developer/Xcode/DerivedData/Poem_of_the_Day-eculcxybahbpacbbltzjqprhxjep/Build/Intermediates.noindex/Poem\ of\ the\ Day.build/Debug-iphonesimulator/Poem\ of\ the\ Day\ WidgetExtension.build/Poem\ of\ the\ Day\ WidgetExtension.appex-Simulated.xcent -o /Users/stephenreitz/Library/Developer/Xcode/DerivedData/Poem_of_the_Day-eculcxybahbpacbbltzjqprhxjep/Build/Intermediates.noindex/Poem\ of\ the\ Day.build/Debug-iphonesimulator/Poem\ of\ the\ Day\ WidgetExtension.build/Poem\ of\ the\ Day\ WidgetExtension.appex-Simulated.xcent.der --raw

ProcessProductPackaging /Users/stephenreitz/Desktop/Swift-2048-test/Poem\ of\ the\ Day/Poem\ of\ the\ Day\ WidgetExtension.entitlements /Users/stephenreitz/Library/Developer/Xcode/DerivedData/Poem_of_the_Day-eculcxybahbpacbbltzjqprhxjep/Build/Intermediates.noindex/Poem\ of\ the\ Day.build/Debug-iphonesimulator/Poem\ of\ the\ Day\ WidgetExtension.build/Poem\ of\ the\ Day\ WidgetExtension.appex.xcent (in target 'Poem of the Day WidgetExtension' from project 'Poem of the Day')
    cd /Users/stephenreitz/Desktop/Swift-2048-test/Poem\ of\ the\ Day
    
    Entitlements:
    
    {
}
    
    builtin-productPackagingUtility /Users/stephenreitz/Desktop/Swift-2048-test/Poem\ of\ the\ Day/Poem\ of\ the\ Day\ WidgetExtension.entitlements -entitlements -format xml -o /Users/stephenreitz/Library/Developer/Xcode/DerivedData/Poem_of_the_Day-eculcxybahbpacbbltzjqprhxjep/Build/Intermediates.noindex/Poem\ of\ the\ Day.build/Debug-iphonesimulator/Poem\ of\ the\ Day\ WidgetExtension.build/Poem\ of\ the\ Day\ WidgetExtension.appex.xcent

ProcessProductPackagingDER /Users/stephenreitz/Library/Developer/Xcode/DerivedData/Poem_of_the_Day-eculcxybahbpacbbltzjqprhxjep/Build/Intermediates.noindex/Poem\ of\ the\ Day.build/Debug-iphonesimulator/Poem\ of\ the\ Day\ WidgetExtension.build/Poem\ of\ the\ Day\ WidgetExtension.appex.xcent /Users/stephenreitz/Library/Developer/Xcode/DerivedData/Poem_of_the_Day-eculcxybahbpacbbltzjqprhxjep/Build/Intermediates.noindex/Poem\ of\ the\ Day.build/Debug-iphonesimulator/Poem\ of\ the\ Day\ WidgetExtension.build/Poem\ of\ the\ Day\ WidgetExtension.appex.xcent.der (in target 'Poem of the Day WidgetExtension' from project 'Poem of the Day')
    cd /Users/stephenreitz/Desktop/Swift-2048-test/Poem\ of\ the\ Day
    /usr/bin/derq query -f xml -i /Users/stephenreitz/Library/Developer/Xcode/DerivedData/Poem_of_the_Day-eculcxybahbpacbbltzjqprhxjep/Build/Intermediates.noindex/Poem\ of\ the\ Day.build/Debug-iphonesimulator/Poem\ of\ the\ Day\ WidgetExtension.build/Poem\ of\ the\ Day\ WidgetExtension.appex.xcent -o /Users/stephenreitz/Library/Developer/Xcode/DerivedData/Poem_of_the_Day-eculcxybahbpacbbltzjqprhxjep/Build/Intermediates.noindex/Poem\ of\ the\ Day.build/Debug-iphonesimulator/Poem\ of\ the\ Day\ WidgetExtension.build/Poem\ of\ the\ Day\ WidgetExtension.appex.xcent.der --raw

ClangStatCache /Applications/Xcode.app/Contents/Developer/Toolchains/XcodeDefault.xctoolchain/usr/bin/clang-stat-cache /Applications/Xcode.app/Contents/Developer/Platforms/iPhoneSimulator.platform/Developer/SDKs/iPhoneSimulator26.1.sdk /Users/stephenreitz/Library/Developer/Xcode/DerivedData/SDKStatCaches.noindex/iphonesimulator26.1-23B77-90cf18a4295e390e64c810bc6bd7acbc.sdkstatcache
    cd /Users/stephenreitz/Desktop/Swift-2048-test/Poem\ of\ the\ Day/Poem\ of\ the\ Day.xcodeproj
    /Applications/Xcode.app/Contents/Developer/Toolchains/XcodeDefault.xctoolchain/usr/bin/clang-stat-cache /Applications/Xcode.app/Contents/Developer/Platforms/iPhoneSimulator.platform/Developer/SDKs/iPhoneSimulator26.1.sdk -o /Users/stephenreitz/Library/Developer/Xcode/DerivedData/SDKStatCaches.noindex/iphonesimulator26.1-23B77-90cf18a4295e390e64c810bc6bd7acbc.sdkstatcache

warning: no rule to process file '/Users/stephenreitz/Desktop/Swift-2048-test/Poem of the Day/Makefile' of type 'sourcecode.make' for architecture 'arm64' (in target 'Poem of the Day' from project 'Poem of the Day')
ProcessProductPackaging /Users/stephenreitz/Desktop/Swift-2048-test/Poem\ of\ the\ Day/Poem\ of\ the\ Day/Poem\ of\ the\ Day.entitlements /Users/stephenreitz/Library/Developer/Xcode/DerivedData/Poem_of_the_Day-eculcxybahbpacbbltzjqprhxjep/Build/Intermediates.noindex/Poem\ of\ the\ Day.build/Debug-iphonesimulator/Poem\ of\ the\ Day.build/Poem\ of\ the\ Day.app-Simulated.xcent (in target 'Poem of the Day' from project 'Poem of the Day')
    cd /Users/stephenreitz/Desktop/Swift-2048-test/Poem\ of\ the\ Day
    
    Entitlements:
    
    {
    "application-identifier" = "J4QUKKF6V3.Stevereitz.Poem-of-the-Day";
    "com.apple.security.application-groups" =     (
        "group.com.stevereitz.poemoftheday"
    );
}
    
    builtin-productPackagingUtility /Users/stephenreitz/Desktop/Swift-2048-test/Poem\ of\ the\ Day/Poem\ of\ the\ Day/Poem\ of\ the\ Day.entitlements -entitlements -format xml -o /Users/stephenreitz/Library/Developer/Xcode/DerivedData/Poem_of_the_Day-eculcxybahbpacbbltzjqprhxjep/Build/Intermediates.noindex/Poem\ of\ the\ Day.build/Debug-iphonesimulator/Poem\ of\ the\ Day.build/Poem\ of\ the\ Day.app-Simulated.xcent

Ld /Users/stephenreitz/Library/Developer/Xcode/DerivedData/Poem_of_the_Day-eculcxybahbpacbbltzjqprhxjep/Build/Products/Debug-iphonesimulator/Poem\ of\ the\ Day\ WidgetExtension.appex/Poem\ of\ the\ Day\ WidgetExtension.debug.dylib normal (in target 'Poem of the Day WidgetExtension' from project 'Poem of the Day')
    cd /Users/stephenreitz/Desktop/Swift-2048-test/Poem\ of\ the\ Day
    /Applications/Xcode.app/Contents/Developer/Toolchains/XcodeDefault.xctoolchain/usr/bin/clang -Xlinker -reproducible -target arm64-apple-ios26.0-simulator -dynamiclib -isysroot /Applications/Xcode.app/Contents/Developer/Platforms/iPhoneSimulator.platform/Developer/SDKs/iPhoneSimulator26.1.sdk -O0 -L/Users/stephenreitz/Library/Developer/Xcode/DerivedData/Poem_of_the_Day-eculcxybahbpacbbltzjqprhxjep/Build/Intermediates.noindex/EagerLinkingTBDs/Debug-iphonesimulator -L/Users/stephenreitz/Library/Developer/Xcode/DerivedData/Poem_of_the_Day-eculcxybahbpacbbltzjqprhxjep/Build/Products/Debug-iphonesimulator -F/Users/stephenreitz/Library/Developer/Xcode/DerivedData/Poem_of_the_Day-eculcxybahbpacbbltzjqprhxjep/Build/Intermediates.noindex/EagerLinkingTBDs/Debug-iphonesimulator -F/Users/stephenreitz/Library/Developer/Xcode/DerivedData/Poem_of_the_Day-eculcxybahbpacbbltzjqprhxjep/Build/Products/Debug-iphonesimulator -filelist /Users/stephenreitz/Library/Developer/Xcode/DerivedData/Poem_of_the_Day-eculcxybahbpacbbltzjqprhxjep/Build/Intermediates.noindex/Poem\ of\ the\ Day.build/Debug-iphonesimulator/Poem\ of\ the\ Day\ WidgetExtension.build/Objects-normal/arm64/Poem\ of\ the\ Day\ WidgetExtension.LinkFileList -install_name @rpath/Poem\ of\ the\ Day\ WidgetExtension.debug.dylib -Xlinker -rpath -Xlinker @executable_path/Frameworks -Xlinker -rpath -Xlinker @executable_path/../../Frameworks -dead_strip -Xlinker -object_path_lto -Xlinker /Users/stephenreitz/Library/Developer/Xcode/DerivedData/Poem_of_the_Day-eculcxybahbpacbbltzjqprhxjep/Build/Intermediates.noindex/Poem\ of\ the\ Day.build/Debug-iphonesimulator/Poem\ of\ the\ Day\ WidgetExtension.build/Objects-normal/arm64/Poem\ of\ the\ Day\ WidgetExtension_lto.o -rdynamic -Xlinker -no_deduplicate -Xlinker -objc_abi_version -Xlinker 2 -Xlinker -dependency_info -Xlinker /Users/stephenreitz/Library/Developer/Xcode/DerivedData/Poem_of_the_Day-eculcxybahbpacbbltzjqprhxjep/Build/Intermediates.noindex/Poem\ of\ the\ Day.build/Debug-iphonesimulator/Poem\ of\ the\ Day\ WidgetExtension.build/Objects-normal/arm64/Poem\ of\ the\ Day\ WidgetExtension_dependency_info.dat -fapplication-extension -fobjc-link-runtime -L/Applications/Xcode.app/Contents/Developer/Toolchains/XcodeDefault.xctoolchain/usr/lib/swift/iphonesimulator -L/usr/lib/swift -Xlinker -add_ast_path -Xlinker /Users/stephenreitz/Library/Developer/Xcode/DerivedData/Poem_of_the_Day-eculcxybahbpacbbltzjqprhxjep/Build/Intermediates.noindex/Poem\ of\ the\ Day.build/Debug-iphonesimulator/Poem\ of\ the\ Day\ WidgetExtension.build/Objects-normal/arm64/Poem_of_the_Day_WidgetExtension.swiftmodule @/Users/stephenreitz/Library/Developer/Xcode/DerivedData/Poem_of_the_Day-eculcxybahbpacbbltzjqprhxjep/Build/Intermediates.noindex/Poem\ of\ the\ Day.build/Debug-iphonesimulator/Poem\ of\ the\ Day\ WidgetExtension.build/Objects-normal/arm64/Poem_of_the_Day_WidgetExtension-linker-args.resp -Xlinker -alias -Xlinker _NSExtensionMain -Xlinker ___debug_main_executable_dylib_entry_point -framework SwiftUI -framework WidgetKit -Xlinker -no_adhoc_codesign -o /Users/stephenreitz/Library/Developer/Xcode/DerivedData/Poem_of_the_Day-eculcxybahbpacbbltzjqprhxjep/Build/Products/Debug-iphonesimulator/Poem\ of\ the\ Day\ WidgetExtension.appex/Poem\ of\ the\ Day\ WidgetExtension.debug.dylib

CpResource /Users/stephenreitz/Library/Developer/Xcode/DerivedData/Poem_of_the_Day-eculcxybahbpacbbltzjqprhxjep/Build/Products/Debug-iphonesimulator/Poem\ of\ the\ Day\ WidgetExtension.appex/BUILD.bazel /Users/stephenreitz/Desktop/Swift-2048-test/Poem\ of\ the\ Day/Poem\ of\ the\ Day\ Widget/BUILD.bazel (in target 'Poem of the Day WidgetExtension' from project 'Poem of the Day')
    cd /Users/stephenreitz/Desktop/Swift-2048-test/Poem\ of\ the\ Day
    builtin-copy -exclude .DS_Store -exclude CVS -exclude .svn -exclude .git -exclude .hg -resolve-src-symlinks /Users/stephenreitz/Desktop/Swift-2048-test/Poem\ of\ the\ Day/Poem\ of\ the\ Day\ Widget/BUILD.bazel /Users/stephenreitz/Library/Developer/Xcode/DerivedData/Poem_of_the_Day-eculcxybahbpacbbltzjqprhxjep/Build/Products/Debug-iphonesimulator/Poem\ of\ the\ Day\ WidgetExtension.appex

ProcessProductPackaging /Users/stephenreitz/Desktop/Swift-2048-test/Poem\ of\ the\ Day/Poem\ of\ the\ Day/Poem\ of\ the\ Day.entitlements /Users/stephenreitz/Library/Developer/Xcode/DerivedData/Poem_of_the_Day-eculcxybahbpacbbltzjqprhxjep/Build/Intermediates.noindex/Poem\ of\ the\ Day.build/Debug-iphonesimulator/Poem\ of\ the\ Day.build/Poem\ of\ the\ Day.app.xcent (in target 'Poem of the Day' from project 'Poem of the Day')
    cd /Users/stephenreitz/Desktop/Swift-2048-test/Poem\ of\ the\ Day
    
    Entitlements:
    
    {
}
    
    builtin-productPackagingUtility /Users/stephenreitz/Desktop/Swift-2048-test/Poem\ of\ the\ Day/Poem\ of\ the\ Day/Poem\ of\ the\ Day.entitlements -entitlements -format xml -o /Users/stephenreitz/Library/Developer/Xcode/DerivedData/Poem_of_the_Day-eculcxybahbpacbbltzjqprhxjep/Build/Intermediates.noindex/Poem\ of\ the\ Day.build/Debug-iphonesimulator/Poem\ of\ the\ Day.build/Poem\ of\ the\ Day.app.xcent

ProcessProductPackagingDER /Users/stephenreitz/Library/Developer/Xcode/DerivedData/Poem_of_the_Day-eculcxybahbpacbbltzjqprhxjep/Build/Intermediates.noindex/Poem\ of\ the\ Day.build/Debug-iphonesimulator/Poem\ of\ the\ Day.build/Poem\ of\ the\ Day.app-Simulated.xcent /Users/stephenreitz/Library/Developer/Xcode/DerivedData/Poem_of_the_Day-eculcxybahbpacbbltzjqprhxjep/Build/Intermediates.noindex/Poem\ of\ the\ Day.build/Debug-iphonesimulator/Poem\ of\ the\ Day.build/Poem\ of\ the\ Day.app-Simulated.xcent.der (in target 'Poem of the Day' from project 'Poem of the Day')
    cd /Users/stephenreitz/Desktop/Swift-2048-test/Poem\ of\ the\ Day
    /usr/bin/derq query -f xml -i /Users/stephenreitz/Library/Developer/Xcode/DerivedData/Poem_of_the_Day-eculcxybahbpacbbltzjqprhxjep/Build/Intermediates.noindex/Poem\ of\ the\ Day.build/Debug-iphonesimulator/Poem\ of\ the\ Day.build/Poem\ of\ the\ Day.app-Simulated.xcent -o /Users/stephenreitz/Library/Developer/Xcode/DerivedData/Poem_of_the_Day-eculcxybahbpacbbltzjqprhxjep/Build/Intermediates.noindex/Poem\ of\ the\ Day.build/Debug-iphonesimulator/Poem\ of\ the\ Day.build/Poem\ of\ the\ Day.app-Simulated.xcent.der --raw

ProcessProductPackagingDER /Users/stephenreitz/Library/Developer/Xcode/DerivedData/Poem_of_the_Day-eculcxybahbpacbbltzjqprhxjep/Build/Intermediates.noindex/Poem\ of\ the\ Day.build/Debug-iphonesimulator/Poem\ of\ the\ Day.build/Poem\ of\ the\ Day.app.xcent /Users/stephenreitz/Library/Developer/Xcode/DerivedData/Poem_of_the_Day-eculcxybahbpacbbltzjqprhxjep/Build/Intermediates.noindex/Poem\ of\ the\ Day.build/Debug-iphonesimulator/Poem\ of\ the\ Day.build/Poem\ of\ the\ Day.app.xcent.der (in target 'Poem of the Day' from project 'Poem of the Day')
    cd /Users/stephenreitz/Desktop/Swift-2048-test/Poem\ of\ the\ Day
    /usr/bin/derq query -f xml -i /Users/stephenreitz/Library/Developer/Xcode/DerivedData/Poem_of_the_Day-eculcxybahbpacbbltzjqprhxjep/Build/Intermediates.noindex/Poem\ of\ the\ Day.build/Debug-iphonesimulator/Poem\ of\ the\ Day.build/Poem\ of\ the\ Day.app.xcent -o /Users/stephenreitz/Library/Developer/Xcode/DerivedData/Poem_of_the_Day-eculcxybahbpacbbltzjqprhxjep/Build/Intermediates.noindex/Poem\ of\ the\ Day.build/Debug-iphonesimulator/Poem\ of\ the\ Day.build/Poem\ of\ the\ Day.app.xcent.der --raw

ProcessInfoPlistFile /Users/stephenreitz/Library/Developer/Xcode/DerivedData/Poem_of_the_Day-eculcxybahbpacbbltzjqprhxjep/Build/Products/Debug-iphonesimulator/Poem\ of\ the\ Day\ WidgetExtension.appex/Info.plist /Users/stephenreitz/Desktop/Swift-2048-test/Poem\ of\ the\ Day/Poem\ of\ the\ Day\ Widget/Info.plist (in target 'Poem of the Day WidgetExtension' from project 'Poem of the Day')
    cd /Users/stephenreitz/Desktop/Swift-2048-test/Poem\ of\ the\ Day
    builtin-infoPlistUtility /Users/stephenreitz/Desktop/Swift-2048-test/Poem\ of\ the\ Day/Poem\ of\ the\ Day\ Widget/Info.plist -producttype com.apple.product-type.app-extension -expandbuildsettings -format binary -platform iphonesimulator -additionalcontentfile /Users/stephenreitz/Library/Developer/Xcode/DerivedData/Poem_of_the_Day-eculcxybahbpacbbltzjqprhxjep/Build/Intermediates.noindex/Poem\ of\ the\ Day.build/Debug-iphonesimulator/Poem\ of\ the\ Day\ WidgetExtension.build/assetcatalog_generated_info.plist -o /Users/stephenreitz/Library/Developer/Xcode/DerivedData/Poem_of_the_Day-eculcxybahbpacbbltzjqprhxjep/Build/Products/Debug-iphonesimulator/Poem\ of\ the\ Day\ WidgetExtension.appex/Info.plist

GenerateAssetSymbols /Users/stephenreitz/Desktop/Swift-2048-test/Poem\ of\ the\ Day/Poem\ of\ the\ Day/Preview\ Content/Preview\ Assets.xcassets /Users/stephenreitz/Desktop/Swift-2048-test/Poem\ of\ the\ Day/Poem\ of\ the\ Day/Assets.xcassets (in target 'Poem of the Day' from project 'Poem of the Day')
    cd /Users/stephenreitz/Desktop/Swift-2048-test/Poem\ of\ the\ Day
    /Applications/Xcode.app/Contents/Developer/usr/bin/actool /Users/stephenreitz/Desktop/Swift-2048-test/Poem\ of\ the\ Day/Poem\ of\ the\ Day/Preview\ Content/Preview\ Assets.xcassets /Users/stephenreitz/Desktop/Swift-2048-test/Poem\ of\ the\ Day/Poem\ of\ the\ Day/Assets.xcassets --compile /Users/stephenreitz/Library/Developer/Xcode/DerivedData/Poem_of_the_Day-eculcxybahbpacbbltzjqprhxjep/Build/Products/Debug-iphonesimulator/Poem\ of\ the\ Day.app --output-format human-readable-text --notices --warnings --export-dependency-info /Users/stephenreitz/Library/Developer/Xcode/DerivedData/Poem_of_the_Day-eculcxybahbpacbbltzjqprhxjep/Build/Intermediates.noindex/Poem\ of\ the\ Day.build/Debug-iphonesimulator/Poem\ of\ the\ Day.build/assetcatalog_dependencies --output-partial-info-plist /Users/stephenreitz/Library/Developer/Xcode/DerivedData/Poem_of_the_Day-eculcxybahbpacbbltzjqprhxjep/Build/Intermediates.noindex/Poem\ of\ the\ Day.build/Debug-iphonesimulator/Poem\ of\ the\ Day.build/assetcatalog_generated_info.plist --app-icon AppIcon --accent-color AccentColor --compress-pngs --enable-on-demand-resources YES --development-region en --target-device iphone --target-device ipad --minimum-deployment-target 26.0 --platform iphonesimulator --bundle-identifier Stevereitz.Poem-of-the-Day --generate-swift-asset-symbols /Users/stephenreitz/Library/Developer/Xcode/DerivedData/Poem_of_the_Day-eculcxybahbpacbbltzjqprhxjep/Build/Intermediates.noindex/Poem\ of\ the\ Day.build/Debug-iphonesimulator/Poem\ of\ the\ Day.build/DerivedSources/GeneratedAssetSymbols.swift --generate-objc-asset-symbols /Users/stephenreitz/Library/Developer/Xcode/DerivedData/Poem_of_the_Day-eculcxybahbpacbbltzjqprhxjep/Build/Intermediates.noindex/Poem\ of\ the\ Day.build/Debug-iphonesimulator/Poem\ of\ the\ Day.build/DerivedSources/GeneratedAssetSymbols.h --generate-asset-symbol-index /Users/stephenreitz/Library/Developer/Xcode/DerivedData/Poem_of_the_Day-eculcxybahbpacbbltzjqprhxjep/Build/Intermediates.noindex/Poem\ of\ the\ Day.build/Debug-iphonesimulator/Poem\ of\ the\ Day.build/DerivedSources/GeneratedAssetSymbols-Index.plist
/* com.apple.actool.document.warnings */
/Users/stephenreitz/Desktop/Swift-2048-test/Poem of the Day/Poem of the Day/Assets.xcassets:./AppIcon.appiconset/(null)[2d][Bard_Generated_Image.jpg]: warning: The app icon set "AppIcon" has an unassigned child.
/Users/stephenreitz/Desktop/Swift-2048-test/Poem of the Day/Poem of the Day/Assets.xcassets:./AppIcon.appiconset/(null)[2d][Bard_Generated_Image.jpg]: warning: The app icon set "AppIcon" has an unassigned child.
/* com.apple.actool.compilation-results */
/Users/stephenreitz/Library/Developer/Xcode/DerivedData/Poem_of_the_Day-eculcxybahbpacbbltzjqprhxjep/Build/Intermediates.noindex/Poem of the Day.build/Debug-iphonesimulator/Poem of the Day.build/DerivedSources/GeneratedAssetSymbols-Index.plist
/Users/stephenreitz/Library/Developer/Xcode/DerivedData/Poem_of_the_Day-eculcxybahbpacbbltzjqprhxjep/Build/Intermediates.noindex/Poem of the Day.build/Debug-iphonesimulator/Poem of the Day.build/DerivedSources/GeneratedAssetSymbols.h
/Users/stephenreitz/Library/Developer/Xcode/DerivedData/Poem_of_the_Day-eculcxybahbpacbbltzjqprhxjep/Build/Intermediates.noindex/Poem of the Day.build/Debug-iphonesimulator/Poem of the Day.build/DerivedSources/GeneratedAssetSymbols.swift


CompileAssetCatalogVariant thinned /Users/stephenreitz/Library/Developer/Xcode/DerivedData/Poem_of_the_Day-eculcxybahbpacbbltzjqprhxjep/Build/Products/Debug-iphonesimulator/Poem\ of\ the\ Day.app /Users/stephenreitz/Desktop/Swift-2048-test/Poem\ of\ the\ Day/Poem\ of\ the\ Day/Preview\ Content/Preview\ Assets.xcassets /Users/stephenreitz/Desktop/Swift-2048-test/Poem\ of\ the\ Day/Poem\ of\ the\ Day/Assets.xcassets (in target 'Poem of the Day' from project 'Poem of the Day')
    cd /Users/stephenreitz/Desktop/Swift-2048-test/Poem\ of\ the\ Day
    /Applications/Xcode.app/Contents/Developer/usr/bin/actool /Users/stephenreitz/Desktop/Swift-2048-test/Poem\ of\ the\ Day/Poem\ of\ the\ Day/Preview\ Content/Preview\ Assets.xcassets /Users/stephenreitz/Desktop/Swift-2048-test/Poem\ of\ the\ Day/Poem\ of\ the\ Day/Assets.xcassets --compile /Users/stephenreitz/Library/Developer/Xcode/DerivedData/Poem_of_the_Day-eculcxybahbpacbbltzjqprhxjep/Build/Intermediates.noindex/Poem\ of\ the\ Day.build/Debug-iphonesimulator/Poem\ of\ the\ Day.build/assetcatalog_output/thinned --output-format human-readable-text --notices --warnings --export-dependency-info /Users/stephenreitz/Library/Developer/Xcode/DerivedData/Poem_of_the_Day-eculcxybahbpacbbltzjqprhxjep/Build/Intermediates.noindex/Poem\ of\ the\ Day.build/Debug-iphonesimulator/Poem\ of\ the\ Day.build/assetcatalog_dependencies_thinned --output-partial-info-plist /Users/stephenreitz/Library/Developer/Xcode/DerivedData/Poem_of_the_Day-eculcxybahbpacbbltzjqprhxjep/Build/Intermediates.noindex/Poem\ of\ the\ Day.build/Debug-iphonesimulator/Poem\ of\ the\ Day.build/assetcatalog_generated_info.plist_thinned --app-icon AppIcon --accent-color AccentColor --compress-pngs --enable-on-demand-resources YES --filter-for-thinning-device-configuration iPhone18,1 --filter-for-device-os-version 26.1 --development-region en --target-device iphone --target-device ipad --minimum-deployment-target 26.0 --platform iphonesimulator
/* com.apple.actool.document.warnings */
/Users/stephenreitz/Desktop/Swift-2048-test/Poem of the Day/Poem of the Day/Assets.xcassets:./AppIcon.appiconset/(null)[2d][Bard_Generated_Image.jpg]: warning: The app icon set "AppIcon" has an unassigned child.
/Users/stephenreitz/Desktop/Swift-2048-test/Poem of the Day/Poem of the Day/Assets.xcassets:./AppIcon.appiconset/(null)[2d][Bard_Generated_Image.jpg]: warning: The app icon set "AppIcon" has an unassigned child.
/* com.apple.actool.compilation-results */
/Users/stephenreitz/Library/Developer/Xcode/DerivedData/Poem_of_the_Day-eculcxybahbpacbbltzjqprhxjep/Build/Intermediates.noindex/Poem of the Day.build/Debug-iphonesimulator/Poem of the Day.build/assetcatalog_generated_info.plist_thinned


SwiftDriver Poem\ of\ the\ Day normal arm64 com.apple.xcode.tools.swift.compiler (in target 'Poem of the Day' from project 'Poem of the Day')
    cd /Users/stephenreitz/Desktop/Swift-2048-test/Poem\ of\ the\ Day
    builtin-SwiftDriver -- /Applications/Xcode.app/Contents/Developer/Toolchains/XcodeDefault.xctoolchain/usr/bin/swiftc -module-name Poem_of_the_Day -Onone -enforce-exclusivity\=checked @/Users/stephenreitz/Library/Developer/Xcode/DerivedData/Poem_of_the_Day-eculcxybahbpacbbltzjqprhxjep/Build/Intermediates.noindex/Poem\ of\ the\ Day.build/Debug-iphonesimulator/Poem\ of\ the\ Day.build/Objects-normal/arm64/Poem\ of\ the\ Day.SwiftFileList -DDEBUG -enable-bare-slash-regex -enable-experimental-feature DebugDescriptionMacro -sdk /Applications/Xcode.app/Contents/Developer/Platforms/iPhoneSimulator.platform/Developer/SDKs/iPhoneSimulator26.1.sdk -target arm64-apple-ios26.0-simulator -g -module-cache-path /Users/stephenreitz/Library/Developer/Xcode/DerivedData/ModuleCache.noindex -Xfrontend -serialize-debugging-options -enable-testing -index-store-path /Users/stephenreitz/Library/Developer/Xcode/DerivedData/Poem_of_the_Day-eculcxybahbpacbbltzjqprhxjep/Index.noindex/DataStore -enable-library-evolution -Xcc -D_LIBCPP_HARDENING_MODE\=_LIBCPP_HARDENING_MODE_DEBUG -swift-version 5 -I /Users/stephenreitz/Library/Developer/Xcode/DerivedData/Poem_of_the_Day-eculcxybahbpacbbltzjqprhxjep/Build/Products/Debug-iphonesimulator -F /Users/stephenreitz/Library/Developer/Xcode/DerivedData/Poem_of_the_Day-eculcxybahbpacbbltzjqprhxjep/Build/Products/Debug-iphonesimulator -emit-localized-strings -emit-localized-strings-path /Users/stephenreitz/Library/Developer/Xcode/DerivedData/Poem_of_the_Day-eculcxybahbpacbbltzjqprhxjep/Build/Intermediates.noindex/Poem\ of\ the\ Day.build/Debug-iphonesimulator/Poem\ of\ the\ Day.build/Objects-normal/arm64 -c -j12 -enable-batch-mode -incremental -Xcc -ivfsstatcache -Xcc /Users/stephenreitz/Library/Developer/Xcode/DerivedData/SDKStatCaches.noindex/iphonesimulator26.1-23B77-90cf18a4295e390e64c810bc6bd7acbc.sdkstatcache -output-file-map /Users/stephenreitz/Library/Developer/Xcode/DerivedData/Poem_of_the_Day-eculcxybahbpacbbltzjqprhxjep/Build/Intermediates.noindex/Poem\ of\ the\ Day.build/Debug-iphonesimulator/Poem\ of\ the\ Day.build/Objects-normal/arm64/Poem\ of\ the\ Day-OutputFileMap.json -use-frontend-parseable-output -save-temps -no-color-diagnostics -explicit-module-build -module-cache-path /Users/stephenreitz/Library/Developer/Xcode/DerivedData/Poem_of_the_Day-eculcxybahbpacbbltzjqprhxjep/Build/Intermediates.noindex/SwiftExplicitPrecompiledModules -clang-scanner-module-cache-path /Users/stephenreitz/Library/Developer/Xcode/DerivedData/ModuleCache.noindex -sdk-module-cache-path /Users/stephenreitz/Library/Developer/Xcode/DerivedData/ModuleCache.noindex -serialize-diagnostics -emit-dependencies -emit-module -emit-module-path /Users/stephenreitz/Library/Developer/Xcode/DerivedData/Poem_of_the_Day-eculcxybahbpacbbltzjqprhxjep/Build/Intermediates.noindex/Poem\ of\ the\ Day.build/Debug-iphonesimulator/Poem\ of\ the\ Day.build/Objects-normal/arm64/Poem_of_the_Day.swiftmodule -emit-module-interface-path /Users/stephenreitz/Library/Developer/Xcode/DerivedData/Poem_of_the_Day-eculcxybahbpacbbltzjqprhxjep/Build/Intermediates.noindex/Poem\ of\ the\ Day.build/Debug-iphonesimulator/Poem\ of\ the\ Day.build/Objects-normal/arm64/Poem_of_the_Day.swiftinterface -emit-private-module-interface-path /Users/stephenreitz/Library/Developer/Xcode/DerivedData/Poem_of_the_Day-eculcxybahbpacbbltzjqprhxjep/Build/Intermediates.noindex/Poem\ of\ the\ Day.build/Debug-iphonesimulator/Poem\ of\ the\ Day.build/Objects-normal/arm64/Poem_of_the_Day.private.swiftinterface -validate-clang-modules-once -clang-build-session-file /Users/stephenreitz/Library/Developer/Xcode/DerivedData/ModuleCache.noindex/Session.modulevalidation -Xcc -I/Users/stephenreitz/Library/Developer/Xcode/DerivedData/Poem_of_the_Day-eculcxybahbpacbbltzjqprhxjep/Build/Intermediates.noindex/Poem\ of\ the\ Day.build/Debug-iphonesimulator/Poem\ of\ the\ Day.build/swift-overrides.hmap -emit-const-values -Xfrontend -const-gather-protocols-file -Xfrontend /Users/stephenreitz/Library/Developer/Xcode/DerivedData/Poem_of_the_Day-eculcxybahbpacbbltzjqprhxjep/Build/Intermediates.noindex/Poem\ of\ the\ Day.build/Debug-iphonesimulator/Poem\ of\ the\ Day.build/Objects-normal/arm64/Poem\ of\ the\ Day_const_extract_protocols.json -Xcc -iquote -Xcc /Users/stephenreitz/Library/Developer/Xcode/DerivedData/Poem_of_the_Day-eculcxybahbpacbbltzjqprhxjep/Build/Intermediates.noindex/Poem\ of\ the\ Day.build/Debug-iphonesimulator/Poem\ of\ the\ Day.build/Poem\ of\ the\ Day-generated-files.hmap -Xcc -I/Users/stephenreitz/Library/Developer/Xcode/DerivedData/Poem_of_the_Day-eculcxybahbpacbbltzjqprhxjep/Build/Intermediates.noindex/Poem\ of\ the\ Day.build/Debug-iphonesimulator/Poem\ of\ the\ Day.build/Poem\ of\ the\ Day-own-target-headers.hmap -Xcc -I/Users/stephenreitz/Library/Developer/Xcode/DerivedData/Poem_of_the_Day-eculcxybahbpacbbltzjqprhxjep/Build/Intermediates.noindex/Poem\ of\ the\ Day.build/Debug-iphonesimulator/Poem\ of\ the\ Day.build/Poem\ of\ the\ Day-all-target-headers.hmap -Xcc -iquote -Xcc /Users/stephenreitz/Library/Developer/Xcode/DerivedData/Poem_of_the_Day-eculcxybahbpacbbltzjqprhxjep/Build/Intermediates.noindex/Poem\ of\ the\ Day.build/Debug-iphonesimulator/Poem\ of\ the\ Day.build/Poem\ of\ the\ Day-project-headers.hmap -Xcc -I/Users/stephenreitz/Library/Developer/Xcode/DerivedData/Poem_of_the_Day-eculcxybahbpacbbltzjqprhxjep/Build/Products/Debug-iphonesimulator/include -Xcc -I/Users/stephenreitz/Library/Developer/Xcode/DerivedData/Poem_of_the_Day-eculcxybahbpacbbltzjqprhxjep/Build/Intermediates.noindex/Poem\ of\ the\ Day.build/Debug-iphonesimulator/Poem\ of\ the\ Day.build/DerivedSources-normal/arm64 -Xcc -I/Users/stephenreitz/Library/Developer/Xcode/DerivedData/Poem_of_the_Day-eculcxybahbpacbbltzjqprhxjep/Build/Intermediates.noindex/Poem\ of\ the\ Day.build/Debug-iphonesimulator/Poem\ of\ the\ Day.build/DerivedSources/arm64 -Xcc -I/Users/stephenreitz/Library/Developer/Xcode/DerivedData/Poem_of_the_Day-eculcxybahbpacbbltzjqprhxjep/Build/Intermediates.noindex/Poem\ of\ the\ Day.build/Debug-iphonesimulator/Poem\ of\ the\ Day.build/DerivedSources -Xcc -DDEBUG\=1 -emit-objc-header -emit-objc-header-path /Users/stephenreitz/Library/Developer/Xcode/DerivedData/Poem_of_the_Day-eculcxybahbpacbbltzjqprhxjep/Build/Intermediates.noindex/Poem\ of\ the\ Day.build/Debug-iphonesimulator/Poem\ of\ the\ Day.build/Objects-normal/arm64/Poem_of_the_Day-Swift.h -working-directory /Users/stephenreitz/Desktop/Swift-2048-test/Poem\ of\ the\ Day -experimental-emit-module-separately -disable-cmo

LinkAssetCatalog /Users/stephenreitz/Desktop/Swift-2048-test/Poem\ of\ the\ Day/Poem\ of\ the\ Day/Preview\ Content/Preview\ Assets.xcassets /Users/stephenreitz/Desktop/Swift-2048-test/Poem\ of\ the\ Day/Poem\ of\ the\ Day/Assets.xcassets (in target 'Poem of the Day' from project 'Poem of the Day')
    cd /Users/stephenreitz/Desktop/Swift-2048-test/Poem\ of\ the\ Day
    builtin-linkAssetCatalog --thinned /Users/stephenreitz/Library/Developer/Xcode/DerivedData/Poem_of_the_Day-eculcxybahbpacbbltzjqprhxjep/Build/Intermediates.noindex/Poem\ of\ the\ Day.build/Debug-iphonesimulator/Poem\ of\ the\ Day.build/assetcatalog_output/thinned --thinned-dependencies /Users/stephenreitz/Library/Developer/Xcode/DerivedData/Poem_of_the_Day-eculcxybahbpacbbltzjqprhxjep/Build/Intermediates.noindex/Poem\ of\ the\ Day.build/Debug-iphonesimulator/Poem\ of\ the\ Day.build/assetcatalog_dependencies_thinned --thinned-info-plist-content /Users/stephenreitz/Library/Developer/Xcode/DerivedData/Poem_of_the_Day-eculcxybahbpacbbltzjqprhxjep/Build/Intermediates.noindex/Poem\ of\ the\ Day.build/Debug-iphonesimulator/Poem\ of\ the\ Day.build/assetcatalog_generated_info.plist_thinned --unthinned /Users/stephenreitz/Library/Developer/Xcode/DerivedData/Poem_of_the_Day-eculcxybahbpacbbltzjqprhxjep/Build/Intermediates.noindex/Poem\ of\ the\ Day.build/Debug-iphonesimulator/Poem\ of\ the\ Day.build/assetcatalog_output/unthinned --unthinned-dependencies /Users/stephenreitz/Library/Developer/Xcode/DerivedData/Poem_of_the_Day-eculcxybahbpacbbltzjqprhxjep/Build/Intermediates.noindex/Poem\ of\ the\ Day.build/Debug-iphonesimulator/Poem\ of\ the\ Day.build/assetcatalog_dependencies_unthinned --unthinned-info-plist-content /Users/stephenreitz/Library/Developer/Xcode/DerivedData/Poem_of_the_Day-eculcxybahbpacbbltzjqprhxjep/Build/Intermediates.noindex/Poem\ of\ the\ Day.build/Debug-iphonesimulator/Poem\ of\ the\ Day.build/assetcatalog_generated_info.plist_unthinned --output /Users/stephenreitz/Library/Developer/Xcode/DerivedData/Poem_of_the_Day-eculcxybahbpacbbltzjqprhxjep/Build/Products/Debug-iphonesimulator/Poem\ of\ the\ Day.app --plist-output /Users/stephenreitz/Library/Developer/Xcode/DerivedData/Poem_of_the_Day-eculcxybahbpacbbltzjqprhxjep/Build/Intermediates.noindex/Poem\ of\ the\ Day.build/Debug-iphonesimulator/Poem\ of\ the\ Day.build/assetcatalog_generated_info.plist
note: Emplaced /Users/stephenreitz/Library/Developer/Xcode/DerivedData/Poem_of_the_Day-eculcxybahbpacbbltzjqprhxjep/Build/Products/Debug-iphonesimulator/Poem of the Day.app/AppIcon60x60@2x.png (in target 'Poem of the Day' from project 'Poem of the Day')
note: Emplaced /Users/stephenreitz/Library/Developer/Xcode/DerivedData/Poem_of_the_Day-eculcxybahbpacbbltzjqprhxjep/Build/Products/Debug-iphonesimulator/Poem of the Day.app/Assets.car (in target 'Poem of the Day' from project 'Poem of the Day')
note: Emplaced /Users/stephenreitz/Library/Developer/Xcode/DerivedData/Poem_of_the_Day-eculcxybahbpacbbltzjqprhxjep/Build/Products/Debug-iphonesimulator/Poem of the Day.app/AppIcon76x76@2x~ipad.png (in target 'Poem of the Day' from project 'Poem of the Day')

ConstructStubExecutorLinkFileList /Users/stephenreitz/Library/Developer/Xcode/DerivedData/Poem_of_the_Day-eculcxybahbpacbbltzjqprhxjep/Build/Intermediates.noindex/Poem\ of\ the\ Day.build/Debug-iphonesimulator/Poem\ of\ the\ Day\ WidgetExtension.build/Poem\ of\ the\ Day\ WidgetExtension-ExecutorLinkFileList-normal-arm64.txt (in target 'Poem of the Day WidgetExtension' from project 'Poem of the Day')
    cd /Users/stephenreitz/Desktop/Swift-2048-test/Poem\ of\ the\ Day
    construct-stub-executor-link-file-list /Users/stephenreitz/Library/Developer/Xcode/DerivedData/Poem_of_the_Day-eculcxybahbpacbbltzjqprhxjep/Build/Products/Debug-iphonesimulator/Poem\ of\ the\ Day\ WidgetExtension.appex/Poem\ of\ the\ Day\ WidgetExtension.debug.dylib /Applications/Xcode.app/Contents/Developer/Platforms/iPhoneSimulator.platform/Developer/usr/lib/libPreviewsJITStubExecutor_no_swift_entry_point.a /Applications/Xcode.app/Contents/Developer/Platforms/iPhoneSimulator.platform/Developer/usr/lib/libPreviewsJITStubExecutor.a --output /Users/stephenreitz/Library/Developer/Xcode/DerivedData/Poem_of_the_Day-eculcxybahbpacbbltzjqprhxjep/Build/Intermediates.noindex/Poem\ of\ the\ Day.build/Debug-iphonesimulator/Poem\ of\ the\ Day\ WidgetExtension.build/Poem\ of\ the\ Day\ WidgetExtension-ExecutorLinkFileList-normal-arm64.txt
note: Using stub executor library with Swift entry point. (in target 'Poem of the Day WidgetExtension' from project 'Poem of the Day')

Ld /Users/stephenreitz/Library/Developer/Xcode/DerivedData/Poem_of_the_Day-eculcxybahbpacbbltzjqprhxjep/Build/Products/Debug-iphonesimulator/Poem\ of\ the\ Day\ WidgetExtension.appex/Poem\ of\ the\ Day\ WidgetExtension normal (in target 'Poem of the Day WidgetExtension' from project 'Poem of the Day')
    cd /Users/stephenreitz/Desktop/Swift-2048-test/Poem\ of\ the\ Day
    /Applications/Xcode.app/Contents/Developer/Toolchains/XcodeDefault.xctoolchain/usr/bin/clang -Xlinker -reproducible -target arm64-apple-ios26.0-simulator -isysroot /Applications/Xcode.app/Contents/Developer/Platforms/iPhoneSimulator.platform/Developer/SDKs/iPhoneSimulator26.1.sdk -O0 -L/Users/stephenreitz/Library/Developer/Xcode/DerivedData/Poem_of_the_Day-eculcxybahbpacbbltzjqprhxjep/Build/Products/Debug-iphonesimulator -F/Users/stephenreitz/Library/Developer/Xcode/DerivedData/Poem_of_the_Day-eculcxybahbpacbbltzjqprhxjep/Build/Products/Debug-iphonesimulator -Xlinker -rpath -Xlinker @executable_path -Xlinker -rpath -Xlinker @executable_path/Frameworks -Xlinker -rpath -Xlinker @executable_path/../../Frameworks -rdynamic -Xlinker -no_deduplicate -Xlinker -objc_abi_version -Xlinker 2 -e ___debug_blank_executor_main -Xlinker -sectcreate -Xlinker __TEXT -Xlinker __debug_dylib -Xlinker /Users/stephenreitz/Library/Developer/Xcode/DerivedData/Poem_of_the_Day-eculcxybahbpacbbltzjqprhxjep/Build/Intermediates.noindex/Poem\ of\ the\ Day.build/Debug-iphonesimulator/Poem\ of\ the\ Day\ WidgetExtension.build/Poem\ of\ the\ Day\ WidgetExtension-DebugDylibPath-normal-arm64.txt -Xlinker -sectcreate -Xlinker __TEXT -Xlinker __debug_entry -Xlinker /Users/stephenreitz/Library/Developer/Xcode/DerivedData/Poem_of_the_Day-eculcxybahbpacbbltzjqprhxjep/Build/Intermediates.noindex/Poem\ of\ the\ Day.build/Debug-iphonesimulator/Poem\ of\ the\ Day\ WidgetExtension.build/Poem\ of\ the\ Day\ WidgetExtension-DebugEntryPoint-normal-arm64.txt -Xlinker -sectcreate -Xlinker __TEXT -Xlinker __debug_instlnm -Xlinker /Users/stephenreitz/Library/Developer/Xcode/DerivedData/Poem_of_the_Day-eculcxybahbpacbbltzjqprhxjep/Build/Intermediates.noindex/Poem\ of\ the\ Day.build/Debug-iphonesimulator/Poem\ of\ the\ Day\ WidgetExtension.build/Poem\ of\ the\ Day\ WidgetExtension-DebugDylibInstallName-normal-arm64.txt -Xlinker -filelist -Xlinker /Users/stephenreitz/Library/Developer/Xcode/DerivedData/Poem_of_the_Day-eculcxybahbpacbbltzjqprhxjep/Build/Intermediates.noindex/Poem\ of\ the\ Day.build/Debug-iphonesimulator/Poem\ of\ the\ Day\ WidgetExtension.build/Poem\ of\ the\ Day\ WidgetExtension-ExecutorLinkFileList-normal-arm64.txt -Xlinker -sectcreate -Xlinker __TEXT -Xlinker __entitlements -Xlinker /Users/stephenreitz/Library/Developer/Xcode/DerivedData/Poem_of_the_Day-eculcxybahbpacbbltzjqprhxjep/Build/Intermediates.noindex/Poem\ of\ the\ Day.build/Debug-iphonesimulator/Poem\ of\ the\ Day\ WidgetExtension.build/Poem\ of\ the\ Day\ WidgetExtension.appex-Simulated.xcent -Xlinker -sectcreate -Xlinker __TEXT -Xlinker __ents_der -Xlinker /Users/stephenreitz/Library/Developer/Xcode/DerivedData/Poem_of_the_Day-eculcxybahbpacbbltzjqprhxjep/Build/Intermediates.noindex/Poem\ of\ the\ Day.build/Debug-iphonesimulator/Poem\ of\ the\ Day\ WidgetExtension.build/Poem\ of\ the\ Day\ WidgetExtension.appex-Simulated.xcent.der /Users/stephenreitz/Library/Developer/Xcode/DerivedData/Poem_of_the_Day-eculcxybahbpacbbltzjqprhxjep/Build/Products/Debug-iphonesimulator/Poem\ of\ the\ Day\ WidgetExtension.appex/Poem\ of\ the\ Day\ WidgetExtension.debug.dylib -Xlinker -no_adhoc_codesign -o /Users/stephenreitz/Library/Developer/Xcode/DerivedData/Poem_of_the_Day-eculcxybahbpacbbltzjqprhxjep/Build/Products/Debug-iphonesimulator/Poem\ of\ the\ Day\ WidgetExtension.appex/Poem\ of\ the\ Day\ WidgetExtension

ExtractAppIntentsMetadata (in target 'Poem of the Day WidgetExtension' from project 'Poem of the Day')
    cd /Users/stephenreitz/Desktop/Swift-2048-test/Poem\ of\ the\ Day
    /Applications/Xcode.app/Contents/Developer/Toolchains/XcodeDefault.xctoolchain/usr/bin/appintentsmetadataprocessor --toolchain-dir /Applications/Xcode.app/Contents/Developer/Toolchains/XcodeDefault.xctoolchain --module-name Poem_of_the_Day_WidgetExtension --sdk-root /Applications/Xcode.app/Contents/Developer/Platforms/iPhoneSimulator.platform/Developer/SDKs/iPhoneSimulator26.1.sdk --xcode-version 17B100 --platform-family iOS --deployment-target 26.0 --bundle-identifier Stevereitz.Poem-of-the-Day.Poem-of-the-Day-Widget --output /Users/stephenreitz/Library/Developer/Xcode/DerivedData/Poem_of_the_Day-eculcxybahbpacbbltzjqprhxjep/Build/Products/Debug-iphonesimulator/Poem\ of\ the\ Day\ WidgetExtension.appex --target-triple arm64-apple-ios26.0-simulator --binary-file /Users/stephenreitz/Library/Developer/Xcode/DerivedData/Poem_of_the_Day-eculcxybahbpacbbltzjqprhxjep/Build/Products/Debug-iphonesimulator/Poem\ of\ the\ Day\ WidgetExtension.appex/Poem\ of\ the\ Day\ WidgetExtension --dependency-file /Users/stephenreitz/Library/Developer/Xcode/DerivedData/Poem_of_the_Day-eculcxybahbpacbbltzjqprhxjep/Build/Intermediates.noindex/Poem\ of\ the\ Day.build/Debug-iphonesimulator/Poem\ of\ the\ Day\ WidgetExtension.build/Objects-normal/arm64/Poem\ of\ the\ Day\ WidgetExtension_dependency_info.dat --stringsdata-file /Users/stephenreitz/Library/Developer/Xcode/DerivedData/Poem_of_the_Day-eculcxybahbpacbbltzjqprhxjep/Build/Intermediates.noindex/Poem\ of\ the\ Day.build/Debug-iphonesimulator/Poem\ of\ the\ Day\ WidgetExtension.build/Objects-normal/arm64/ExtractedAppShortcutsMetadata.stringsdata --source-file-list /Users/stephenreitz/Library/Developer/Xcode/DerivedData/Poem_of_the_Day-eculcxybahbpacbbltzjqprhxjep/Build/Intermediates.noindex/Poem\ of\ the\ Day.build/Debug-iphonesimulator/Poem\ of\ the\ Day\ WidgetExtension.build/Objects-normal/arm64/Poem\ of\ the\ Day\ WidgetExtension.SwiftFileList --metadata-file-list /Users/stephenreitz/Library/Developer/Xcode/DerivedData/Poem_of_the_Day-eculcxybahbpacbbltzjqprhxjep/Build/Intermediates.noindex/Poem\ of\ the\ Day.build/Debug-iphonesimulator/Poem\ of\ the\ Day\ WidgetExtension.build/Poem\ of\ the\ Day\ WidgetExtension.DependencyMetadataFileList --static-metadata-file-list /Users/stephenreitz/Library/Developer/Xcode/DerivedData/Poem_of_the_Day-eculcxybahbpacbbltzjqprhxjep/Build/Intermediates.noindex/Poem\ of\ the\ Day.build/Debug-iphonesimulator/Poem\ of\ the\ Day\ WidgetExtension.build/Poem\ of\ the\ Day\ WidgetExtension.DependencyStaticMetadataFileList --swift-const-vals-list /Users/stephenreitz/Library/Developer/Xcode/DerivedData/Poem_of_the_Day-eculcxybahbpacbbltzjqprhxjep/Build/Intermediates.noindex/Poem\ of\ the\ Day.build/Debug-iphonesimulator/Poem\ of\ the\ Day\ WidgetExtension.build/Objects-normal/arm64/Poem\ of\ the\ Day\ WidgetExtension.SwiftConstValuesFileList --compile-time-extraction --deployment-aware-processing --validate-assistant-intents --no-app-shortcuts-localization
2025-11-25 15:00:40.972 appintentsmetadataprocessor[96737:14320451] Starting appintentsmetadataprocessor export
2025-11-25 15:00:41.151 appintentsmetadataprocessor[96737:14320451] Writing Metadata.appintents
2025-11-25 15:00:41.151 appintentsmetadataprocessor[96737:14320451] Metadata root: /Users/stephenreitz/Library/Developer/Xcode/DerivedData/Poem_of_the_Day-eculcxybahbpacbbltzjqprhxjep/Build/Products/Debug-iphonesimulator/Poem of the Day WidgetExtension.appex/Metadata.appintents

SwiftEmitModule normal arm64 Emitting\ module\ for\ Poem_of_the_Day (in target 'Poem of the Day' from project 'Poem of the Day')
EmitSwiftModule normal arm64 (in target 'Poem of the Day' from project 'Poem of the Day')
    cd /Users/stephenreitz/Desktop/Swift-2048-test/Poem\ of\ the\ Day
    
/Users/stephenreitz/Desktop/Swift-2048-test/Poem of the Day/Poem of the Day/Services/NotificationService.swift:53:5: warning: 'nonisolated' can not be applied to variable with non-'Sendable' type 'UserDefaults'; this is an error in the Swift 6 language mode
    nonisolated private let userDefaults: UserDefaults
    ^
/Applications/Xcode.app/Contents/Developer/Platforms/iPhoneSimulator.platform/Developer/SDKs/iPhoneSimulator26.1.sdk/System/Library/Frameworks/Foundation.framework/Headers/NSUserDefaults.h:49:12: note: class 'UserDefaults' does not conform to the 'Sendable' protocol
@interface NSUserDefaults : NSObject {
           ^

SwiftCompile normal arm64 Compiling\ NotificationService.swift /Users/stephenreitz/Desktop/Swift-2048-test/Poem\ of\ the\ Day/Poem\ of\ the\ Day/Services/NotificationService.swift (in target 'Poem of the Day' from project 'Poem of the Day')

SwiftCompile normal arm64 /Users/stephenreitz/Desktop/Swift-2048-test/Poem\ of\ the\ Day/Poem\ of\ the\ Day/Services/NotificationService.swift (in target 'Poem of the Day' from project 'Poem of the Day')
    cd /Users/stephenreitz/Desktop/Swift-2048-test/Poem\ of\ the\ Day
    
/Users/stephenreitz/Desktop/Swift-2048-test/Poem of the Day/Poem of the Day/Services/NotificationService.swift:53:5: warning: 'nonisolated' can not be applied to variable with non-'Sendable' type 'UserDefaults'; this is an error in the Swift 6 language mode
    nonisolated private let userDefaults: UserDefaults
    ^
/Applications/Xcode.app/Contents/Developer/Platforms/iPhoneSimulator.platform/Developer/SDKs/iPhoneSimulator26.1.sdk/System/Library/Frameworks/Foundation.framework/Headers/NSUserDefaults.h:49:12: note: class 'UserDefaults' does not conform to the 'Sendable' protocol
@interface NSUserDefaults : NSObject {
           ^
/Users/stephenreitz/Desktop/Swift-2048-test/Poem of the Day/Poem of the Day/Services/NotificationService.swift:156:26: warning: non-Sendable type 'UserDefaults' of property 'userDefaults' cannot exit nonisolated context; this is an error in the Swift 6 language mode
        guard let data = userDefaults.data(forKey: "notificationSettings"),
                         ^
/Applications/Xcode.app/Contents/Developer/Platforms/iPhoneSimulator.platform/Developer/SDKs/iPhoneSimulator26.1.sdk/System/Library/Frameworks/Foundation.framework/Headers/NSUserDefaults.h:49:12: note: class 'UserDefaults' does not conform to the 'Sendable' protocol
@interface NSUserDefaults : NSObject {
           ^
/Users/stephenreitz/Desktop/Swift-2048-test/Poem of the Day/Poem of the Day/Services/NotificationService.swift:165:9: warning: non-Sendable type 'UserDefaults' of property 'userDefaults' cannot exit nonisolated context; this is an error in the Swift 6 language mode
        userDefaults.set(data, forKey: "notificationSettings")
        ^
/Applications/Xcode.app/Contents/Developer/Platforms/iPhoneSimulator.platform/Developer/SDKs/iPhoneSimulator26.1.sdk/System/Library/Frameworks/Foundation.framework/Headers/NSUserDefaults.h:49:12: note: class 'UserDefaults' does not conform to the 'Sendable' protocol
@interface NSUserDefaults : NSObject {
           ^

SwiftCompile normal arm64 Compiling\ PoemRepository.swift /Users/stephenreitz/Desktop/Swift-2048-test/Poem\ of\ the\ Day/Poem\ of\ the\ Day/Services/PoemRepository.swift (in target 'Poem of the Day' from project 'Poem of the Day')

SwiftCompile normal arm64 /Users/stephenreitz/Desktop/Swift-2048-test/Poem\ of\ the\ Day/Poem\ of\ the\ Day/Services/PoemRepository.swift (in target 'Poem of the Day' from project 'Poem of the Day')
    cd /Users/stephenreitz/Desktop/Swift-2048-test/Poem\ of\ the\ Day
    

SwiftCompile normal arm64 Compiling\ GeneratedAssetSymbols.swift /Users/stephenreitz/Library/Developer/Xcode/DerivedData/Poem_of_the_Day-eculcxybahbpacbbltzjqprhxjep/Build/Intermediates.noindex/Poem\ of\ the\ Day.build/Debug-iphonesimulator/Poem\ of\ the\ Day.build/DerivedSources/GeneratedAssetSymbols.swift (in target 'Poem of the Day' from project 'Poem of the Day')

SwiftCompile normal arm64 /Users/stephenreitz/Library/Developer/Xcode/DerivedData/Poem_of_the_Day-eculcxybahbpacbbltzjqprhxjep/Build/Intermediates.noindex/Poem\ of\ the\ Day.build/Debug-iphonesimulator/Poem\ of\ the\ Day.build/DerivedSources/GeneratedAssetSymbols.swift (in target 'Poem of the Day' from project 'Poem of the Day')
    cd /Users/stephenreitz/Desktop/Swift-2048-test/Poem\ of\ the\ Day
    

SwiftCompile normal arm64 Compiling\ VibeModels.swift /Users/stephenreitz/Desktop/Swift-2048-test/Poem\ of\ the\ Day/Poem\ of\ the\ Day/Models/VibeModels.swift (in target 'Poem of the Day' from project 'Poem of the Day')

SwiftCompile normal arm64 /Users/stephenreitz/Desktop/Swift-2048-test/Poem\ of\ the\ Day/Poem\ of\ the\ Day/Models/VibeModels.swift (in target 'Poem of the Day' from project 'Poem of the Day')
    cd /Users/stephenreitz/Desktop/Swift-2048-test/Poem\ of\ the\ Day
    

SwiftCompile normal arm64 Compiling\ NewsService.swift /Users/stephenreitz/Desktop/Swift-2048-test/Poem\ of\ the\ Day/Poem\ of\ the\ Day/Services/NewsService.swift (in target 'Poem of the Day' from project 'Poem of the Day')

SwiftCompile normal arm64 /Users/stephenreitz/Desktop/Swift-2048-test/Poem\ of\ the\ Day/Poem\ of\ the\ Day/Services/NewsService.swift (in target 'Poem of the Day' from project 'Poem of the Day')
    cd /Users/stephenreitz/Desktop/Swift-2048-test/Poem\ of\ the\ Day
    

SwiftCompile normal arm64 Compiling\ VibeGenerationView.swift /Users/stephenreitz/Desktop/Swift-2048-test/Poem\ of\ the\ Day/Poem\ of\ the\ Day/Views/Screens/VibeGenerationView.swift (in target 'Poem of the Day' from project 'Poem of the Day')

SwiftCompile normal arm64 /Users/stephenreitz/Desktop/Swift-2048-test/Poem\ of\ the\ Day/Poem\ of\ the\ Day/Views/Screens/VibeGenerationView.swift (in target 'Poem of the Day' from project 'Poem of the Day')
    cd /Users/stephenreitz/Desktop/Swift-2048-test/Poem\ of\ the\ Day
    

SwiftCompile normal arm64 Compiling\ PoemViewModel.swift /Users/stephenreitz/Desktop/Swift-2048-test/Poem\ of\ the\ Day/Poem\ of\ the\ Day/ViewModels/PoemViewModel.swift (in target 'Poem of the Day' from project 'Poem of the Day')

SwiftCompile normal arm64 /Users/stephenreitz/Desktop/Swift-2048-test/Poem\ of\ the\ Day/Poem\ of\ the\ Day/ViewModels/PoemViewModel.swift (in target 'Poem of the Day' from project 'Poem of the Day')
    cd /Users/stephenreitz/Desktop/Swift-2048-test/Poem\ of\ the\ Day
    
/Users/stephenreitz/Desktop/Swift-2048-test/Poem of the Day/Poem of the Day/ViewModels/PoemViewModel.swift:75:19: warning: constant 'poemTask' inferred to have type '()', which may be unexpected
        async let poemTask = loadDailyPoem()
                  ^
/Users/stephenreitz/Desktop/Swift-2048-test/Poem of the Day/Poem of the Day/ViewModels/PoemViewModel.swift:75:19: note: add an explicit type annotation to silence this warning
        async let poemTask = loadDailyPoem()
                  ^
                          : ()
/Users/stephenreitz/Desktop/Swift-2048-test/Poem of the Day/Poem of the Day/ViewModels/PoemViewModel.swift:76:19: warning: constant 'favoritesTask' inferred to have type '()', which may be unexpected
        async let favoritesTask = loadFavorites()
                  ^
/Users/stephenreitz/Desktop/Swift-2048-test/Poem of the Day/Poem of the Day/ViewModels/PoemViewModel.swift:76:19: note: add an explicit type annotation to silence this warning
        async let favoritesTask = loadFavorites()
                  ^
                               : ()
/Users/stephenreitz/Desktop/Swift-2048-test/Poem of the Day/Poem of the Day/ViewModels/PoemViewModel.swift:77:19: warning: constant 'aiAvailabilityTask' inferred to have type '()', which may be unexpected
        async let aiAvailabilityTask = checkAIAvailability()
                  ^
/Users/stephenreitz/Desktop/Swift-2048-test/Poem of the Day/Poem of the Day/ViewModels/PoemViewModel.swift:77:19: note: add an explicit type annotation to silence this warning
        async let aiAvailabilityTask = checkAIAvailability()
                  ^
                                    : ()
/Users/stephenreitz/Desktop/Swift-2048-test/Poem of the Day/Poem of the Day/ViewModels/PoemViewModel.swift:78:19: warning: constant 'vibeTask' inferred to have type '()', which may be unexpected
        async let vibeTask = loadDailyVibe()
                  ^
/Users/stephenreitz/Desktop/Swift-2048-test/Poem of the Day/Poem of the Day/ViewModels/PoemViewModel.swift:78:19: note: add an explicit type annotation to silence this warning
        async let vibeTask = loadDailyVibe()
                  ^
                          : ()

SwiftCompile normal arm64 Compiling\ DependencyContainer.swift /Users/stephenreitz/Desktop/Swift-2048-test/Poem\ of\ the\ Day/Poem\ of\ the\ Day/Core/DependencyContainer.swift (in target 'Poem of the Day' from project 'Poem of the Day')

SwiftCompile normal arm64 /Users/stephenreitz/Desktop/Swift-2048-test/Poem\ of\ the\ Day/Poem\ of\ the\ Day/Core/DependencyContainer.swift (in target 'Poem of the Day' from project 'Poem of the Day')
    cd /Users/stephenreitz/Desktop/Swift-2048-test/Poem\ of\ the\ Day
    

SwiftCompile normal arm64 Compiling\ VibeAnalyzer.swift /Users/stephenreitz/Desktop/Swift-2048-test/Poem\ of\ the\ Day/Poem\ of\ the\ Day/Services/VibeAnalyzer.swift (in target 'Poem of the Day' from project 'Poem of the Day')

SwiftCompile normal arm64 /Users/stephenreitz/Desktop/Swift-2048-test/Poem\ of\ the\ Day/Poem\ of\ the\ Day/Services/VibeAnalyzer.swift (in target 'Poem of the Day' from project 'Poem of the Day')
    cd /Users/stephenreitz/Desktop/Swift-2048-test/Poem\ of\ the\ Day
    

SwiftDriverJobDiscovery normal arm64 Compiling GeneratedAssetSymbols.swift (in target 'Poem of the Day' from project 'Poem of the Day')

SwiftDriverJobDiscovery normal arm64 Compiling DependencyContainer.swift (in target 'Poem of the Day' from project 'Poem of the Day')

SwiftDriverJobDiscovery normal arm64 Compiling PoemViewModel.swift (in target 'Poem of the Day' from project 'Poem of the Day')

SwiftDriverJobDiscovery normal arm64 Compiling PoemRepository.swift (in target 'Poem of the Day' from project 'Poem of the Day')

SwiftDriverJobDiscovery normal arm64 Compiling NotificationService.swift (in target 'Poem of the Day' from project 'Poem of the Day')

SwiftDriverJobDiscovery normal arm64 Compiling VibeModels.swift (in target 'Poem of the Day' from project 'Poem of the Day')

SwiftDriverJobDiscovery normal arm64 Compiling NewsService.swift (in target 'Poem of the Day' from project 'Poem of the Day')

SwiftDriverJobDiscovery normal arm64 Compiling VibeAnalyzer.swift (in target 'Poem of the Day' from project 'Poem of the Day')

SwiftDriverJobDiscovery normal arm64 Compiling VibeGenerationView.swift (in target 'Poem of the Day' from project 'Poem of the Day')

CodeSign /Users/stephenreitz/Library/Developer/Xcode/DerivedData/Poem_of_the_Day-eculcxybahbpacbbltzjqprhxjep/Build/Products/Debug-iphonesimulator/Poem\ of\ the\ Day\ WidgetExtension.appex/Poem\ of\ the\ Day\ WidgetExtension.debug.dylib (in target 'Poem of the Day WidgetExtension' from project 'Poem of the Day')
    cd /Users/stephenreitz/Desktop/Swift-2048-test/Poem\ of\ the\ Day
    
    Signing Identity:     "Sign to Run Locally"
    
    /usr/bin/codesign --force --sign - --timestamp\=none --generate-entitlement-der /Users/stephenreitz/Library/Developer/Xcode/DerivedData/Poem_of_the_Day-eculcxybahbpacbbltzjqprhxjep/Build/Products/Debug-iphonesimulator/Poem\ of\ the\ Day\ WidgetExtension.appex/Poem\ of\ the\ Day\ WidgetExtension.debug.dylib

CodeSign /Users/stephenreitz/Library/Developer/Xcode/DerivedData/Poem_of_the_Day-eculcxybahbpacbbltzjqprhxjep/Build/Products/Debug-iphonesimulator/Poem\ of\ the\ Day\ WidgetExtension.appex/__preview.dylib (in target 'Poem of the Day WidgetExtension' from project 'Poem of the Day')
    cd /Users/stephenreitz/Desktop/Swift-2048-test/Poem\ of\ the\ Day
    
    Signing Identity:     "Sign to Run Locally"
    
    /usr/bin/codesign --force --sign - --timestamp\=none --generate-entitlement-der /Users/stephenreitz/Library/Developer/Xcode/DerivedData/Poem_of_the_Day-eculcxybahbpacbbltzjqprhxjep/Build/Products/Debug-iphonesimulator/Poem\ of\ the\ Day\ WidgetExtension.appex/__preview.dylib
/Users/stephenreitz/Library/Developer/Xcode/DerivedData/Poem_of_the_Day-eculcxybahbpacbbltzjqprhxjep/Build/Products/Debug-iphonesimulator/Poem of the Day WidgetExtension.appex/__preview.dylib: replacing existing signature

CodeSign /Users/stephenreitz/Library/Developer/Xcode/DerivedData/Poem_of_the_Day-eculcxybahbpacbbltzjqprhxjep/Build/Products/Debug-iphonesimulator/Poem\ of\ the\ Day\ WidgetExtension.appex (in target 'Poem of the Day WidgetExtension' from project 'Poem of the Day')
    cd /Users/stephenreitz/Desktop/Swift-2048-test/Poem\ of\ the\ Day
    
    Signing Identity:     "Sign to Run Locally"
    
    /usr/bin/codesign --force --sign - --entitlements /Users/stephenreitz/Library/Developer/Xcode/DerivedData/Poem_of_the_Day-eculcxybahbpacbbltzjqprhxjep/Build/Intermediates.noindex/Poem\ of\ the\ Day.build/Debug-iphonesimulator/Poem\ of\ the\ Day\ WidgetExtension.build/Poem\ of\ the\ Day\ WidgetExtension.appex.xcent --timestamp\=none --generate-entitlement-der /Users/stephenreitz/Library/Developer/Xcode/DerivedData/Poem_of_the_Day-eculcxybahbpacbbltzjqprhxjep/Build/Products/Debug-iphonesimulator/Poem\ of\ the\ Day\ WidgetExtension.appex

CpResource /Users/stephenreitz/Library/Developer/Xcode/DerivedData/Poem_of_the_Day-eculcxybahbpacbbltzjqprhxjep/Build/Products/Debug-iphonesimulator/Poem\ of\ the\ Day.app/BAZEL_MIGRATION.md /Users/stephenreitz/Desktop/Swift-2048-test/Poem\ of\ the\ Day/BAZEL_MIGRATION.md (in target 'Poem of the Day' from project 'Poem of the Day')
    cd /Users/stephenreitz/Desktop/Swift-2048-test/Poem\ of\ the\ Day
    builtin-copy -exclude .DS_Store -exclude CVS -exclude .svn -exclude .git -exclude .hg -resolve-src-symlinks /Users/stephenreitz/Desktop/Swift-2048-test/Poem\ of\ the\ Day/BAZEL_MIGRATION.md /Users/stephenreitz/Library/Developer/Xcode/DerivedData/Poem_of_the_Day-eculcxybahbpacbbltzjqprhxjep/Build/Products/Debug-iphonesimulator/Poem\ of\ the\ Day.app

CpResource /Users/stephenreitz/Library/Developer/Xcode/DerivedData/Poem_of_the_Day-eculcxybahbpacbbltzjqprhxjep/Build/Products/Debug-iphonesimulator/Poem\ of\ the\ Day.app/BAZEL_SETUP_SUMMARY.md /Users/stephenreitz/Desktop/Swift-2048-test/Poem\ of\ the\ Day/BAZEL_SETUP_SUMMARY.md (in target 'Poem of the Day' from project 'Poem of the Day')
    cd /Users/stephenreitz/Desktop/Swift-2048-test/Poem\ of\ the\ Day
    builtin-copy -exclude .DS_Store -exclude CVS -exclude .svn -exclude .git -exclude .hg -resolve-src-symlinks /Users/stephenreitz/Desktop/Swift-2048-test/Poem\ of\ the\ Day/BAZEL_SETUP_SUMMARY.md /Users/stephenreitz/Library/Developer/Xcode/DerivedData/Poem_of_the_Day-eculcxybahbpacbbltzjqprhxjep/Build/Products/Debug-iphonesimulator/Poem\ of\ the\ Day.app

CpResource /Users/stephenreitz/Library/Developer/Xcode/DerivedData/Poem_of_the_Day-eculcxybahbpacbbltzjqprhxjep/Build/Products/Debug-iphonesimulator/Poem\ of\ the\ Day.app/BAZEL_ARCHITECTURE.md /Users/stephenreitz/Desktop/Swift-2048-test/Poem\ of\ the\ Day/BAZEL_ARCHITECTURE.md (in target 'Poem of the Day' from project 'Poem of the Day')
    cd /Users/stephenreitz/Desktop/Swift-2048-test/Poem\ of\ the\ Day
    builtin-copy -exclude .DS_Store -exclude CVS -exclude .svn -exclude .git -exclude .hg -resolve-src-symlinks /Users/stephenreitz/Desktop/Swift-2048-test/Poem\ of\ the\ Day/BAZEL_ARCHITECTURE.md /Users/stephenreitz/Library/Developer/Xcode/DerivedData/Poem_of_the_Day-eculcxybahbpacbbltzjqprhxjep/Build/Products/Debug-iphonesimulator/Poem\ of\ the\ Day.app

CpResource /Users/stephenreitz/Library/Developer/Xcode/DerivedData/Poem_of_the_Day-eculcxybahbpacbbltzjqprhxjep/Build/Products/Debug-iphonesimulator/Poem\ of\ the\ Day.app/.gitignore\ 2 /Users/stephenreitz/Desktop/Swift-2048-test/Poem\ of\ the\ Day/.gitignore\ 2 (in target 'Poem of the Day' from project 'Poem of the Day')
    cd /Users/stephenreitz/Desktop/Swift-2048-test/Poem\ of\ the\ Day
    builtin-copy -exclude .DS_Store -exclude CVS -exclude .svn -exclude .git -exclude .hg -resolve-src-symlinks /Users/stephenreitz/Desktop/Swift-2048-test/Poem\ of\ the\ Day/.gitignore\ 2 /Users/stephenreitz/Library/Developer/Xcode/DerivedData/Poem_of_the_Day-eculcxybahbpacbbltzjqprhxjep/Build/Products/Debug-iphonesimulator/Poem\ of\ the\ Day.app

CpResource /Users/stephenreitz/Library/Developer/Xcode/DerivedData/Poem_of_the_Day-eculcxybahbpacbbltzjqprhxjep/Build/Products/Debug-iphonesimulator/Poem\ of\ the\ Day.app/.bazelversion\ 2 /Users/stephenreitz/Desktop/Swift-2048-test/Poem\ of\ the\ Day/.bazelversion\ 2 (in target 'Poem of the Day' from project 'Poem of the Day')
    cd /Users/stephenreitz/Desktop/Swift-2048-test/Poem\ of\ the\ Day
    builtin-copy -exclude .DS_Store -exclude CVS -exclude .svn -exclude .git -exclude .hg -resolve-src-symlinks /Users/stephenreitz/Desktop/Swift-2048-test/Poem\ of\ the\ Day/.bazelversion\ 2 /Users/stephenreitz/Library/Developer/Xcode/DerivedData/Poem_of_the_Day-eculcxybahbpacbbltzjqprhxjep/Build/Products/Debug-iphonesimulator/Poem\ of\ the\ Day.app

SwiftDriverJobDiscovery normal arm64 Emitting module for Poem_of_the_Day (in target 'Poem of the Day' from project 'Poem of the Day')

SwiftVerifyEmittedModuleInterface normal arm64 Verifying\ emitted\ module\ interface\ Poem_of_the_Day.private.swiftinterface /Users/stephenreitz/Library/Developer/Xcode/DerivedData/Poem_of_the_Day-eculcxybahbpacbbltzjqprhxjep/Build/Intermediates.noindex/Poem\ of\ the\ Day.build/Debug-iphonesimulator/Poem\ of\ the\ Day.build/Objects-normal/arm64/Poem_of_the_Day.private.swiftinterface (in target 'Poem of the Day' from project 'Poem of the Day')

SwiftVerifyEmittedModuleInterface normal arm64 Verifying\ emitted\ module\ interface\ Poem_of_the_Day.swiftinterface /Users/stephenreitz/Library/Developer/Xcode/DerivedData/Poem_of_the_Day-eculcxybahbpacbbltzjqprhxjep/Build/Intermediates.noindex/Poem\ of\ the\ Day.build/Debug-iphonesimulator/Poem\ of\ the\ Day.build/Objects-normal/arm64/Poem_of_the_Day.swiftinterface (in target 'Poem of the Day' from project 'Poem of the Day')

SwiftDriver\ Compilation\ Requirements Poem\ of\ the\ Day normal arm64 com.apple.xcode.tools.swift.compiler (in target 'Poem of the Day' from project 'Poem of the Day')
    cd /Users/stephenreitz/Desktop/Swift-2048-test/Poem\ of\ the\ Day
    builtin-Swift-Compilation-Requirements -- /Applications/Xcode.app/Contents/Developer/Toolchains/XcodeDefault.xctoolchain/usr/bin/swiftc -module-name Poem_of_the_Day -Onone -enforce-exclusivity\=checked @/Users/stephenreitz/Library/Developer/Xcode/DerivedData/Poem_of_the_Day-eculcxybahbpacbbltzjqprhxjep/Build/Intermediates.noindex/Poem\ of\ the\ Day.build/Debug-iphonesimulator/Poem\ of\ the\ Day.build/Objects-normal/arm64/Poem\ of\ the\ Day.SwiftFileList -DDEBUG -enable-bare-slash-regex -enable-experimental-feature DebugDescriptionMacro -sdk /Applications/Xcode.app/Contents/Developer/Platforms/iPhoneSimulator.platform/Developer/SDKs/iPhoneSimulator26.1.sdk -target arm64-apple-ios26.0-simulator -g -module-cache-path /Users/stephenreitz/Library/Developer/Xcode/DerivedData/ModuleCache.noindex -Xfrontend -serialize-debugging-options -enable-testing -index-store-path /Users/stephenreitz/Library/Developer/Xcode/DerivedData/Poem_of_the_Day-eculcxybahbpacbbltzjqprhxjep/Index.noindex/DataStore -enable-library-evolution -Xcc -D_LIBCPP_HARDENING_MODE\=_LIBCPP_HARDENING_MODE_DEBUG -swift-version 5 -I /Users/stephenreitz/Library/Developer/Xcode/DerivedData/Poem_of_the_Day-eculcxybahbpacbbltzjqprhxjep/Build/Products/Debug-iphonesimulator -F /Users/stephenreitz/Library/Developer/Xcode/DerivedData/Poem_of_the_Day-eculcxybahbpacbbltzjqprhxjep/Build/Products/Debug-iphonesimulator -emit-localized-strings -emit-localized-strings-path /Users/stephenreitz/Library/Developer/Xcode/DerivedData/Poem_of_the_Day-eculcxybahbpacbbltzjqprhxjep/Build/Intermediates.noindex/Poem\ of\ the\ Day.build/Debug-iphonesimulator/Poem\ of\ the\ Day.build/Objects-normal/arm64 -c -j12 -enable-batch-mode -incremental -Xcc -ivfsstatcache -Xcc /Users/stephenreitz/Library/Developer/Xcode/DerivedData/SDKStatCaches.noindex/iphonesimulator26.1-23B77-90cf18a4295e390e64c810bc6bd7acbc.sdkstatcache -output-file-map /Users/stephenreitz/Library/Developer/Xcode/DerivedData/Poem_of_the_Day-eculcxybahbpacbbltzjqprhxjep/Build/Intermediates.noindex/Poem\ of\ the\ Day.build/Debug-iphonesimulator/Poem\ of\ the\ Day.build/Objects-normal/arm64/Poem\ of\ the\ Day-OutputFileMap.json -use-frontend-parseable-output -save-temps -no-color-diagnostics -explicit-module-build -module-cache-path /Users/stephenreitz/Library/Developer/Xcode/DerivedData/Poem_of_the_Day-eculcxybahbpacbbltzjqprhxjep/Build/Intermediates.noindex/SwiftExplicitPrecompiledModules -clang-scanner-module-cache-path /Users/stephenreitz/Library/Developer/Xcode/DerivedData/ModuleCache.noindex -sdk-module-cache-path /Users/stephenreitz/Library/Developer/Xcode/DerivedData/ModuleCache.noindex -serialize-diagnostics -emit-dependencies -emit-module -emit-module-path /Users/stephenreitz/Library/Developer/Xcode/DerivedData/Poem_of_the_Day-eculcxybahbpacbbltzjqprhxjep/Build/Intermediates.noindex/Poem\ of\ the\ Day.build/Debug-iphonesimulator/Poem\ of\ the\ Day.build/Objects-normal/arm64/Poem_of_the_Day.swiftmodule -emit-module-interface-path /Users/stephenreitz/Library/Developer/Xcode/DerivedData/Poem_of_the_Day-eculcxybahbpacbbltzjqprhxjep/Build/Intermediates.noindex/Poem\ of\ the\ Day.build/Debug-iphonesimulator/Poem\ of\ the\ Day.build/Objects-normal/arm64/Poem_of_the_Day.swiftinterface -emit-private-module-interface-path /Users/stephenreitz/Library/Developer/Xcode/DerivedData/Poem_of_the_Day-eculcxybahbpacbbltzjqprhxjep/Build/Intermediates.noindex/Poem\ of\ the\ Day.build/Debug-iphonesimulator/Poem\ of\ the\ Day.build/Objects-normal/arm64/Poem_of_the_Day.private.swiftinterface -validate-clang-modules-once -clang-build-session-file /Users/stephenreitz/Library/Developer/Xcode/DerivedData/ModuleCache.noindex/Session.modulevalidation -Xcc -I/Users/stephenreitz/Library/Developer/Xcode/DerivedData/Poem_of_the_Day-eculcxybahbpacbbltzjqprhxjep/Build/Intermediates.noindex/Poem\ of\ the\ Day.build/Debug-iphonesimulator/Poem\ of\ the\ Day.build/swift-overrides.hmap -emit-const-values -Xfrontend -const-gather-protocols-file -Xfrontend /Users/stephenreitz/Library/Developer/Xcode/DerivedData/Poem_of_the_Day-eculcxybahbpacbbltzjqprhxjep/Build/Intermediates.noindex/Poem\ of\ the\ Day.build/Debug-iphonesimulator/Poem\ of\ the\ Day.build/Objects-normal/arm64/Poem\ of\ the\ Day_const_extract_protocols.json -Xcc -iquote -Xcc /Users/stephenreitz/Library/Developer/Xcode/DerivedData/Poem_of_the_Day-eculcxybahbpacbbltzjqprhxjep/Build/Intermediates.noindex/Poem\ of\ the\ Day.build/Debug-iphonesimulator/Poem\ of\ the\ Day.build/Poem\ of\ the\ Day-generated-files.hmap -Xcc -I/Users/stephenreitz/Library/Developer/Xcode/DerivedData/Poem_of_the_Day-eculcxybahbpacbbltzjqprhxjep/Build/Intermediates.noindex/Poem\ of\ the\ Day.build/Debug-iphonesimulator/Poem\ of\ the\ Day.build/Poem\ of\ the\ Day-own-target-headers.hmap -Xcc -I/Users/stephenreitz/Library/Developer/Xcode/DerivedData/Poem_of_the_Day-eculcxybahbpacbbltzjqprhxjep/Build/Intermediates.noindex/Poem\ of\ the\ Day.build/Debug-iphonesimulator/Poem\ of\ the\ Day.build/Poem\ of\ the\ Day-all-target-headers.hmap -Xcc -iquote -Xcc /Users/stephenreitz/Library/Developer/Xcode/DerivedData/Poem_of_the_Day-eculcxybahbpacbbltzjqprhxjep/Build/Intermediates.noindex/Poem\ of\ the\ Day.build/Debug-iphonesimulator/Poem\ of\ the\ Day.build/Poem\ of\ the\ Day-project-headers.hmap -Xcc -I/Users/stephenreitz/Library/Developer/Xcode/DerivedData/Poem_of_the_Day-eculcxybahbpacbbltzjqprhxjep/Build/Products/Debug-iphonesimulator/include -Xcc -I/Users/stephenreitz/Library/Developer/Xcode/DerivedData/Poem_of_the_Day-eculcxybahbpacbbltzjqprhxjep/Build/Intermediates.noindex/Poem\ of\ the\ Day.build/Debug-iphonesimulator/Poem\ of\ the\ Day.build/DerivedSources-normal/arm64 -Xcc -I/Users/stephenreitz/Library/Developer/Xcode/DerivedData/Poem_of_the_Day-eculcxybahbpacbbltzjqprhxjep/Build/Intermediates.noindex/Poem\ of\ the\ Day.build/Debug-iphonesimulator/Poem\ of\ the\ Day.build/DerivedSources/arm64 -Xcc -I/Users/stephenreitz/Library/Developer/Xcode/DerivedData/Poem_of_the_Day-eculcxybahbpacbbltzjqprhxjep/Build/Intermediates.noindex/Poem\ of\ the\ Day.build/Debug-iphonesimulator/Poem\ of\ the\ Day.build/DerivedSources -Xcc -DDEBUG\=1 -emit-objc-header -emit-objc-header-path /Users/stephenreitz/Library/Developer/Xcode/DerivedData/Poem_of_the_Day-eculcxybahbpacbbltzjqprhxjep/Build/Intermediates.noindex/Poem\ of\ the\ Day.build/Debug-iphonesimulator/Poem\ of\ the\ Day.build/Objects-normal/arm64/Poem_of_the_Day-Swift.h -working-directory /Users/stephenreitz/Desktop/Swift-2048-test/Poem\ of\ the\ Day -experimental-emit-module-separately -disable-cmo

Copy /Users/stephenreitz/Library/Developer/Xcode/DerivedData/Poem_of_the_Day-eculcxybahbpacbbltzjqprhxjep/Build/Products/Debug-iphonesimulator/Poem_of_the_Day.swiftmodule/Project/arm64-apple-ios-simulator.swiftsourceinfo /Users/stephenreitz/Library/Developer/Xcode/DerivedData/Poem_of_the_Day-eculcxybahbpacbbltzjqprhxjep/Build/Intermediates.noindex/Poem\ of\ the\ Day.build/Debug-iphonesimulator/Poem\ of\ the\ Day.build/Objects-normal/arm64/Poem_of_the_Day.swiftsourceinfo (in target 'Poem of the Day' from project 'Poem of the Day')
    cd /Users/stephenreitz/Desktop/Swift-2048-test/Poem\ of\ the\ Day
    builtin-copy -exclude .DS_Store -exclude CVS -exclude .svn -exclude .git -exclude .hg -resolve-src-symlinks -rename /Users/stephenreitz/Library/Developer/Xcode/DerivedData/Poem_of_the_Day-eculcxybahbpacbbltzjqprhxjep/Build/Intermediates.noindex/Poem\ of\ the\ Day.build/Debug-iphonesimulator/Poem\ of\ the\ Day.build/Objects-normal/arm64/Poem_of_the_Day.swiftsourceinfo /Users/stephenreitz/Library/Developer/Xcode/DerivedData/Poem_of_the_Day-eculcxybahbpacbbltzjqprhxjep/Build/Products/Debug-iphonesimulator/Poem_of_the_Day.swiftmodule/Project/arm64-apple-ios-simulator.swiftsourceinfo

Copy /Users/stephenreitz/Library/Developer/Xcode/DerivedData/Poem_of_the_Day-eculcxybahbpacbbltzjqprhxjep/Build/Products/Debug-iphonesimulator/Poem_of_the_Day.swiftmodule/arm64-apple-ios-simulator.abi.json /Users/stephenreitz/Library/Developer/Xcode/DerivedData/Poem_of_the_Day-eculcxybahbpacbbltzjqprhxjep/Build/Intermediates.noindex/Poem\ of\ the\ Day.build/Debug-iphonesimulator/Poem\ of\ the\ Day.build/Objects-normal/arm64/Poem_of_the_Day.abi.json (in target 'Poem of the Day' from project 'Poem of the Day')
    cd /Users/stephenreitz/Desktop/Swift-2048-test/Poem\ of\ the\ Day
    builtin-copy -exclude .DS_Store -exclude CVS -exclude .svn -exclude .git -exclude .hg -resolve-src-symlinks -rename /Users/stephenreitz/Library/Developer/Xcode/DerivedData/Poem_of_the_Day-eculcxybahbpacbbltzjqprhxjep/Build/Intermediates.noindex/Poem\ of\ the\ Day.build/Debug-iphonesimulator/Poem\ of\ the\ Day.build/Objects-normal/arm64/Poem_of_the_Day.abi.json /Users/stephenreitz/Library/Developer/Xcode/DerivedData/Poem_of_the_Day-eculcxybahbpacbbltzjqprhxjep/Build/Products/Debug-iphonesimulator/Poem_of_the_Day.swiftmodule/arm64-apple-ios-simulator.abi.json

SwiftDriver Poem\ of\ the\ DayTests normal arm64 com.apple.xcode.tools.swift.compiler (in target 'Poem of the DayTests' from project 'Poem of the Day')
    cd /Users/stephenreitz/Desktop/Swift-2048-test/Poem\ of\ the\ Day
    builtin-SwiftDriver -- /Applications/Xcode.app/Contents/Developer/Toolchains/XcodeDefault.xctoolchain/usr/bin/swiftc -module-name Poem_of_the_DayTests -Onone -enforce-exclusivity\=checked @/Users/stephenreitz/Library/Developer/Xcode/DerivedData/Poem_of_the_Day-eculcxybahbpacbbltzjqprhxjep/Build/Intermediates.noindex/Poem\ of\ the\ Day.build/Debug-iphonesimulator/Poem\ of\ the\ DayTests.build/Objects-normal/arm64/Poem\ of\ the\ DayTests.SwiftFileList -DDEBUG -plugin-path /Applications/Xcode.app/Contents/Developer/Toolchains/XcodeDefault.xctoolchain/usr/lib/swift/host/plugins/testing -enable-bare-slash-regex -enable-experimental-feature DebugDescriptionMacro -sdk /Applications/Xcode.app/Contents/Developer/Platforms/iPhoneSimulator.platform/Developer/SDKs/iPhoneSimulator26.1.sdk -target arm64-apple-ios26.0-simulator -g -module-cache-path /Users/stephenreitz/Library/Developer/Xcode/DerivedData/ModuleCache.noindex -Xfrontend -serialize-debugging-options -enable-testing -index-store-path /Users/stephenreitz/Library/Developer/Xcode/DerivedData/Poem_of_the_Day-eculcxybahbpacbbltzjqprhxjep/Index.noindex/DataStore -Xcc -D_LIBCPP_HARDENING_MODE\=_LIBCPP_HARDENING_MODE_DEBUG -swift-version 5 -I /Users/stephenreitz/Library/Developer/Xcode/DerivedData/Poem_of_the_Day-eculcxybahbpacbbltzjqprhxjep/Build/Products/Debug-iphonesimulator -Isystem /Applications/Xcode.app/Contents/Developer/Platforms/iPhoneSimulator.platform/Developer/usr/lib -F /Users/stephenreitz/Library/Developer/Xcode/DerivedData/Poem_of_the_Day-eculcxybahbpacbbltzjqprhxjep/Build/Products/Debug-iphonesimulator -F /Applications/Xcode.app/Contents/Developer/Platforms/iPhoneSimulator.platform/Developer/Library/Frameworks -F /Applications/Xcode.app/Contents/Developer/Platforms/iPhoneSimulator.platform/Developer/SDKs/iPhoneSimulator26.1.sdk/Developer/Library/Frameworks -c -j12 -enable-batch-mode -incremental -Xcc -ivfsstatcache -Xcc /Users/stephenreitz/Library/Developer/Xcode/DerivedData/SDKStatCaches.noindex/iphonesimulator26.1-23B77-90cf18a4295e390e64c810bc6bd7acbc.sdkstatcache -output-file-map /Users/stephenreitz/Library/Developer/Xcode/DerivedData/Poem_of_the_Day-eculcxybahbpacbbltzjqprhxjep/Build/Intermediates.noindex/Poem\ of\ the\ Day.build/Debug-iphonesimulator/Poem\ of\ the\ DayTests.build/Objects-normal/arm64/Poem\ of\ the\ DayTests-OutputFileMap.json -use-frontend-parseable-output -save-temps -no-color-diagnostics -explicit-module-build -module-cache-path /Users/stephenreitz/Library/Developer/Xcode/DerivedData/Poem_of_the_Day-eculcxybahbpacbbltzjqprhxjep/Build/Intermediates.noindex/SwiftExplicitPrecompiledModules -clang-scanner-module-cache-path /Users/stephenreitz/Library/Developer/Xcode/DerivedData/ModuleCache.noindex -sdk-module-cache-path /Users/stephenreitz/Library/Developer/Xcode/DerivedData/ModuleCache.noindex -serialize-diagnostics -emit-dependencies -emit-module -emit-module-path /Users/stephenreitz/Library/Developer/Xcode/DerivedData/Poem_of_the_Day-eculcxybahbpacbbltzjqprhxjep/Build/Intermediates.noindex/Poem\ of\ the\ Day.build/Debug-iphonesimulator/Poem\ of\ the\ DayTests.build/Objects-normal/arm64/Poem_of_the_DayTests.swiftmodule -validate-clang-modules-once -clang-build-session-file /Users/stephenreitz/Library/Developer/Xcode/DerivedData/ModuleCache.noindex/Session.modulevalidation -Xcc -I/Users/stephenreitz/Library/Developer/Xcode/DerivedData/Poem_of_the_Day-eculcxybahbpacbbltzjqprhxjep/Build/Intermediates.noindex/Poem\ of\ the\ Day.build/Debug-iphonesimulator/Poem\ of\ the\ DayTests.build/swift-overrides.hmap -emit-const-values -Xfrontend -const-gather-protocols-file -Xfrontend /Users/stephenreitz/Library/Developer/Xcode/DerivedData/Poem_of_the_Day-eculcxybahbpacbbltzjqprhxjep/Build/Intermediates.noindex/Poem\ of\ the\ Day.build/Debug-iphonesimulator/Poem\ of\ the\ DayTests.build/Objects-normal/arm64/Poem\ of\ the\ DayTests_const_extract_protocols.json -Xcc -iquote -Xcc /Users/stephenreitz/Library/Developer/Xcode/DerivedData/Poem_of_the_Day-eculcxybahbpacbbltzjqprhxjep/Build/Intermediates.noindex/Poem\ of\ the\ Day.build/Debug-iphonesimulator/Poem\ of\ the\ DayTests.build/Poem\ of\ the\ DayTests-generated-files.hmap -Xcc -I/Users/stephenreitz/Library/Developer/Xcode/DerivedData/Poem_of_the_Day-eculcxybahbpacbbltzjqprhxjep/Build/Intermediates.noindex/Poem\ of\ the\ Day.build/Debug-iphonesimulator/Poem\ of\ the\ DayTests.build/Poem\ of\ the\ DayTests-own-target-headers.hmap -Xcc -I/Users/stephenreitz/Library/Developer/Xcode/DerivedData/Poem_of_the_Day-eculcxybahbpacbbltzjqprhxjep/Build/Intermediates.noindex/Poem\ of\ the\ Day.build/Debug-iphonesimulator/Poem\ of\ the\ DayTests.build/Poem\ of\ the\ DayTests-all-target-headers.hmap -Xcc -iquote -Xcc /Users/stephenreitz/Library/Developer/Xcode/DerivedData/Poem_of_the_Day-eculcxybahbpacbbltzjqprhxjep/Build/Intermediates.noindex/Poem\ of\ the\ Day.build/Debug-iphonesimulator/Poem\ of\ the\ DayTests.build/Poem\ of\ the\ DayTests-project-headers.hmap -Xcc -I/Users/stephenreitz/Library/Developer/Xcode/DerivedData/Poem_of_the_Day-eculcxybahbpacbbltzjqprhxjep/Build/Products/Debug-iphonesimulator/include -Xcc -I/Users/stephenreitz/Library/Developer/Xcode/DerivedData/Poem_of_the_Day-eculcxybahbpacbbltzjqprhxjep/Build/Intermediates.noindex/Poem\ of\ the\ Day.build/Debug-iphonesimulator/Poem\ of\ the\ DayTests.build/DerivedSources-normal/arm64 -Xcc -I/Users/stephenreitz/Library/Developer/Xcode/DerivedData/Poem_of_the_Day-eculcxybahbpacbbltzjqprhxjep/Build/Intermediates.noindex/Poem\ of\ the\ Day.build/Debug-iphonesimulator/Poem\ of\ the\ DayTests.build/DerivedSources/arm64 -Xcc -I/Users/stephenreitz/Library/Developer/Xcode/DerivedData/Poem_of_the_Day-eculcxybahbpacbbltzjqprhxjep/Build/Intermediates.noindex/Poem\ of\ the\ Day.build/Debug-iphonesimulator/Poem\ of\ the\ DayTests.build/DerivedSources -Xcc -DDEBUG\=1 -emit-objc-header -emit-objc-header-path /Users/stephenreitz/Library/Developer/Xcode/DerivedData/Poem_of_the_Day-eculcxybahbpacbbltzjqprhxjep/Build/Intermediates.noindex/Poem\ of\ the\ Day.build/Debug-iphonesimulator/Poem\ of\ the\ DayTests.build/Objects-normal/arm64/Poem_of_the_DayTests-Swift.h -working-directory /Users/stephenreitz/Desktop/Swift-2048-test/Poem\ of\ the\ Day -experimental-emit-module-separately -disable-cmo

ProcessProductPackaging "" /Users/stephenreitz/Library/Developer/Xcode/DerivedData/Poem_of_the_Day-eculcxybahbpacbbltzjqprhxjep/Build/Intermediates.noindex/Poem\ of\ the\ Day.build/Debug-iphonesimulator/Poem\ of\ the\ DayUITests.build/Poem\ of\ the\ DayUITests.xctest-Simulated.xcent (in target 'Poem of the DayUITests' from project 'Poem of the Day')
    cd /Users/stephenreitz/Desktop/Swift-2048-test/Poem\ of\ the\ Day
    
    Entitlements:
    
    {
    "application-identifier" = "J4QUKKF6V3.Stevereitz.Poem-of-the-DayUITests.xctrunner";
    "keychain-access-groups" =     (
        "J4QUKKF6V3.Stevereitz.Poem-of-the-DayUITests.xctrunner"
    );
}
    
    builtin-productPackagingUtility -entitlements -format xml -o /Users/stephenreitz/Library/Developer/Xcode/DerivedData/Poem_of_the_Day-eculcxybahbpacbbltzjqprhxjep/Build/Intermediates.noindex/Poem\ of\ the\ Day.build/Debug-iphonesimulator/Poem\ of\ the\ DayUITests.build/Poem\ of\ the\ DayUITests.xctest-Simulated.xcent

ProcessProductPackagingDER /Users/stephenreitz/Library/Developer/Xcode/DerivedData/Poem_of_the_Day-eculcxybahbpacbbltzjqprhxjep/Build/Intermediates.noindex/Poem\ of\ the\ Day.build/Debug-iphonesimulator/Poem\ of\ the\ DayUITests.build/Poem\ of\ the\ DayUITests.xctest-Simulated.xcent /Users/stephenreitz/Library/Developer/Xcode/DerivedData/Poem_of_the_Day-eculcxybahbpacbbltzjqprhxjep/Build/Intermediates.noindex/Poem\ of\ the\ Day.build/Debug-iphonesimulator/Poem\ of\ the\ DayUITests.build/Poem\ of\ the\ DayUITests.xctest-Simulated.xcent.der (in target 'Poem of the DayUITests' from project 'Poem of the Day')
    cd /Users/stephenreitz/Desktop/Swift-2048-test/Poem\ of\ the\ Day
    /usr/bin/derq query -f xml -i /Users/stephenreitz/Library/Developer/Xcode/DerivedData/Poem_of_the_Day-eculcxybahbpacbbltzjqprhxjep/Build/Intermediates.noindex/Poem\ of\ the\ Day.build/Debug-iphonesimulator/Poem\ of\ the\ DayUITests.build/Poem\ of\ the\ DayUITests.xctest-Simulated.xcent -o /Users/stephenreitz/Library/Developer/Xcode/DerivedData/Poem_of_the_Day-eculcxybahbpacbbltzjqprhxjep/Build/Intermediates.noindex/Poem\ of\ the\ Day.build/Debug-iphonesimulator/Poem\ of\ the\ DayUITests.build/Poem\ of\ the\ DayUITests.xctest-Simulated.xcent.der --raw

SwiftDriver Poem\ of\ the\ DayUITests normal arm64 com.apple.xcode.tools.swift.compiler (in target 'Poem of the DayUITests' from project 'Poem of the Day')
    cd /Users/stephenreitz/Desktop/Swift-2048-test/Poem\ of\ the\ Day
    builtin-SwiftDriver -- /Applications/Xcode.app/Contents/Developer/Toolchains/XcodeDefault.xctoolchain/usr/bin/swiftc -module-name Poem_of_the_DayUITests -Onone -enforce-exclusivity\=checked @/Users/stephenreitz/Library/Developer/Xcode/DerivedData/Poem_of_the_Day-eculcxybahbpacbbltzjqprhxjep/Build/Intermediates.noindex/Poem\ of\ the\ Day.build/Debug-iphonesimulator/Poem\ of\ the\ DayUITests.build/Objects-normal/arm64/Poem\ of\ the\ DayUITests.SwiftFileList -DDEBUG -module-alias Testing\=_Testing_Unavailable -plugin-path /Applications/Xcode.app/Contents/Developer/Toolchains/XcodeDefault.xctoolchain/usr/lib/swift/host/plugins/testing -enable-bare-slash-regex -enable-experimental-feature DebugDescriptionMacro -sdk /Applications/Xcode.app/Contents/Developer/Platforms/iPhoneSimulator.platform/Developer/SDKs/iPhoneSimulator26.1.sdk -target arm64-apple-ios26.0-simulator -g -module-cache-path /Users/stephenreitz/Library/Developer/Xcode/DerivedData/ModuleCache.noindex -Xfrontend -serialize-debugging-options -enable-testing -index-store-path /Users/stephenreitz/Library/Developer/Xcode/DerivedData/Poem_of_the_Day-eculcxybahbpacbbltzjqprhxjep/Index.noindex/DataStore -Xcc -D_LIBCPP_HARDENING_MODE\=_LIBCPP_HARDENING_MODE_DEBUG -swift-version 5 -I /Users/stephenreitz/Library/Developer/Xcode/DerivedData/Poem_of_the_Day-eculcxybahbpacbbltzjqprhxjep/Build/Products/Debug-iphonesimulator -Isystem /Applications/Xcode.app/Contents/Developer/Platforms/iPhoneSimulator.platform/Developer/usr/lib -F /Users/stephenreitz/Library/Developer/Xcode/DerivedData/Poem_of_the_Day-eculcxybahbpacbbltzjqprhxjep/Build/Products/Debug-iphonesimulator -F /Applications/Xcode.app/Contents/Developer/Platforms/iPhoneSimulator.platform/Developer/Library/Frameworks -F /Applications/Xcode.app/Contents/Developer/Platforms/iPhoneSimulator.platform/Developer/SDKs/iPhoneSimulator26.1.sdk/Developer/Library/Frameworks -c -j12 -enable-batch-mode -incremental -Xcc -ivfsstatcache -Xcc /Users/stephenreitz/Library/Developer/Xcode/DerivedData/SDKStatCaches.noindex/iphonesimulator26.1-23B77-90cf18a4295e390e64c810bc6bd7acbc.sdkstatcache -output-file-map /Users/stephenreitz/Library/Developer/Xcode/DerivedData/Poem_of_the_Day-eculcxybahbpacbbltzjqprhxjep/Build/Intermediates.noindex/Poem\ of\ the\ Day.build/Debug-iphonesimulator/Poem\ of\ the\ DayUITests.build/Objects-normal/arm64/Poem\ of\ the\ DayUITests-OutputFileMap.json -use-frontend-parseable-output -save-temps -no-color-diagnostics -explicit-module-build -module-cache-path /Users/stephenreitz/Library/Developer/Xcode/DerivedData/Poem_of_the_Day-eculcxybahbpacbbltzjqprhxjep/Build/Intermediates.noindex/SwiftExplicitPrecompiledModules -clang-scanner-module-cache-path /Users/stephenreitz/Library/Developer/Xcode/DerivedData/ModuleCache.noindex -sdk-module-cache-path /Users/stephenreitz/Library/Developer/Xcode/DerivedData/ModuleCache.noindex -serialize-diagnostics -emit-dependencies -emit-module -emit-module-path /Users/stephenreitz/Library/Developer/Xcode/DerivedData/Poem_of_the_Day-eculcxybahbpacbbltzjqprhxjep/Build/Intermediates.noindex/Poem\ of\ the\ Day.build/Debug-iphonesimulator/Poem\ of\ the\ DayUITests.build/Objects-normal/arm64/Poem_of_the_DayUITests.swiftmodule -validate-clang-modules-once -clang-build-session-file /Users/stephenreitz/Library/Developer/Xcode/DerivedData/ModuleCache.noindex/Session.modulevalidation -Xcc -I/Users/stephenreitz/Library/Developer/Xcode/DerivedData/Poem_of_the_Day-eculcxybahbpacbbltzjqprhxjep/Build/Intermediates.noindex/Poem\ of\ the\ Day.build/Debug-iphonesimulator/Poem\ of\ the\ DayUITests.build/swift-overrides.hmap -emit-const-values -Xfrontend -const-gather-protocols-file -Xfrontend /Users/stephenreitz/Library/Developer/Xcode/DerivedData/Poem_of_the_Day-eculcxybahbpacbbltzjqprhxjep/Build/Intermediates.noindex/Poem\ of\ the\ Day.build/Debug-iphonesimulator/Poem\ of\ the\ DayUITests.build/Objects-normal/arm64/Poem\ of\ the\ DayUITests_const_extract_protocols.json -Xcc -iquote -Xcc /Users/stephenreitz/Library/Developer/Xcode/DerivedData/Poem_of_the_Day-eculcxybahbpacbbltzjqprhxjep/Build/Intermediates.noindex/Poem\ of\ the\ Day.build/Debug-iphonesimulator/Poem\ of\ the\ DayUITests.build/Poem\ of\ the\ DayUITests-generated-files.hmap -Xcc -I/Users/stephenreitz/Library/Developer/Xcode/DerivedData/Poem_of_the_Day-eculcxybahbpacbbltzjqprhxjep/Build/Intermediates.noindex/Poem\ of\ the\ Day.build/Debug-iphonesimulator/Poem\ of\ the\ DayUITests.build/Poem\ of\ the\ DayUITests-own-target-headers.hmap -Xcc -I/Users/stephenreitz/Library/Developer/Xcode/DerivedData/Poem_of_the_Day-eculcxybahbpacbbltzjqprhxjep/Build/Intermediates.noindex/Poem\ of\ the\ Day.build/Debug-iphonesimulator/Poem\ of\ the\ DayUITests.build/Poem\ of\ the\ DayUITests-all-target-headers.hmap -Xcc -iquote -Xcc /Users/stephenreitz/Library/Developer/Xcode/DerivedData/Poem_of_the_Day-eculcxybahbpacbbltzjqprhxjep/Build/Intermediates.noindex/Poem\ of\ the\ Day.build/Debug-iphonesimulator/Poem\ of\ the\ DayUITests.build/Poem\ of\ the\ DayUITests-project-headers.hmap -Xcc -I/Users/stephenreitz/Library/Developer/Xcode/DerivedData/Poem_of_the_Day-eculcxybahbpacbbltzjqprhxjep/Build/Products/Debug-iphonesimulator/include -Xcc -I/Users/stephenreitz/Library/Developer/Xcode/DerivedData/Poem_of_the_Day-eculcxybahbpacbbltzjqprhxjep/Build/Intermediates.noindex/Poem\ of\ the\ Day.build/Debug-iphonesimulator/Poem\ of\ the\ DayUITests.build/DerivedSources-normal/arm64 -Xcc -I/Users/stephenreitz/Library/Developer/Xcode/DerivedData/Poem_of_the_Day-eculcxybahbpacbbltzjqprhxjep/Build/Intermediates.noindex/Poem\ of\ the\ Day.build/Debug-iphonesimulator/Poem\ of\ the\ DayUITests.build/DerivedSources/arm64 -Xcc -I/Users/stephenreitz/Library/Developer/Xcode/DerivedData/Poem_of_the_Day-eculcxybahbpacbbltzjqprhxjep/Build/Intermediates.noindex/Poem\ of\ the\ Day.build/Debug-iphonesimulator/Poem\ of\ the\ DayUITests.build/DerivedSources -Xcc -DDEBUG\=1 -emit-objc-header -emit-objc-header-path /Users/stephenreitz/Library/Developer/Xcode/DerivedData/Poem_of_the_Day-eculcxybahbpacbbltzjqprhxjep/Build/Intermediates.noindex/Poem\ of\ the\ Day.build/Debug-iphonesimulator/Poem\ of\ the\ DayUITests.build/Objects-normal/arm64/Poem_of_the_DayUITests-Swift.h -working-directory /Users/stephenreitz/Desktop/Swift-2048-test/Poem\ of\ the\ Day -experimental-emit-module-separately -disable-cmo

SwiftDriverJobDiscovery normal arm64 Verifying emitted module interface Poem_of_the_Day.private.swiftinterface (in target 'Poem of the Day' from project 'Poem of the Day')

SwiftDriverJobDiscovery normal arm64 Verifying emitted module interface Poem_of_the_Day.swiftinterface (in target 'Poem of the Day' from project 'Poem of the Day')

SwiftDriver\ Compilation Poem\ of\ the\ Day normal arm64 com.apple.xcode.tools.swift.compiler (in target 'Poem of the Day' from project 'Poem of the Day')
    cd /Users/stephenreitz/Desktop/Swift-2048-test/Poem\ of\ the\ Day
    builtin-Swift-Compilation -- /Applications/Xcode.app/Contents/Developer/Toolchains/XcodeDefault.xctoolchain/usr/bin/swiftc -module-name Poem_of_the_Day -Onone -enforce-exclusivity\=checked @/Users/stephenreitz/Library/Developer/Xcode/DerivedData/Poem_of_the_Day-eculcxybahbpacbbltzjqprhxjep/Build/Intermediates.noindex/Poem\ of\ the\ Day.build/Debug-iphonesimulator/Poem\ of\ the\ Day.build/Objects-normal/arm64/Poem\ of\ the\ Day.SwiftFileList -DDEBUG -enable-bare-slash-regex -enable-experimental-feature DebugDescriptionMacro -sdk /Applications/Xcode.app/Contents/Developer/Platforms/iPhoneSimulator.platform/Developer/SDKs/iPhoneSimulator26.1.sdk -target arm64-apple-ios26.0-simulator -g -module-cache-path /Users/stephenreitz/Library/Developer/Xcode/DerivedData/ModuleCache.noindex -Xfrontend -serialize-debugging-options -enable-testing -index-store-path /Users/stephenreitz/Library/Developer/Xcode/DerivedData/Poem_of_the_Day-eculcxybahbpacbbltzjqprhxjep/Index.noindex/DataStore -enable-library-evolution -Xcc -D_LIBCPP_HARDENING_MODE\=_LIBCPP_HARDENING_MODE_DEBUG -swift-version 5 -I /Users/stephenreitz/Library/Developer/Xcode/DerivedData/Poem_of_the_Day-eculcxybahbpacbbltzjqprhxjep/Build/Products/Debug-iphonesimulator -F /Users/stephenreitz/Library/Developer/Xcode/DerivedData/Poem_of_the_Day-eculcxybahbpacbbltzjqprhxjep/Build/Products/Debug-iphonesimulator -emit-localized-strings -emit-localized-strings-path /Users/stephenreitz/Library/Developer/Xcode/DerivedData/Poem_of_the_Day-eculcxybahbpacbbltzjqprhxjep/Build/Intermediates.noindex/Poem\ of\ the\ Day.build/Debug-iphonesimulator/Poem\ of\ the\ Day.build/Objects-normal/arm64 -c -j12 -enable-batch-mode -incremental -Xcc -ivfsstatcache -Xcc /Users/stephenreitz/Library/Developer/Xcode/DerivedData/SDKStatCaches.noindex/iphonesimulator26.1-23B77-90cf18a4295e390e64c810bc6bd7acbc.sdkstatcache -output-file-map /Users/stephenreitz/Library/Developer/Xcode/DerivedData/Poem_of_the_Day-eculcxybahbpacbbltzjqprhxjep/Build/Intermediates.noindex/Poem\ of\ the\ Day.build/Debug-iphonesimulator/Poem\ of\ the\ Day.build/Objects-normal/arm64/Poem\ of\ the\ Day-OutputFileMap.json -use-frontend-parseable-output -save-temps -no-color-diagnostics -explicit-module-build -module-cache-path /Users/stephenreitz/Library/Developer/Xcode/DerivedData/Poem_of_the_Day-eculcxybahbpacbbltzjqprhxjep/Build/Intermediates.noindex/SwiftExplicitPrecompiledModules -clang-scanner-module-cache-path /Users/stephenreitz/Library/Developer/Xcode/DerivedData/ModuleCache.noindex -sdk-module-cache-path /Users/stephenreitz/Library/Developer/Xcode/DerivedData/ModuleCache.noindex -serialize-diagnostics -emit-dependencies -emit-module -emit-module-path /Users/stephenreitz/Library/Developer/Xcode/DerivedData/Poem_of_the_Day-eculcxybahbpacbbltzjqprhxjep/Build/Intermediates.noindex/Poem\ of\ the\ Day.build/Debug-iphonesimulator/Poem\ of\ the\ Day.build/Objects-normal/arm64/Poem_of_the_Day.swiftmodule -emit-module-interface-path /Users/stephenreitz/Library/Developer/Xcode/DerivedData/Poem_of_the_Day-eculcxybahbpacbbltzjqprhxjep/Build/Intermediates.noindex/Poem\ of\ the\ Day.build/Debug-iphonesimulator/Poem\ of\ the\ Day.build/Objects-normal/arm64/Poem_of_the_Day.swiftinterface -emit-private-module-interface-path /Users/stephenreitz/Library/Developer/Xcode/DerivedData/Poem_of_the_Day-eculcxybahbpacbbltzjqprhxjep/Build/Intermediates.noindex/Poem\ of\ the\ Day.build/Debug-iphonesimulator/Poem\ of\ the\ Day.build/Objects-normal/arm64/Poem_of_the_Day.private.swiftinterface -validate-clang-modules-once -clang-build-session-file /Users/stephenreitz/Library/Developer/Xcode/DerivedData/ModuleCache.noindex/Session.modulevalidation -Xcc -I/Users/stephenreitz/Library/Developer/Xcode/DerivedData/Poem_of_the_Day-eculcxybahbpacbbltzjqprhxjep/Build/Intermediates.noindex/Poem\ of\ the\ Day.build/Debug-iphonesimulator/Poem\ of\ the\ Day.build/swift-overrides.hmap -emit-const-values -Xfrontend -const-gather-protocols-file -Xfrontend /Users/stephenreitz/Library/Developer/Xcode/DerivedData/Poem_of_the_Day-eculcxybahbpacbbltzjqprhxjep/Build/Intermediates.noindex/Poem\ of\ the\ Day.build/Debug-iphonesimulator/Poem\ of\ the\ Day.build/Objects-normal/arm64/Poem\ of\ the\ Day_const_extract_protocols.json -Xcc -iquote -Xcc /Users/stephenreitz/Library/Developer/Xcode/DerivedData/Poem_of_the_Day-eculcxybahbpacbbltzjqprhxjep/Build/Intermediates.noindex/Poem\ of\ the\ Day.build/Debug-iphonesimulator/Poem\ of\ the\ Day.build/Poem\ of\ the\ Day-generated-files.hmap -Xcc -I/Users/stephenreitz/Library/Developer/Xcode/DerivedData/Poem_of_the_Day-eculcxybahbpacbbltzjqprhxjep/Build/Intermediates.noindex/Poem\ of\ the\ Day.build/Debug-iphonesimulator/Poem\ of\ the\ Day.build/Poem\ of\ the\ Day-own-target-headers.hmap -Xcc -I/Users/stephenreitz/Library/Developer/Xcode/DerivedData/Poem_of_the_Day-eculcxybahbpacbbltzjqprhxjep/Build/Intermediates.noindex/Poem\ of\ the\ Day.build/Debug-iphonesimulator/Poem\ of\ the\ Day.build/Poem\ of\ the\ Day-all-target-headers.hmap -Xcc -iquote -Xcc /Users/stephenreitz/Library/Developer/Xcode/DerivedData/Poem_of_the_Day-eculcxybahbpacbbltzjqprhxjep/Build/Intermediates.noindex/Poem\ of\ the\ Day.build/Debug-iphonesimulator/Poem\ of\ the\ Day.build/Poem\ of\ the\ Day-project-headers.hmap -Xcc -I/Users/stephenreitz/Library/Developer/Xcode/DerivedData/Poem_of_the_Day-eculcxybahbpacbbltzjqprhxjep/Build/Products/Debug-iphonesimulator/include -Xcc -I/Users/stephenreitz/Library/Developer/Xcode/DerivedData/Poem_of_the_Day-eculcxybahbpacbbltzjqprhxjep/Build/Intermediates.noindex/Poem\ of\ the\ Day.build/Debug-iphonesimulator/Poem\ of\ the\ Day.build/DerivedSources-normal/arm64 -Xcc -I/Users/stephenreitz/Library/Developer/Xcode/DerivedData/Poem_of_the_Day-eculcxybahbpacbbltzjqprhxjep/Build/Intermediates.noindex/Poem\ of\ the\ Day.build/Debug-iphonesimulator/Poem\ of\ the\ Day.build/DerivedSources/arm64 -Xcc -I/Users/stephenreitz/Library/Developer/Xcode/DerivedData/Poem_of_the_Day-eculcxybahbpacbbltzjqprhxjep/Build/Intermediates.noindex/Poem\ of\ the\ Day.build/Debug-iphonesimulator/Poem\ of\ the\ Day.build/DerivedSources -Xcc -DDEBUG\=1 -emit-objc-header -emit-objc-header-path /Users/stephenreitz/Library/Developer/Xcode/DerivedData/Poem_of_the_Day-eculcxybahbpacbbltzjqprhxjep/Build/Intermediates.noindex/Poem\ of\ the\ Day.build/Debug-iphonesimulator/Poem\ of\ the\ Day.build/Objects-normal/arm64/Poem_of_the_Day-Swift.h -working-directory /Users/stephenreitz/Desktop/Swift-2048-test/Poem\ of\ the\ Day -experimental-emit-module-separately -disable-cmo

Ld /Users/stephenreitz/Library/Developer/Xcode/DerivedData/Poem_of_the_Day-eculcxybahbpacbbltzjqprhxjep/Build/Products/Debug-iphonesimulator/Poem\ of\ the\ Day.app/Poem\ of\ the\ Day.debug.dylib normal (in target 'Poem of the Day' from project 'Poem of the Day')
    cd /Users/stephenreitz/Desktop/Swift-2048-test/Poem\ of\ the\ Day
    /Applications/Xcode.app/Contents/Developer/Toolchains/XcodeDefault.xctoolchain/usr/bin/clang -Xlinker -reproducible -target arm64-apple-ios26.0-simulator -dynamiclib -isysroot /Applications/Xcode.app/Contents/Developer/Platforms/iPhoneSimulator.platform/Developer/SDKs/iPhoneSimulator26.1.sdk -O0 -L/Users/stephenreitz/Library/Developer/Xcode/DerivedData/Poem_of_the_Day-eculcxybahbpacbbltzjqprhxjep/Build/Intermediates.noindex/EagerLinkingTBDs/Debug-iphonesimulator -L/Users/stephenreitz/Library/Developer/Xcode/DerivedData/Poem_of_the_Day-eculcxybahbpacbbltzjqprhxjep/Build/Products/Debug-iphonesimulator -F/Users/stephenreitz/Library/Developer/Xcode/DerivedData/Poem_of_the_Day-eculcxybahbpacbbltzjqprhxjep/Build/Intermediates.noindex/EagerLinkingTBDs/Debug-iphonesimulator -F/Users/stephenreitz/Library/Developer/Xcode/DerivedData/Poem_of_the_Day-eculcxybahbpacbbltzjqprhxjep/Build/Products/Debug-iphonesimulator -filelist /Users/stephenreitz/Library/Developer/Xcode/DerivedData/Poem_of_the_Day-eculcxybahbpacbbltzjqprhxjep/Build/Intermediates.noindex/Poem\ of\ the\ Day.build/Debug-iphonesimulator/Poem\ of\ the\ Day.build/Objects-normal/arm64/Poem\ of\ the\ Day.LinkFileList -install_name @rpath/Poem\ of\ the\ Day.debug.dylib -Xlinker -rpath -Xlinker @executable_path/Frameworks -dead_strip -Xlinker -object_path_lto -Xlinker /Users/stephenreitz/Library/Developer/Xcode/DerivedData/Poem_of_the_Day-eculcxybahbpacbbltzjqprhxjep/Build/Intermediates.noindex/Poem\ of\ the\ Day.build/Debug-iphonesimulator/Poem\ of\ the\ Day.build/Objects-normal/arm64/Poem\ of\ the\ Day_lto.o -rdynamic -Xlinker -no_deduplicate -Xlinker -objc_abi_version -Xlinker 2 -Xlinker -dependency_info -Xlinker /Users/stephenreitz/Library/Developer/Xcode/DerivedData/Poem_of_the_Day-eculcxybahbpacbbltzjqprhxjep/Build/Intermediates.noindex/Poem\ of\ the\ Day.build/Debug-iphonesimulator/Poem\ of\ the\ Day.build/Objects-normal/arm64/Poem\ of\ the\ Day_dependency_info.dat -fobjc-link-runtime -L/Applications/Xcode.app/Contents/Developer/Toolchains/XcodeDefault.xctoolchain/usr/lib/swift/iphonesimulator -L/usr/lib/swift -Xlinker -add_ast_path -Xlinker /Users/stephenreitz/Library/Developer/Xcode/DerivedData/Poem_of_the_Day-eculcxybahbpacbbltzjqprhxjep/Build/Intermediates.noindex/Poem\ of\ the\ Day.build/Debug-iphonesimulator/Poem\ of\ the\ Day.build/Objects-normal/arm64/Poem_of_the_Day.swiftmodule @/Users/stephenreitz/Library/Developer/Xcode/DerivedData/Poem_of_the_Day-eculcxybahbpacbbltzjqprhxjep/Build/Intermediates.noindex/Poem\ of\ the\ Day.build/Debug-iphonesimulator/Poem\ of\ the\ Day.build/Objects-normal/arm64/Poem_of_the_Day-linker-args.resp -Xlinker -alias -Xlinker _main -Xlinker ___debug_main_executable_dylib_entry_point -Xlinker -no_adhoc_codesign -o /Users/stephenreitz/Library/Developer/Xcode/DerivedData/Poem_of_the_Day-eculcxybahbpacbbltzjqprhxjep/Build/Products/Debug-iphonesimulator/Poem\ of\ the\ Day.app/Poem\ of\ the\ Day.debug.dylib

SwiftCompile normal arm64 Compiling\ ErrorScenarioUITests.swift /Users/stephenreitz/Desktop/Swift-2048-test/Poem\ of\ the\ Day/Poem\ of\ the\ DayUITests/ErrorScenarioUITests.swift (in target 'Poem of the DayUITests' from project 'Poem of the Day')
SwiftCompile normal arm64 /Users/stephenreitz/Desktop/Swift-2048-test/Poem\ of\ the\ Day/Poem\ of\ the\ DayUITests/ErrorScenarioUITests.swift (in target 'Poem of the DayUITests' from project 'Poem of the Day')
    cd /Users/stephenreitz/Desktop/Swift-2048-test/Poem\ of\ the\ Day
    

SwiftCompile normal arm64 Compiling\ AIFeaturesUITests.swift /Users/stephenreitz/Desktop/Swift-2048-test/Poem\ of\ the\ Day/Poem\ of\ the\ DayUITests/AIFeaturesUITests.swift (in target 'Poem of the DayUITests' from project 'Poem of the Day')

SwiftCompile normal arm64 /Users/stephenreitz/Desktop/Swift-2048-test/Poem\ of\ the\ Day/Poem\ of\ the\ DayUITests/AIFeaturesUITests.swift (in target 'Poem of the DayUITests' from project 'Poem of the Day')
    cd /Users/stephenreitz/Desktop/Swift-2048-test/Poem\ of\ the\ Day
    
/Users/stephenreitz/Desktop/Swift-2048-test/Poem of the Day/Poem of the DayUITests/AIFeaturesUITests.swift:60:18: warning: result of call to 'tapVibeGenerationButton()' is unused
        mainPage.tapVibeGenerationButton()
                 ^                      ~~
/Users/stephenreitz/Desktop/Swift-2048-test/Poem of the Day/Poem of the DayUITests/AIFeaturesUITests.swift:80:18: warning: result of call to 'tapVibeGenerationButton()' is unused
        mainPage.tapVibeGenerationButton()
                 ^                      ~~
/Users/stephenreitz/Desktop/Swift-2048-test/Poem of the Day/Poem of the DayUITests/AIFeaturesUITests.swift:94:18: warning: result of call to 'tapVibeGenerationButton()' is unused
        mainPage.tapVibeGenerationButton()
                 ^                      ~~
/Users/stephenreitz/Desktop/Swift-2048-test/Poem of the Day/Poem of the DayUITests/AIFeaturesUITests.swift:117:18: warning: result of call to 'tapCustomPromptButton()' is unused
        mainPage.tapCustomPromptButton()
                 ^                    ~~
/Users/stephenreitz/Desktop/Swift-2048-test/Poem of the Day/Poem of the DayUITests/AIFeaturesUITests.swift:150:18: warning: result of call to 'tapCustomPromptButton()' is unused
        mainPage.tapCustomPromptButton()
                 ^                    ~~
/Users/stephenreitz/Desktop/Swift-2048-test/Poem of the Day/Poem of the DayUITests/AIFeaturesUITests.swift:180:18: warning: result of call to 'tapVibeGenerationButton()' is unused
        mainPage.tapVibeGenerationButton()
                 ^                      ~~
/Users/stephenreitz/Desktop/Swift-2048-test/Poem of the Day/Poem of the DayUITests/AIFeaturesUITests.swift:236:18: warning: result of call to 'tapVibeGenerationButton()' is unused
        mainPage.tapVibeGenerationButton()
                 ^                      ~~
/Users/stephenreitz/Desktop/Swift-2048-test/Poem of the Day/Poem of the DayUITests/AIFeaturesUITests.swift:263:18: warning: result of call to 'tapVibeGenerationButton()' is unused
        mainPage.tapVibeGenerationButton()
                 ^                      ~~
/Users/stephenreitz/Desktop/Swift-2048-test/Poem of the Day/Poem of the DayUITests/AIFeaturesUITests.swift:293:18: warning: result of call to 'tapCustomPromptButton()' is unused
        mainPage.tapCustomPromptButton()
                 ^                    ~~
/Users/stephenreitz/Desktop/Swift-2048-test/Poem of the Day/Poem of the DayUITests/AIFeaturesUITests.swift:336:18: warning: result of call to 'tapVibeGenerationButton()' is unused
        mainPage.tapVibeGenerationButton()
                 ^                      ~~
/Users/stephenreitz/Desktop/Swift-2048-test/Poem of the Day/Poem of the DayUITests/AIFeaturesUITests.swift:349:18: warning: result of call to 'tapCustomPromptButton()' is unused
        mainPage.tapCustomPromptButton()
                 ^                    ~~

SwiftCompile normal arm64 Compiling\ PageObjects.swift /Users/stephenreitz/Desktop/Swift-2048-test/Poem\ of\ the\ Day/Poem\ of\ the\ DayUITests/PageObjects.swift (in target 'Poem of the DayUITests' from project 'Poem of the Day')

SwiftCompile normal arm64 /Users/stephenreitz/Desktop/Swift-2048-test/Poem\ of\ the\ Day/Poem\ of\ the\ DayUITests/PageObjects.swift (in target 'Poem of the DayUITests' from project 'Poem of the Day')
    cd /Users/stephenreitz/Desktop/Swift-2048-test/Poem\ of\ the\ Day
    

SwiftCompile normal arm64 Compiling\ Poem_of_the_DayUITestsLaunchTests.swift /Users/stephenreitz/Desktop/Swift-2048-test/Poem\ of\ the\ Day/Poem\ of\ the\ DayUITests/Poem_of_the_DayUITestsLaunchTests.swift (in target 'Poem of the DayUITests' from project 'Poem of the Day')

SwiftCompile normal arm64 /Users/stephenreitz/Desktop/Swift-2048-test/Poem\ of\ the\ Day/Poem\ of\ the\ DayUITests/Poem_of_the_DayUITestsLaunchTests.swift (in target 'Poem of the DayUITests' from project 'Poem of the Day')
    cd /Users/stephenreitz/Desktop/Swift-2048-test/Poem\ of\ the\ Day
    

SwiftCompile normal arm64 Compiling\ VibeBackgroundColorUITests.swift /Users/stephenreitz/Desktop/Swift-2048-test/Poem\ of\ the\ Day/Poem\ of\ the\ DayUITests/VibeBackgroundColorUITests.swift (in target 'Poem of the DayUITests' from project 'Poem of the Day')

SwiftCompile normal arm64 /Users/stephenreitz/Desktop/Swift-2048-test/Poem\ of\ the\ Day/Poem\ of\ the\ DayUITests/VibeBackgroundColorUITests.swift (in target 'Poem of the DayUITests' from project 'Poem of the Day')
    cd /Users/stephenreitz/Desktop/Swift-2048-test/Poem\ of\ the\ Day
    
/Users/stephenreitz/Desktop/Swift-2048-test/Poem of the Day/Poem of the DayUITests/VibeBackgroundColorUITests.swift:251:17: warning: initialization of immutable value 'colorIndicatorCircle' was never used; consider replacing with assignment to '_' or removing it
            let colorIndicatorCircle = app.otherElements.matching(NSPredicate(format: "identifier CONTAINS 'color_intensity'")).firstMatch
            ~~~~^~~~~~~~~~~~~~~~~~~~
            _
/Users/stephenreitz/Desktop/Swift-2048-test/Poem of the Day/Poem of the DayUITests/VibeBackgroundColorUITests.swift:274:53: warning: 'applicationLaunch' was deprecated in iOS 14.0: Use XCTApplicationLaunchMetric instead
        let performanceMetric = XCTOSSignpostMetric.applicationLaunch
                                                    ^

SwiftCompile normal arm64 Compiling\ TelemetryUITests.swift /Users/stephenreitz/Desktop/Swift-2048-test/Poem\ of\ the\ Day/Poem\ of\ the\ DayUITests/TelemetryUITests.swift (in target 'Poem of the DayUITests' from project 'Poem of the Day')
SwiftCompile normal arm64 /Users/stephenreitz/Desktop/Swift-2048-test/Poem\ of\ the\ Day/Poem\ of\ the\ DayUITests/TelemetryUITests.swift (in target 'Poem of the DayUITests' from project 'Poem of the Day')
    cd /Users/stephenreitz/Desktop/Swift-2048-test/Poem\ of\ the\ Day
    
/Users/stephenreitz/Desktop/Swift-2048-test/Poem of the Day/Poem of the DayUITests/TelemetryUITests.swift:608:18: warning: result of call to 'tapRefreshButton()' is unused
        mainPage.tapRefreshButton()
                 ^               ~~
/Users/stephenreitz/Desktop/Swift-2048-test/Poem of the Day/Poem of the DayUITests/TelemetryUITests.swift:612:22: warning: result of call to 'tapFavoriteButton()' is unused
            mainPage.tapFavoriteButton()
                     ^                ~~

SwiftCompile normal arm64 Compiling\ WidgetUITests.swift /Users/stephenreitz/Desktop/Swift-2048-test/Poem\ of\ the\ Day/Poem\ of\ the\ DayUITests/WidgetUITests.swift (in target 'Poem of the DayUITests' from project 'Poem of the Day')
SwiftCompile normal arm64 /Users/stephenreitz/Desktop/Swift-2048-test/Poem\ of\ the\ Day/Poem\ of\ the\ DayUITests/WidgetUITests.swift (in target 'Poem of the DayUITests' from project 'Poem of the Day')
    cd /Users/stephenreitz/Desktop/Swift-2048-test/Poem\ of\ the\ Day
    
/Users/stephenreitz/Desktop/Swift-2048-test/Poem of the Day/Poem of the DayUITests/WidgetUITests.swift:59:13: warning: initialization of immutable value 'initialTitle' was never used; consider replacing with assignment to '_' or removing it
        let initialTitle = poemTitle.label
        ~~~~^~~~~~~~~~~~
        _
/Users/stephenreitz/Desktop/Swift-2048-test/Poem of the Day/Poem of the DayUITests/WidgetUITests.swift:209:13: warning: initialization of immutable value 'initialTitle' was never used; consider replacing with assignment to '_' or removing it
        let initialTitle = poemTitle.label
        ~~~~^~~~~~~~~~~~
        _

SwiftEmitModule normal arm64 Emitting\ module\ for\ Poem_of_the_DayUITests (in target 'Poem of the DayUITests' from project 'Poem of the Day')

EmitSwiftModule normal arm64 (in target 'Poem of the DayUITests' from project 'Poem of the Day')
    cd /Users/stephenreitz/Desktop/Swift-2048-test/Poem\ of\ the\ Day
    

SwiftCompile normal arm64 Compiling\ PoemUITests.swift /Users/stephenreitz/Desktop/Swift-2048-test/Poem\ of\ the\ Day/Poem\ of\ the\ DayUITests/PoemUITests.swift (in target 'Poem of the DayUITests' from project 'Poem of the Day')

SwiftCompile normal arm64 /Users/stephenreitz/Desktop/Swift-2048-test/Poem\ of\ the\ Day/Poem\ of\ the\ DayUITests/PoemUITests.swift (in target 'Poem of the DayUITests' from project 'Poem of the Day')
    cd /Users/stephenreitz/Desktop/Swift-2048-test/Poem\ of\ the\ Day
    
/Users/stephenreitz/Desktop/Swift-2048-test/Poem of the Day/Poem of the DayUITests/PoemUITests.swift:91:13: warning: initialization of immutable value 'initialTitle' was never used; consider replacing with assignment to '_' or removing it
        let initialTitle = initialPoemTitle.label
        ~~~~^~~~~~~~~~~~
        _

SwiftCompile normal arm64 Compiling\ Poem_of_the_DayUITests.swift /Users/stephenreitz/Desktop/Swift-2048-test/Poem\ of\ the\ Day/Poem\ of\ the\ DayUITests/Poem_of_the_DayUITests.swift (in target 'Poem of the DayUITests' from project 'Poem of the Day')

SwiftCompile normal arm64 /Users/stephenreitz/Desktop/Swift-2048-test/Poem\ of\ the\ Day/Poem\ of\ the\ DayUITests/Poem_of_the_DayUITests.swift (in target 'Poem of the DayUITests' from project 'Poem of the Day')
    cd /Users/stephenreitz/Desktop/Swift-2048-test/Poem\ of\ the\ Day
    

SwiftCompile normal arm64 Compiling\ AccessibilityPerformanceUITests.swift /Users/stephenreitz/Desktop/Swift-2048-test/Poem\ of\ the\ Day/Poem\ of\ the\ DayUITests/AccessibilityPerformanceUITests.swift (in target 'Poem of the DayUITests' from project 'Poem of the Day')
SwiftCompile normal arm64 /Users/stephenreitz/Desktop/Swift-2048-test/Poem\ of\ the\ Day/Poem\ of\ the\ DayUITests/AccessibilityPerformanceUITests.swift (in target 'Poem of the DayUITests' from project 'Poem of the Day')
    cd /Users/stephenreitz/Desktop/Swift-2048-test/Poem\ of\ the\ Day
    
/Users/stephenreitz/Desktop/Swift-2048-test/Poem of the Day/Poem of the DayUITests/AccessibilityPerformanceUITests.swift:129:18: warning: result of call to 'tapRefreshButton()' is unused
        mainPage.tapRefreshButton()
                 ^               ~~
/Users/stephenreitz/Desktop/Swift-2048-test/Poem of the Day/Poem of the DayUITests/AccessibilityPerformanceUITests.swift:136:23: warning: result of call to 'tapBackButton()' is unused
        favoritesPage.tapBackButton()
                      ^            ~~
/Users/stephenreitz/Desktop/Swift-2048-test/Poem of the Day/Poem of the DayUITests/AccessibilityPerformanceUITests.swift:192:30: warning: result of call to 'tapFavoriteButton()' is unused
                    mainPage.tapFavoriteButton()
                             ^                ~~
/Users/stephenreitz/Desktop/Swift-2048-test/Poem of the Day/Poem of the DayUITests/AccessibilityPerformanceUITests.swift:232:34: warning: result of call to 'tapBackButton()' is unused
                customPromptPage.tapBackButton()
                                 ^            ~~
/Users/stephenreitz/Desktop/Swift-2048-test/Poem of the Day/Poem of the DayUITests/AccessibilityPerformanceUITests.swift:274:22: warning: result of call to 'tapRefreshButton()' is unused
            mainPage.tapRefreshButton()
                     ^               ~~
/Users/stephenreitz/Desktop/Swift-2048-test/Poem of the Day/Poem of the DayUITests/AccessibilityPerformanceUITests.swift:288:22: warning: result of call to 'tapRefreshButton()' is unused
            mainPage.tapRefreshButton()
                     ^               ~~
/Users/stephenreitz/Desktop/Swift-2048-test/Poem of the Day/Poem of the DayUITests/AccessibilityPerformanceUITests.swift:295:35: warning: result of call to 'tapBackButton()' is unused
                    favoritesPage.tapBackButton()
                                  ^            ~~
/Users/stephenreitz/Desktop/Swift-2048-test/Poem of the Day/Poem of the DayUITests/AccessibilityPerformanceUITests.swift:301:30: warning: result of call to 'tapFavoriteButton()' is unused
                    mainPage.tapFavoriteButton()
                             ^                ~~
/Users/stephenreitz/Desktop/Swift-2048-test/Poem of the Day/Poem of the DayUITests/AccessibilityPerformanceUITests.swift:303:30: warning: result of call to 'tapUnfavoriteButton()' is unused
                    mainPage.tapUnfavoriteButton()
                             ^                  ~~
/Users/stephenreitz/Desktop/Swift-2048-test/Poem of the Day/Poem of the DayUITests/AccessibilityPerformanceUITests.swift:344:23: warning: result of call to 'tapBackButton()' is unused
        favoritesPage.tapBackButton()
                      ^            ~~
/Users/stephenreitz/Desktop/Swift-2048-test/Poem of the Day/Poem of the DayUITests/AccessibilityPerformanceUITests.swift:364:32: warning: result of call to 'tapGenerateButton()' is unused
            vibeGenerationPage.tapGenerateButton()
                               ^                ~~
/Users/stephenreitz/Desktop/Swift-2048-test/Poem of the Day/Poem of the DayUITests/AccessibilityPerformanceUITests.swift:372:32: warning: result of call to 'tapBackButton()' is unused
            vibeGenerationPage.tapBackButton()
                               ^            ~~
/Users/stephenreitz/Desktop/Swift-2048-test/Poem of the Day/Poem of the DayUITests/AccessibilityPerformanceUITests.swift:387:22: warning: result of call to 'tapRefreshButton()' is unused
            mainPage.tapRefreshButton()
                     ^               ~~
/Users/stephenreitz/Desktop/Swift-2048-test/Poem of the Day/Poem of the DayUITests/AccessibilityPerformanceUITests.swift:404:22: warning: result of call to 'tapRefreshButton()' is unused
            mainPage.tapRefreshButton()
                     ^               ~~
/Users/stephenreitz/Desktop/Swift-2048-test/Poem of the Day/Poem of the DayUITests/AccessibilityPerformanceUITests.swift:408:26: warning: result of call to 'tapFavoriteButton()' is unused
                mainPage.tapFavoriteButton()
                         ^                ~~
/Users/stephenreitz/Desktop/Swift-2048-test/Poem of the Day/Poem of the DayUITests/AccessibilityPerformanceUITests.swift:453:26: warning: result of call to 'tapRefreshButton()' is unused
                mainPage.tapRefreshButton()
                         ^               ~~

SwiftEmitModule normal arm64 Emitting\ module\ for\ Poem_of_the_DayTests (in target 'Poem of the DayTests' from project 'Poem of the Day')

EmitSwiftModule normal arm64 (in target 'Poem of the DayTests' from project 'Poem of the Day')
    cd /Users/stephenreitz/Desktop/Swift-2048-test/Poem\ of\ the\ Day
    

ConstructStubExecutorLinkFileList /Users/stephenreitz/Library/Developer/Xcode/DerivedData/Poem_of_the_Day-eculcxybahbpacbbltzjqprhxjep/Build/Intermediates.noindex/Poem\ of\ the\ Day.build/Debug-iphonesimulator/Poem\ of\ the\ Day.build/Poem\ of\ the\ Day-ExecutorLinkFileList-normal-arm64.txt (in target 'Poem of the Day' from project 'Poem of the Day')
    cd /Users/stephenreitz/Desktop/Swift-2048-test/Poem\ of\ the\ Day
    construct-stub-executor-link-file-list /Users/stephenreitz/Library/Developer/Xcode/DerivedData/Poem_of_the_Day-eculcxybahbpacbbltzjqprhxjep/Build/Products/Debug-iphonesimulator/Poem\ of\ the\ Day.app/Poem\ of\ the\ Day.debug.dylib /Applications/Xcode.app/Contents/Developer/Platforms/iPhoneSimulator.platform/Developer/usr/lib/libPreviewsJITStubExecutor_no_swift_entry_point.a /Applications/Xcode.app/Contents/Developer/Platforms/iPhoneSimulator.platform/Developer/usr/lib/libPreviewsJITStubExecutor.a --output /Users/stephenreitz/Library/Developer/Xcode/DerivedData/Poem_of_the_Day-eculcxybahbpacbbltzjqprhxjep/Build/Intermediates.noindex/Poem\ of\ the\ Day.build/Debug-iphonesimulator/Poem\ of\ the\ Day.build/Poem\ of\ the\ Day-ExecutorLinkFileList-normal-arm64.txt
note: Using stub executor library with Swift entry point. (in target 'Poem of the Day' from project 'Poem of the Day')

SwiftDriverJobDiscovery normal arm64 Emitting module for Poem_of_the_DayUITests (in target 'Poem of the DayUITests' from project 'Poem of the Day')

SwiftDriver\ Compilation\ Requirements Poem\ of\ the\ DayUITests normal arm64 com.apple.xcode.tools.swift.compiler (in target 'Poem of the DayUITests' from project 'Poem of the Day')
    cd /Users/stephenreitz/Desktop/Swift-2048-test/Poem\ of\ the\ Day
    builtin-Swift-Compilation-Requirements -- /Applications/Xcode.app/Contents/Developer/Toolchains/XcodeDefault.xctoolchain/usr/bin/swiftc -module-name Poem_of_the_DayUITests -Onone -enforce-exclusivity\=checked @/Users/stephenreitz/Library/Developer/Xcode/DerivedData/Poem_of_the_Day-eculcxybahbpacbbltzjqprhxjep/Build/Intermediates.noindex/Poem\ of\ the\ Day.build/Debug-iphonesimulator/Poem\ of\ the\ DayUITests.build/Objects-normal/arm64/Poem\ of\ the\ DayUITests.SwiftFileList -DDEBUG -module-alias Testing\=_Testing_Unavailable -plugin-path /Applications/Xcode.app/Contents/Developer/Toolchains/XcodeDefault.xctoolchain/usr/lib/swift/host/plugins/testing -enable-bare-slash-regex -enable-experimental-feature DebugDescriptionMacro -sdk /Applications/Xcode.app/Contents/Developer/Platforms/iPhoneSimulator.platform/Developer/SDKs/iPhoneSimulator26.1.sdk -target arm64-apple-ios26.0-simulator -g -module-cache-path /Users/stephenreitz/Library/Developer/Xcode/DerivedData/ModuleCache.noindex -Xfrontend -serialize-debugging-options -enable-testing -index-store-path /Users/stephenreitz/Library/Developer/Xcode/DerivedData/Poem_of_the_Day-eculcxybahbpacbbltzjqprhxjep/Index.noindex/DataStore -Xcc -D_LIBCPP_HARDENING_MODE\=_LIBCPP_HARDENING_MODE_DEBUG -swift-version 5 -I /Users/stephenreitz/Library/Developer/Xcode/DerivedData/Poem_of_the_Day-eculcxybahbpacbbltzjqprhxjep/Build/Products/Debug-iphonesimulator -Isystem /Applications/Xcode.app/Contents/Developer/Platforms/iPhoneSimulator.platform/Developer/usr/lib -F /Users/stephenreitz/Library/Developer/Xcode/DerivedData/Poem_of_the_Day-eculcxybahbpacbbltzjqprhxjep/Build/Products/Debug-iphonesimulator -F /Applications/Xcode.app/Contents/Developer/Platforms/iPhoneSimulator.platform/Developer/Library/Frameworks -F /Applications/Xcode.app/Contents/Developer/Platforms/iPhoneSimulator.platform/Developer/SDKs/iPhoneSimulator26.1.sdk/Developer/Library/Frameworks -c -j12 -enable-batch-mode -incremental -Xcc -ivfsstatcache -Xcc /Users/stephenreitz/Library/Developer/Xcode/DerivedData/SDKStatCaches.noindex/iphonesimulator26.1-23B77-90cf18a4295e390e64c810bc6bd7acbc.sdkstatcache -output-file-map /Users/stephenreitz/Library/Developer/Xcode/DerivedData/Poem_of_the_Day-eculcxybahbpacbbltzjqprhxjep/Build/Intermediates.noindex/Poem\ of\ the\ Day.build/Debug-iphonesimulator/Poem\ of\ the\ DayUITests.build/Objects-normal/arm64/Poem\ of\ the\ DayUITests-OutputFileMap.json -use-frontend-parseable-output -save-temps -no-color-diagnostics -explicit-module-build -module-cache-path /Users/stephenreitz/Library/Developer/Xcode/DerivedData/Poem_of_the_Day-eculcxybahbpacbbltzjqprhxjep/Build/Intermediates.noindex/SwiftExplicitPrecompiledModules -clang-scanner-module-cache-path /Users/stephenreitz/Library/Developer/Xcode/DerivedData/ModuleCache.noindex -sdk-module-cache-path /Users/stephenreitz/Library/Developer/Xcode/DerivedData/ModuleCache.noindex -serialize-diagnostics -emit-dependencies -emit-module -emit-module-path /Users/stephenreitz/Library/Developer/Xcode/DerivedData/Poem_of_the_Day-eculcxybahbpacbbltzjqprhxjep/Build/Intermediates.noindex/Poem\ of\ the\ Day.build/Debug-iphonesimulator/Poem\ of\ the\ DayUITests.build/Objects-normal/arm64/Poem_of_the_DayUITests.swiftmodule -validate-clang-modules-once -clang-build-session-file /Users/stephenreitz/Library/Developer/Xcode/DerivedData/ModuleCache.noindex/Session.modulevalidation -Xcc -I/Users/stephenreitz/Library/Developer/Xcode/DerivedData/Poem_of_the_Day-eculcxybahbpacbbltzjqprhxjep/Build/Intermediates.noindex/Poem\ of\ the\ Day.build/Debug-iphonesimulator/Poem\ of\ the\ DayUITests.build/swift-overrides.hmap -emit-const-values -Xfrontend -const-gather-protocols-file -Xfrontend /Users/stephenreitz/Library/Developer/Xcode/DerivedData/Poem_of_the_Day-eculcxybahbpacbbltzjqprhxjep/Build/Intermediates.noindex/Poem\ of\ the\ Day.build/Debug-iphonesimulator/Poem\ of\ the\ DayUITests.build/Objects-normal/arm64/Poem\ of\ the\ DayUITests_const_extract_protocols.json -Xcc -iquote -Xcc /Users/stephenreitz/Library/Developer/Xcode/DerivedData/Poem_of_the_Day-eculcxybahbpacbbltzjqprhxjep/Build/Intermediates.noindex/Poem\ of\ the\ Day.build/Debug-iphonesimulator/Poem\ of\ the\ DayUITests.build/Poem\ of\ the\ DayUITests-generated-files.hmap -Xcc -I/Users/stephenreitz/Library/Developer/Xcode/DerivedData/Poem_of_the_Day-eculcxybahbpacbbltzjqprhxjep/Build/Intermediates.noindex/Poem\ of\ the\ Day.build/Debug-iphonesimulator/Poem\ of\ the\ DayUITests.build/Poem\ of\ the\ DayUITests-own-target-headers.hmap -Xcc -I/Users/stephenreitz/Library/Developer/Xcode/DerivedData/Poem_of_the_Day-eculcxybahbpacbbltzjqprhxjep/Build/Intermediates.noindex/Poem\ of\ the\ Day.build/Debug-iphonesimulator/Poem\ of\ the\ DayUITests.build/Poem\ of\ the\ DayUITests-all-target-headers.hmap -Xcc -iquote -Xcc /Users/stephenreitz/Library/Developer/Xcode/DerivedData/Poem_of_the_Day-eculcxybahbpacbbltzjqprhxjep/Build/Intermediates.noindex/Poem\ of\ the\ Day.build/Debug-iphonesimulator/Poem\ of\ the\ DayUITests.build/Poem\ of\ the\ DayUITests-project-headers.hmap -Xcc -I/Users/stephenreitz/Library/Developer/Xcode/DerivedData/Poem_of_the_Day-eculcxybahbpacbbltzjqprhxjep/Build/Products/Debug-iphonesimulator/include -Xcc -I/Users/stephenreitz/Library/Developer/Xcode/DerivedData/Poem_of_the_Day-eculcxybahbpacbbltzjqprhxjep/Build/Intermediates.noindex/Poem\ of\ the\ Day.build/Debug-iphonesimulator/Poem\ of\ the\ DayUITests.build/DerivedSources-normal/arm64 -Xcc -I/Users/stephenreitz/Library/Developer/Xcode/DerivedData/Poem_of_the_Day-eculcxybahbpacbbltzjqprhxjep/Build/Intermediates.noindex/Poem\ of\ the\ Day.build/Debug-iphonesimulator/Poem\ of\ the\ DayUITests.build/DerivedSources/arm64 -Xcc -I/Users/stephenreitz/Library/Developer/Xcode/DerivedData/Poem_of_the_Day-eculcxybahbpacbbltzjqprhxjep/Build/Intermediates.noindex/Poem\ of\ the\ Day.build/Debug-iphonesimulator/Poem\ of\ the\ DayUITests.build/DerivedSources -Xcc -DDEBUG\=1 -emit-objc-header -emit-objc-header-path /Users/stephenreitz/Library/Developer/Xcode/DerivedData/Poem_of_the_Day-eculcxybahbpacbbltzjqprhxjep/Build/Intermediates.noindex/Poem\ of\ the\ Day.build/Debug-iphonesimulator/Poem\ of\ the\ DayUITests.build/Objects-normal/arm64/Poem_of_the_DayUITests-Swift.h -working-directory /Users/stephenreitz/Desktop/Swift-2048-test/Poem\ of\ the\ Day -experimental-emit-module-separately -disable-cmo

Ld /Users/stephenreitz/Library/Developer/Xcode/DerivedData/Poem_of_the_Day-eculcxybahbpacbbltzjqprhxjep/Build/Products/Debug-iphonesimulator/Poem\ of\ the\ Day.app/Poem\ of\ the\ Day normal (in target 'Poem of the Day' from project 'Poem of the Day')
    cd /Users/stephenreitz/Desktop/Swift-2048-test/Poem\ of\ the\ Day
    /Applications/Xcode.app/Contents/Developer/Toolchains/XcodeDefault.xctoolchain/usr/bin/clang -Xlinker -reproducible -target arm64-apple-ios26.0-simulator -isysroot /Applications/Xcode.app/Contents/Developer/Platforms/iPhoneSimulator.platform/Developer/SDKs/iPhoneSimulator26.1.sdk -O0 -L/Users/stephenreitz/Library/Developer/Xcode/DerivedData/Poem_of_the_Day-eculcxybahbpacbbltzjqprhxjep/Build/Products/Debug-iphonesimulator -F/Users/stephenreitz/Library/Developer/Xcode/DerivedData/Poem_of_the_Day-eculcxybahbpacbbltzjqprhxjep/Build/Products/Debug-iphonesimulator -Xlinker -rpath -Xlinker @executable_path -Xlinker -rpath -Xlinker @executable_path/Frameworks -rdynamic -Xlinker -no_deduplicate -Xlinker -objc_abi_version -Xlinker 2 -e ___debug_blank_executor_main -Xlinker -sectcreate -Xlinker __TEXT -Xlinker __debug_dylib -Xlinker /Users/stephenreitz/Library/Developer/Xcode/DerivedData/Poem_of_the_Day-eculcxybahbpacbbltzjqprhxjep/Build/Intermediates.noindex/Poem\ of\ the\ Day.build/Debug-iphonesimulator/Poem\ of\ the\ Day.build/Poem\ of\ the\ Day-DebugDylibPath-normal-arm64.txt -Xlinker -sectcreate -Xlinker __TEXT -Xlinker __debug_instlnm -Xlinker /Users/stephenreitz/Library/Developer/Xcode/DerivedData/Poem_of_the_Day-eculcxybahbpacbbltzjqprhxjep/Build/Intermediates.noindex/Poem\ of\ the\ Day.build/Debug-iphonesimulator/Poem\ of\ the\ Day.build/Poem\ of\ the\ Day-DebugDylibInstallName-normal-arm64.txt -Xlinker -filelist -Xlinker /Users/stephenreitz/Library/Developer/Xcode/DerivedData/Poem_of_the_Day-eculcxybahbpacbbltzjqprhxjep/Build/Intermediates.noindex/Poem\ of\ the\ Day.build/Debug-iphonesimulator/Poem\ of\ the\ Day.build/Poem\ of\ the\ Day-ExecutorLinkFileList-normal-arm64.txt -Xlinker -sectcreate -Xlinker __TEXT -Xlinker __entitlements -Xlinker /Users/stephenreitz/Library/Developer/Xcode/DerivedData/Poem_of_the_Day-eculcxybahbpacbbltzjqprhxjep/Build/Intermediates.noindex/Poem\ of\ the\ Day.build/Debug-iphonesimulator/Poem\ of\ the\ Day.build/Poem\ of\ the\ Day.app-Simulated.xcent -Xlinker -sectcreate -Xlinker __TEXT -Xlinker __ents_der -Xlinker /Users/stephenreitz/Library/Developer/Xcode/DerivedData/Poem_of_the_Day-eculcxybahbpacbbltzjqprhxjep/Build/Intermediates.noindex/Poem\ of\ the\ Day.build/Debug-iphonesimulator/Poem\ of\ the\ Day.build/Poem\ of\ the\ Day.app-Simulated.xcent.der /Users/stephenreitz/Library/Developer/Xcode/DerivedData/Poem_of_the_Day-eculcxybahbpacbbltzjqprhxjep/Build/Products/Debug-iphonesimulator/Poem\ of\ the\ Day.app/Poem\ of\ the\ Day.debug.dylib -Xlinker -no_adhoc_codesign -o /Users/stephenreitz/Library/Developer/Xcode/DerivedData/Poem_of_the_Day-eculcxybahbpacbbltzjqprhxjep/Build/Products/Debug-iphonesimulator/Poem\ of\ the\ Day.app/Poem\ of\ the\ Day

Copy /Users/stephenreitz/Library/Developer/Xcode/DerivedData/Poem_of_the_Day-eculcxybahbpacbbltzjqprhxjep/Build/Products/Debug-iphonesimulator/Poem_of_the_DayUITests.swiftmodule/Project/arm64-apple-ios-simulator.swiftsourceinfo /Users/stephenreitz/Library/Developer/Xcode/DerivedData/Poem_of_the_Day-eculcxybahbpacbbltzjqprhxjep/Build/Intermediates.noindex/Poem\ of\ the\ Day.build/Debug-iphonesimulator/Poem\ of\ the\ DayUITests.build/Objects-normal/arm64/Poem_of_the_DayUITests.swiftsourceinfo (in target 'Poem of the DayUITests' from project 'Poem of the Day')
    cd /Users/stephenreitz/Desktop/Swift-2048-test/Poem\ of\ the\ Day
    builtin-copy -exclude .DS_Store -exclude CVS -exclude .svn -exclude .git -exclude .hg -resolve-src-symlinks -rename /Users/stephenreitz/Library/Developer/Xcode/DerivedData/Poem_of_the_Day-eculcxybahbpacbbltzjqprhxjep/Build/Intermediates.noindex/Poem\ of\ the\ Day.build/Debug-iphonesimulator/Poem\ of\ the\ DayUITests.build/Objects-normal/arm64/Poem_of_the_DayUITests.swiftsourceinfo /Users/stephenreitz/Library/Developer/Xcode/DerivedData/Poem_of_the_Day-eculcxybahbpacbbltzjqprhxjep/Build/Products/Debug-iphonesimulator/Poem_of_the_DayUITests.swiftmodule/Project/arm64-apple-ios-simulator.swiftsourceinfo

SwiftDriverJobDiscovery normal arm64 Compiling Poem_of_the_DayUITests.swift (in target 'Poem of the DayUITests' from project 'Poem of the Day')

SwiftCompile normal arm64 Compiling\ AdvancedPerformanceTests.swift,\ DevicePlatformTests.swift /Users/stephenreitz/Desktop/Swift-2048-test/Poem\ of\ the\ Day/Poem\ of\ the\ DayTests/Performance/AdvancedPerformanceTests.swift /Users/stephenreitz/Desktop/Swift-2048-test/Poem\ of\ the\ Day/Poem\ of\ the\ DayTests/Platform/DevicePlatformTests.swift (in target 'Poem of the DayTests' from project 'Poem of the Day')
SwiftCompile normal arm64 /Users/stephenreitz/Desktop/Swift-2048-test/Poem\ of\ the\ Day/Poem\ of\ the\ DayTests/Performance/AdvancedPerformanceTests.swift (in target 'Poem of the DayTests' from project 'Poem of the Day')
    cd /Users/stephenreitz/Desktop/Swift-2048-test/Poem\ of\ the\ Day
    

SwiftCompile normal arm64 /Users/stephenreitz/Desktop/Swift-2048-test/Poem\ of\ the\ Day/Poem\ of\ the\ DayTests/Platform/DevicePlatformTests.swift (in target 'Poem of the DayTests' from project 'Poem of the Day')
    cd /Users/stephenreitz/Desktop/Swift-2048-test/Poem\ of\ the\ Day
    
/Users/stephenreitz/Desktop/Swift-2048-test/Poem of the Day/Poem of the DayTests/Platform/DevicePlatformTests.swift:80:13: warning: immutable value 'i' was never used; consider replacing with '_' or removing it
        for i in 0..<maxConcurrentOperations {
            ^
            _
/Users/stephenreitz/Desktop/Swift-2048-test/Poem of the Day/Poem of the DayTests/Platform/DevicePlatformTests.swift:103:17: warning: immutable value 'i' was never used; consider replacing with '_' or removing it
            for i in 0..<maxConcurrentOperations {
                ^
                _

SwiftCompile normal arm64 Compiling\ LocalizationTests.swift,\ DataMigrationTests.swift /Users/stephenreitz/Desktop/Swift-2048-test/Poem\ of\ the\ Day/Poem\ of\ the\ DayTests/Localization/LocalizationTests.swift /Users/stephenreitz/Desktop/Swift-2048-test/Poem\ of\ the\ Day/Poem\ of\ the\ DayTests/Migration/DataMigrationTests.swift (in target 'Poem of the DayTests' from project 'Poem of the Day')

SwiftCompile normal arm64 /Users/stephenreitz/Desktop/Swift-2048-test/Poem\ of\ the\ Day/Poem\ of\ the\ DayTests/Localization/LocalizationTests.swift (in target 'Poem of the DayTests' from project 'Poem of the Day')
    cd /Users/stephenreitz/Desktop/Swift-2048-test/Poem\ of\ the\ Day
    
/Users/stephenreitz/Desktop/Swift-2048-test/Poem of the Day/Poem of the DayTests/Localization/LocalizationTests.swift:230:14: warning: immutable value 'system' was never used; consider replacing with '_' or removing it
        for (system, distance, temperature) in measurements {
             ^~~~~~
             _

SwiftCompile normal arm64 /Users/stephenreitz/Desktop/Swift-2048-test/Poem\ of\ the\ Day/Poem\ of\ the\ DayTests/Migration/DataMigrationTests.swift (in target 'Poem of the DayTests' from project 'Poem of the Day')
    cd /Users/stephenreitz/Desktop/Swift-2048-test/Poem\ of\ the\ Day
    
/Users/stephenreitz/Desktop/Swift-2048-test/Poem of the Day/Poem of the DayTests/Migration/DataMigrationTests.swift:15:16: warning: value 'suiteName' was defined but never used; consider replacing with boolean test
        if let suiteName = mockUserDefaults.persistentDomain(forName: mockUserDefaults.dictionaryRepresentation().keys.first ?? "") {
           ~~~~^~~~~~~~~~~~
                                                                                                                                    != nil
/Users/stephenreitz/Desktop/Swift-2048-test/Poem of the Day/Poem of the DayTests/Migration/DataMigrationTests.swift:268:27: warning: immutable value 'id' was never used; consider replacing with '_' or removing it
                guard let id = dict["id"] as? String,
                      ~~~~^~
                      _
/Users/stephenreitz/Desktop/Swift-2048-test/Poem of the Day/Poem of the DayTests/Migration/DataMigrationTests.swift:290:19: warning: value 'corruptedData' was defined but never used; consider replacing with boolean test
        guard let corruptedData = userDefaults.data(forKey: "corrupted_favorites") else {
              ~~~~^~~~~~~~~~~~~~~~
                                                                                   != nil

SwiftDriverJobDiscovery normal arm64 Compiling Poem_of_the_DayUITestsLaunchTests.swift (in target 'Poem of the DayUITests' from project 'Poem of the Day')

Copy /Users/stephenreitz/Library/Developer/Xcode/DerivedData/Poem_of_the_Day-eculcxybahbpacbbltzjqprhxjep/Build/Products/Debug-iphonesimulator/Poem_of_the_DayUITests.swiftmodule/arm64-apple-ios-simulator.abi.json /Users/stephenreitz/Library/Developer/Xcode/DerivedData/Poem_of_the_Day-eculcxybahbpacbbltzjqprhxjep/Build/Intermediates.noindex/Poem\ of\ the\ Day.build/Debug-iphonesimulator/Poem\ of\ the\ DayUITests.build/Objects-normal/arm64/Poem_of_the_DayUITests.abi.json (in target 'Poem of the DayUITests' from project 'Poem of the Day')
    cd /Users/stephenreitz/Desktop/Swift-2048-test/Poem\ of\ the\ Day
    builtin-copy -exclude .DS_Store -exclude CVS -exclude .svn -exclude .git -exclude .hg -resolve-src-symlinks -rename /Users/stephenreitz/Library/Developer/Xcode/DerivedData/Poem_of_the_Day-eculcxybahbpacbbltzjqprhxjep/Build/Intermediates.noindex/Poem\ of\ the\ Day.build/Debug-iphonesimulator/Poem\ of\ the\ DayUITests.build/Objects-normal/arm64/Poem_of_the_DayUITests.abi.json /Users/stephenreitz/Library/Developer/Xcode/DerivedData/Poem_of_the_Day-eculcxybahbpacbbltzjqprhxjep/Build/Products/Debug-iphonesimulator/Poem_of_the_DayUITests.swiftmodule/arm64-apple-ios-simulator.abi.json

SwiftCompile normal arm64 Compiling\ MockServices.swift,\ PoemTests.swift /Users/stephenreitz/Desktop/Swift-2048-test/Poem\ of\ the\ Day/Poem\ of\ the\ DayTests/Mocks/MockServices.swift /Users/stephenreitz/Desktop/Swift-2048-test/Poem\ of\ the\ Day/Poem\ of\ the\ DayTests/Models/PoemTests.swift (in target 'Poem of the DayTests' from project 'Poem of the Day')

SwiftCompile normal arm64 /Users/stephenreitz/Desktop/Swift-2048-test/Poem\ of\ the\ Day/Poem\ of\ the\ DayTests/Mocks/MockServices.swift (in target 'Poem of the DayTests' from project 'Poem of the Day')
    cd /Users/stephenreitz/Desktop/Swift-2048-test/Poem\ of\ the\ Day
    

SwiftCompile normal arm64 /Users/stephenreitz/Desktop/Swift-2048-test/Poem\ of\ the\ Day/Poem\ of\ the\ DayTests/Models/PoemTests.swift (in target 'Poem of the DayTests' from project 'Poem of the Day')
    cd /Users/stephenreitz/Desktop/Swift-2048-test/Poem\ of\ the\ Day
    

SwiftDriverJobDiscovery normal arm64 Compiling PoemUITests.swift (in target 'Poem of the DayUITests' from project 'Poem of the Day')

SwiftCompile normal arm64 Compiling\ PoemViewModelTests.swift /Users/stephenreitz/Desktop/Swift-2048-test/Poem\ of\ the\ Day/Poem\ of\ the\ DayTests/ViewModels/PoemViewModelTests.swift (in target 'Poem of the DayTests' from project 'Poem of the Day')

SwiftCompile normal arm64 /Users/stephenreitz/Desktop/Swift-2048-test/Poem\ of\ the\ Day/Poem\ of\ the\ DayTests/ViewModels/PoemViewModelTests.swift (in target 'Poem of the DayTests' from project 'Poem of the Day')
    cd /Users/stephenreitz/Desktop/Swift-2048-test/Poem\ of\ the\ Day
    
/Users/stephenreitz/Desktop/Swift-2048-test/Poem of the Day/Poem of the DayTests/ViewModels/PoemViewModelTests.swift:85:13: warning: initialization of immutable value 'vibePoem' was never used; consider replacing with assignment to '_' or removing it
        let vibePoem = TestData.vibePoem
        ~~~~^~~~~~~~
        _

SwiftDriverJobDiscovery normal arm64 Compiling AIFeaturesUITests.swift (in target 'Poem of the DayUITests' from project 'Poem of the Day')

SwiftCompile normal arm64 Compiling\ NetworkServiceTests.swift /Users/stephenreitz/Desktop/Swift-2048-test/Poem\ of\ the\ Day/Poem\ of\ the\ DayTests/Services/NetworkServiceTests.swift (in target 'Poem of the DayTests' from project 'Poem of the Day')

SwiftCompile normal arm64 /Users/stephenreitz/Desktop/Swift-2048-test/Poem\ of\ the\ Day/Poem\ of\ the\ DayTests/Services/NetworkServiceTests.swift (in target 'Poem of the DayTests' from project 'Poem of the Day')
    cd /Users/stephenreitz/Desktop/Swift-2048-test/Poem\ of\ the\ Day
    

SwiftCompile normal arm64 Compiling\ TestData.swift /Users/stephenreitz/Desktop/Swift-2048-test/Poem\ of\ the\ Day/Poem\ of\ the\ DayTests/TestData/TestData.swift (in target 'Poem of the DayTests' from project 'Poem of the Day')

SwiftCompile normal arm64 /Users/stephenreitz/Desktop/Swift-2048-test/Poem\ of\ the\ Day/Poem\ of\ the\ DayTests/TestData/TestData.swift (in target 'Poem of the DayTests' from project 'Poem of the Day')
    cd /Users/stephenreitz/Desktop/Swift-2048-test/Poem\ of\ the\ Day
    

SwiftDriverJobDiscovery normal arm64 Compiling PageObjects.swift (in target 'Poem of the DayUITests' from project 'Poem of the Day')

SwiftCompile normal arm64 Compiling\ PoemRepositoryTests.swift,\ SecurityInputValidationTests.swift /Users/stephenreitz/Desktop/Swift-2048-test/Poem\ of\ the\ Day/Poem\ of\ the\ DayTests/Repositories/PoemRepositoryTests.swift /Users/stephenreitz/Desktop/Swift-2048-test/Poem\ of\ the\ Day/Poem\ of\ the\ DayTests/Security/SecurityInputValidationTests.swift (in target 'Poem of the DayTests' from project 'Poem of the Day')
SwiftCompile normal arm64 /Users/stephenreitz/Desktop/Swift-2048-test/Poem\ of\ the\ Day/Poem\ of\ the\ DayTests/Repositories/PoemRepositoryTests.swift (in target 'Poem of the DayTests' from project 'Poem of the Day')
    cd /Users/stephenreitz/Desktop/Swift-2048-test/Poem\ of\ the\ Day
    

SwiftCompile normal arm64 /Users/stephenreitz/Desktop/Swift-2048-test/Poem\ of\ the\ Day/Poem\ of\ the\ DayTests/Security/SecurityInputValidationTests.swift (in target 'Poem of the DayTests' from project 'Poem of the Day')
    cd /Users/stephenreitz/Desktop/Swift-2048-test/Poem\ of\ the\ Day
    
/Users/stephenreitz/Desktop/Swift-2048-test/Poem of the Day/Poem of the DayTests/Security/SecurityInputValidationTests.swift:329:13: warning: immutable value 'i' was never used; consider replacing with '_' or removing it
        for i in 0..<10 {
            ^
            _

SwiftDriverJobDiscovery normal arm64 Compiling VibeBackgroundColorUITests.swift (in target 'Poem of the DayUITests' from project 'Poem of the Day')

SwiftCompile normal arm64 Compiling\ TestUtilities.swift /Users/stephenreitz/Desktop/Swift-2048-test/Poem\ of\ the\ Day/Poem\ of\ the\ DayTests/TestUtilities/TestUtilities.swift (in target 'Poem of the DayTests' from project 'Poem of the Day')

SwiftCompile normal arm64 /Users/stephenreitz/Desktop/Swift-2048-test/Poem\ of\ the\ Day/Poem\ of\ the\ DayTests/TestUtilities/TestUtilities.swift (in target 'Poem of the DayTests' from project 'Poem of the Day')
    cd /Users/stephenreitz/Desktop/Swift-2048-test/Poem\ of\ the\ Day
    

SwiftDriverJobDiscovery normal arm64 Compiling ErrorScenarioUITests.swift (in target 'Poem of the DayUITests' from project 'Poem of the Day')

SwiftCompile normal arm64 Compiling\ Poem_of_the_DayTests.swift /Users/stephenreitz/Desktop/Swift-2048-test/Poem\ of\ the\ Day/Poem\ of\ the\ DayTests/Poem_of_the_DayTests.swift (in target 'Poem of the DayTests' from project 'Poem of the Day')

SwiftCompile normal arm64 /Users/stephenreitz/Desktop/Swift-2048-test/Poem\ of\ the\ Day/Poem\ of\ the\ DayTests/Poem_of_the_DayTests.swift (in target 'Poem of the DayTests' from project 'Poem of the Day')
    cd /Users/stephenreitz/Desktop/Swift-2048-test/Poem\ of\ the\ Day
    

SwiftDriverJobDiscovery normal arm64 Compiling TelemetryUITests.swift (in target 'Poem of the DayUITests' from project 'Poem of the Day')

SwiftCompile normal arm64 Compiling\ EdgeCaseScenarioTests.swift,\ ComprehensiveIntegrationTests.swift /Users/stephenreitz/Desktop/Swift-2048-test/Poem\ of\ the\ Day/Poem\ of\ the\ DayTests/EdgeCases/EdgeCaseScenarioTests.swift /Users/stephenreitz/Desktop/Swift-2048-test/Poem\ of\ the\ Day/Poem\ of\ the\ DayTests/Integration/ComprehensiveIntegrationTests.swift (in target 'Poem of the DayTests' from project 'Poem of the Day')
SwiftCompile normal arm64 /Users/stephenreitz/Desktop/Swift-2048-test/Poem\ of\ the\ Day/Poem\ of\ the\ DayTests/EdgeCases/EdgeCaseScenarioTests.swift (in target 'Poem of the DayTests' from project 'Poem of the Day')
    cd /Users/stephenreitz/Desktop/Swift-2048-test/Poem\ of\ the\ Day
    
/Users/stephenreitz/Desktop/Swift-2048-test/Poem of the Day/Poem of the DayTests/EdgeCases/EdgeCaseScenarioTests.swift:159:21: warning: initialization of immutable value 'decodedPoem' was never used; consider replacing with assignment to '_' or removing it
                let decodedPoem = try decoder.decode(Poem.self, from: encodedData)
                ~~~~^~~~~~~~~~~
                _
/Users/stephenreitz/Desktop/Swift-2048-test/Poem of the Day/Poem of the DayTests/EdgeCases/EdgeCaseScenarioTests.swift:401:17: warning: initialization of immutable value 'result' was never used; consider replacing with assignment to '_' or removing it
            let result = waiter.wait(for: expectations, timeout: timeout)
            ~~~~^~~~~~
            _

SwiftCompile normal arm64 /Users/stephenreitz/Desktop/Swift-2048-test/Poem\ of\ the\ Day/Poem\ of\ the\ DayTests/Integration/ComprehensiveIntegrationTests.swift (in target 'Poem of the DayTests' from project 'Poem of the Day')
    cd /Users/stephenreitz/Desktop/Swift-2048-test/Poem\ of\ the\ Day
    
/Users/stephenreitz/Desktop/Swift-2048-test/Poem of the Day/Poem of the DayTests/Integration/ComprehensiveIntegrationTests.swift:271:19: warning: constant 'poem1' inferred to have type '()', which may be unexpected
        async let poem1 = viewModel.refreshPoem()
                  ^
/Users/stephenreitz/Desktop/Swift-2048-test/Poem of the Day/Poem of the DayTests/Integration/ComprehensiveIntegrationTests.swift:271:19: note: add an explicit type annotation to silence this warning
        async let poem1 = viewModel.refreshPoem()
                  ^
                       : ()
/Users/stephenreitz/Desktop/Swift-2048-test/Poem of the Day/Poem of the DayTests/Integration/ComprehensiveIntegrationTests.swift:272:19: warning: constant 'poem2' inferred to have type '()', which may be unexpected
        async let poem2 = viewModel.loadInitialData()
                  ^
/Users/stephenreitz/Desktop/Swift-2048-test/Poem of the Day/Poem of the DayTests/Integration/ComprehensiveIntegrationTests.swift:272:19: note: add an explicit type annotation to silence this warning
        async let poem2 = viewModel.loadInitialData()
                  ^
                       : ()

SwiftDriverJobDiscovery normal arm64 Emitting module for Poem_of_the_DayTests (in target 'Poem of the DayTests' from project 'Poem of the Day')

SwiftDriver\ Compilation\ Requirements Poem\ of\ the\ DayTests normal arm64 com.apple.xcode.tools.swift.compiler (in target 'Poem of the DayTests' from project 'Poem of the Day')
    cd /Users/stephenreitz/Desktop/Swift-2048-test/Poem\ of\ the\ Day
    builtin-Swift-Compilation-Requirements -- /Applications/Xcode.app/Contents/Developer/Toolchains/XcodeDefault.xctoolchain/usr/bin/swiftc -module-name Poem_of_the_DayTests -Onone -enforce-exclusivity\=checked @/Users/stephenreitz/Library/Developer/Xcode/DerivedData/Poem_of_the_Day-eculcxybahbpacbbltzjqprhxjep/Build/Intermediates.noindex/Poem\ of\ the\ Day.build/Debug-iphonesimulator/Poem\ of\ the\ DayTests.build/Objects-normal/arm64/Poem\ of\ the\ DayTests.SwiftFileList -DDEBUG -plugin-path /Applications/Xcode.app/Contents/Developer/Toolchains/XcodeDefault.xctoolchain/usr/lib/swift/host/plugins/testing -enable-bare-slash-regex -enable-experimental-feature DebugDescriptionMacro -sdk /Applications/Xcode.app/Contents/Developer/Platforms/iPhoneSimulator.platform/Developer/SDKs/iPhoneSimulator26.1.sdk -target arm64-apple-ios26.0-simulator -g -module-cache-path /Users/stephenreitz/Library/Developer/Xcode/DerivedData/ModuleCache.noindex -Xfrontend -serialize-debugging-options -enable-testing -index-store-path /Users/stephenreitz/Library/Developer/Xcode/DerivedData/Poem_of_the_Day-eculcxybahbpacbbltzjqprhxjep/Index.noindex/DataStore -Xcc -D_LIBCPP_HARDENING_MODE\=_LIBCPP_HARDENING_MODE_DEBUG -swift-version 5 -I /Users/stephenreitz/Library/Developer/Xcode/DerivedData/Poem_of_the_Day-eculcxybahbpacbbltzjqprhxjep/Build/Products/Debug-iphonesimulator -Isystem /Applications/Xcode.app/Contents/Developer/Platforms/iPhoneSimulator.platform/Developer/usr/lib -F /Users/stephenreitz/Library/Developer/Xcode/DerivedData/Poem_of_the_Day-eculcxybahbpacbbltzjqprhxjep/Build/Products/Debug-iphonesimulator -F /Applications/Xcode.app/Contents/Developer/Platforms/iPhoneSimulator.platform/Developer/Library/Frameworks -F /Applications/Xcode.app/Contents/Developer/Platforms/iPhoneSimulator.platform/Developer/SDKs/iPhoneSimulator26.1.sdk/Developer/Library/Frameworks -c -j12 -enable-batch-mode -incremental -Xcc -ivfsstatcache -Xcc /Users/stephenreitz/Library/Developer/Xcode/DerivedData/SDKStatCaches.noindex/iphonesimulator26.1-23B77-90cf18a4295e390e64c810bc6bd7acbc.sdkstatcache -output-file-map /Users/stephenreitz/Library/Developer/Xcode/DerivedData/Poem_of_the_Day-eculcxybahbpacbbltzjqprhxjep/Build/Intermediates.noindex/Poem\ of\ the\ Day.build/Debug-iphonesimulator/Poem\ of\ the\ DayTests.build/Objects-normal/arm64/Poem\ of\ the\ DayTests-OutputFileMap.json -use-frontend-parseable-output -save-temps -no-color-diagnostics -explicit-module-build -module-cache-path /Users/stephenreitz/Library/Developer/Xcode/DerivedData/Poem_of_the_Day-eculcxybahbpacbbltzjqprhxjep/Build/Intermediates.noindex/SwiftExplicitPrecompiledModules -clang-scanner-module-cache-path /Users/stephenreitz/Library/Developer/Xcode/DerivedData/ModuleCache.noindex -sdk-module-cache-path /Users/stephenreitz/Library/Developer/Xcode/DerivedData/ModuleCache.noindex -serialize-diagnostics -emit-dependencies -emit-module -emit-module-path /Users/stephenreitz/Library/Developer/Xcode/DerivedData/Poem_of_the_Day-eculcxybahbpacbbltzjqprhxjep/Build/Intermediates.noindex/Poem\ of\ the\ Day.build/Debug-iphonesimulator/Poem\ of\ the\ DayTests.build/Objects-normal/arm64/Poem_of_the_DayTests.swiftmodule -validate-clang-modules-once -clang-build-session-file /Users/stephenreitz/Library/Developer/Xcode/DerivedData/ModuleCache.noindex/Session.modulevalidation -Xcc -I/Users/stephenreitz/Library/Developer/Xcode/DerivedData/Poem_of_the_Day-eculcxybahbpacbbltzjqprhxjep/Build/Intermediates.noindex/Poem\ of\ the\ Day.build/Debug-iphonesimulator/Poem\ of\ the\ DayTests.build/swift-overrides.hmap -emit-const-values -Xfrontend -const-gather-protocols-file -Xfrontend /Users/stephenreitz/Library/Developer/Xcode/DerivedData/Poem_of_the_Day-eculcxybahbpacbbltzjqprhxjep/Build/Intermediates.noindex/Poem\ of\ the\ Day.build/Debug-iphonesimulator/Poem\ of\ the\ DayTests.build/Objects-normal/arm64/Poem\ of\ the\ DayTests_const_extract_protocols.json -Xcc -iquote -Xcc /Users/stephenreitz/Library/Developer/Xcode/DerivedData/Poem_of_the_Day-eculcxybahbpacbbltzjqprhxjep/Build/Intermediates.noindex/Poem\ of\ the\ Day.build/Debug-iphonesimulator/Poem\ of\ the\ DayTests.build/Poem\ of\ the\ DayTests-generated-files.hmap -Xcc -I/Users/stephenreitz/Library/Developer/Xcode/DerivedData/Poem_of_the_Day-eculcxybahbpacbbltzjqprhxjep/Build/Intermediates.noindex/Poem\ of\ the\ Day.build/Debug-iphonesimulator/Poem\ of\ the\ DayTests.build/Poem\ of\ the\ DayTests-own-target-headers.hmap -Xcc -I/Users/stephenreitz/Library/Developer/Xcode/DerivedData/Poem_of_the_Day-eculcxybahbpacbbltzjqprhxjep/Build/Intermediates.noindex/Poem\ of\ the\ Day.build/Debug-iphonesimulator/Poem\ of\ the\ DayTests.build/Poem\ of\ the\ DayTests-all-target-headers.hmap -Xcc -iquote -Xcc /Users/stephenreitz/Library/Developer/Xcode/DerivedData/Poem_of_the_Day-eculcxybahbpacbbltzjqprhxjep/Build/Intermediates.noindex/Poem\ of\ the\ Day.build/Debug-iphonesimulator/Poem\ of\ the\ DayTests.build/Poem\ of\ the\ DayTests-project-headers.hmap -Xcc -I/Users/stephenreitz/Library/Developer/Xcode/DerivedData/Poem_of_the_Day-eculcxybahbpacbbltzjqprhxjep/Build/Products/Debug-iphonesimulator/include -Xcc -I/Users/stephenreitz/Library/Developer/Xcode/DerivedData/Poem_of_the_Day-eculcxybahbpacbbltzjqprhxjep/Build/Intermediates.noindex/Poem\ of\ the\ Day.build/Debug-iphonesimulator/Poem\ of\ the\ DayTests.build/DerivedSources-normal/arm64 -Xcc -I/Users/stephenreitz/Library/Developer/Xcode/DerivedData/Poem_of_the_Day-eculcxybahbpacbbltzjqprhxjep/Build/Intermediates.noindex/Poem\ of\ the\ Day.build/Debug-iphonesimulator/Poem\ of\ the\ DayTests.build/DerivedSources/arm64 -Xcc -I/Users/stephenreitz/Library/Developer/Xcode/DerivedData/Poem_of_the_Day-eculcxybahbpacbbltzjqprhxjep/Build/Intermediates.noindex/Poem\ of\ the\ Day.build/Debug-iphonesimulator/Poem\ of\ the\ DayTests.build/DerivedSources -Xcc -DDEBUG\=1 -emit-objc-header -emit-objc-header-path /Users/stephenreitz/Library/Developer/Xcode/DerivedData/Poem_of_the_Day-eculcxybahbpacbbltzjqprhxjep/Build/Intermediates.noindex/Poem\ of\ the\ Day.build/Debug-iphonesimulator/Poem\ of\ the\ DayTests.build/Objects-normal/arm64/Poem_of_the_DayTests-Swift.h -working-directory /Users/stephenreitz/Desktop/Swift-2048-test/Poem\ of\ the\ Day -experimental-emit-module-separately -disable-cmo

SwiftDriverJobDiscovery normal arm64 Compiling WidgetUITests.swift (in target 'Poem of the DayUITests' from project 'Poem of the Day')

SwiftCompile normal arm64 Compiling\ NewsServiceTests.swift /Users/stephenreitz/Desktop/Swift-2048-test/Poem\ of\ the\ Day/Poem\ of\ the\ DayTests/Services/NewsServiceTests.swift (in target 'Poem of the DayTests' from project 'Poem of the Day')

SwiftCompile normal arm64 /Users/stephenreitz/Desktop/Swift-2048-test/Poem\ of\ the\ Day/Poem\ of\ the\ DayTests/Services/NewsServiceTests.swift (in target 'Poem of the DayTests' from project 'Poem of the Day')
    cd /Users/stephenreitz/Desktop/Swift-2048-test/Poem\ of\ the\ Day
    

Copy /Users/stephenreitz/Library/Developer/Xcode/DerivedData/Poem_of_the_Day-eculcxybahbpacbbltzjqprhxjep/Build/Products/Debug-iphonesimulator/Poem_of_the_DayTests.swiftmodule/Project/arm64-apple-ios-simulator.swiftsourceinfo /Users/stephenreitz/Library/Developer/Xcode/DerivedData/Poem_of_the_Day-eculcxybahbpacbbltzjqprhxjep/Build/Intermediates.noindex/Poem\ of\ the\ Day.build/Debug-iphonesimulator/Poem\ of\ the\ DayTests.build/Objects-normal/arm64/Poem_of_the_DayTests.swiftsourceinfo (in target 'Poem of the DayTests' from project 'Poem of the Day')
    cd /Users/stephenreitz/Desktop/Swift-2048-test/Poem\ of\ the\ Day
    builtin-copy -exclude .DS_Store -exclude CVS -exclude .svn -exclude .git -exclude .hg -resolve-src-symlinks -rename /Users/stephenreitz/Library/Developer/Xcode/DerivedData/Poem_of_the_Day-eculcxybahbpacbbltzjqprhxjep/Build/Intermediates.noindex/Poem\ of\ the\ Day.build/Debug-iphonesimulator/Poem\ of\ the\ DayTests.build/Objects-normal/arm64/Poem_of_the_DayTests.swiftsourceinfo /Users/stephenreitz/Library/Developer/Xcode/DerivedData/Poem_of_the_Day-eculcxybahbpacbbltzjqprhxjep/Build/Products/Debug-iphonesimulator/Poem_of_the_DayTests.swiftmodule/Project/arm64-apple-ios-simulator.swiftsourceinfo

SwiftDriverJobDiscovery normal arm64 Compiling AccessibilityPerformanceUITests.swift (in target 'Poem of the DayUITests' from project 'Poem of the Day')

SwiftCompile normal arm64 Compiling\ BackgroundProcessingTests.swift,\ VibeAnalyzerTests.swift /Users/stephenreitz/Desktop/Swift-2048-test/Poem\ of\ the\ Day/Poem\ of\ the\ DayTests/Background/BackgroundProcessingTests.swift /Users/stephenreitz/Desktop/Swift-2048-test/Poem\ of\ the\ Day/Poem\ of\ the\ DayTests/Core/VibeAnalyzerTests.swift (in target 'Poem of the DayTests' from project 'Poem of the Day')

SwiftCompile normal arm64 /Users/stephenreitz/Desktop/Swift-2048-test/Poem\ of\ the\ Day/Poem\ of\ the\ DayTests/Background/BackgroundProcessingTests.swift (in target 'Poem of the DayTests' from project 'Poem of the Day')
    cd /Users/stephenreitz/Desktop/Swift-2048-test/Poem\ of\ the\ Day
    
/Users/stephenreitz/Desktop/Swift-2048-test/Poem of the Day/Poem of the DayTests/Background/BackgroundProcessingTests.swift:70:13: warning: initialization of immutable value 'initialPoem' was never used; consider replacing with assignment to '_' or removing it
        let initialPoem = viewModel.poemOfTheDay
        ~~~~^~~~~~~~~~~
        _
/Users/stephenreitz/Desktop/Swift-2048-test/Poem of the Day/Poem of the DayTests/Background/BackgroundProcessingTests.swift:338:13: warning: initialization of immutable value 'originalState' was never used; consider replacing with assignment to '_' or removing it
        let originalState = viewModel.isLoading
        ~~~~^~~~~~~~~~~~~
        _
/Users/stephenreitz/Desktop/Swift-2048-test/Poem of the Day/Poem of the DayTests/Background/BackgroundProcessingTests.swift:382:17: warning: initialization of immutable value 'result' was never used; consider replacing with assignment to '_' or removing it
            let result = waiter.wait(for: expectations, timeout: timeout)
            ~~~~^~~~~~
            _

SwiftCompile normal arm64 /Users/stephenreitz/Desktop/Swift-2048-test/Poem\ of\ the\ Day/Poem\ of\ the\ DayTests/Core/VibeAnalyzerTests.swift (in target 'Poem of the DayTests' from project 'Poem of the Day')
    cd /Users/stephenreitz/Desktop/Swift-2048-test/Poem\ of\ the\ Day
    

Copy /Users/stephenreitz/Library/Developer/Xcode/DerivedData/Poem_of_the_Day-eculcxybahbpacbbltzjqprhxjep/Build/Products/Debug-iphonesimulator/Poem_of_the_DayTests.swiftmodule/arm64-apple-ios-simulator.abi.json /Users/stephenreitz/Library/Developer/Xcode/DerivedData/Poem_of_the_Day-eculcxybahbpacbbltzjqprhxjep/Build/Intermediates.noindex/Poem\ of\ the\ Day.build/Debug-iphonesimulator/Poem\ of\ the\ DayTests.build/Objects-normal/arm64/Poem_of_the_DayTests.abi.json (in target 'Poem of the DayTests' from project 'Poem of the Day')
    cd /Users/stephenreitz/Desktop/Swift-2048-test/Poem\ of\ the\ Day
    builtin-copy -exclude .DS_Store -exclude CVS -exclude .svn -exclude .git -exclude .hg -resolve-src-symlinks -rename /Users/stephenreitz/Library/Developer/Xcode/DerivedData/Poem_of_the_Day-eculcxybahbpacbbltzjqprhxjep/Build/Intermediates.noindex/Poem\ of\ the\ Day.build/Debug-iphonesimulator/Poem\ of\ the\ DayTests.build/Objects-normal/arm64/Poem_of_the_DayTests.abi.json /Users/stephenreitz/Library/Developer/Xcode/DerivedData/Poem_of_the_Day-eculcxybahbpacbbltzjqprhxjep/Build/Products/Debug-iphonesimulator/Poem_of_the_DayTests.swiftmodule/arm64-apple-ios-simulator.abi.json

SwiftDriverJobDiscovery normal arm64 Compiling Poem_of_the_DayTests.swift (in target 'Poem of the DayTests' from project 'Poem of the Day')

SwiftDriver\ Compilation Poem\ of\ the\ DayUITests normal arm64 com.apple.xcode.tools.swift.compiler (in target 'Poem of the DayUITests' from project 'Poem of the Day')
    cd /Users/stephenreitz/Desktop/Swift-2048-test/Poem\ of\ the\ Day
    builtin-Swift-Compilation -- /Applications/Xcode.app/Contents/Developer/Toolchains/XcodeDefault.xctoolchain/usr/bin/swiftc -module-name Poem_of_the_DayUITests -Onone -enforce-exclusivity\=checked @/Users/stephenreitz/Library/Developer/Xcode/DerivedData/Poem_of_the_Day-eculcxybahbpacbbltzjqprhxjep/Build/Intermediates.noindex/Poem\ of\ the\ Day.build/Debug-iphonesimulator/Poem\ of\ the\ DayUITests.build/Objects-normal/arm64/Poem\ of\ the\ DayUITests.SwiftFileList -DDEBUG -module-alias Testing\=_Testing_Unavailable -plugin-path /Applications/Xcode.app/Contents/Developer/Toolchains/XcodeDefault.xctoolchain/usr/lib/swift/host/plugins/testing -enable-bare-slash-regex -enable-experimental-feature DebugDescriptionMacro -sdk /Applications/Xcode.app/Contents/Developer/Platforms/iPhoneSimulator.platform/Developer/SDKs/iPhoneSimulator26.1.sdk -target arm64-apple-ios26.0-simulator -g -module-cache-path /Users/stephenreitz/Library/Developer/Xcode/DerivedData/ModuleCache.noindex -Xfrontend -serialize-debugging-options -enable-testing -index-store-path /Users/stephenreitz/Library/Developer/Xcode/DerivedData/Poem_of_the_Day-eculcxybahbpacbbltzjqprhxjep/Index.noindex/DataStore -Xcc -D_LIBCPP_HARDENING_MODE\=_LIBCPP_HARDENING_MODE_DEBUG -swift-version 5 -I /Users/stephenreitz/Library/Developer/Xcode/DerivedData/Poem_of_the_Day-eculcxybahbpacbbltzjqprhxjep/Build/Products/Debug-iphonesimulator -Isystem /Applications/Xcode.app/Contents/Developer/Platforms/iPhoneSimulator.platform/Developer/usr/lib -F /Users/stephenreitz/Library/Developer/Xcode/DerivedData/Poem_of_the_Day-eculcxybahbpacbbltzjqprhxjep/Build/Products/Debug-iphonesimulator -F /Applications/Xcode.app/Contents/Developer/Platforms/iPhoneSimulator.platform/Developer/Library/Frameworks -F /Applications/Xcode.app/Contents/Developer/Platforms/iPhoneSimulator.platform/Developer/SDKs/iPhoneSimulator26.1.sdk/Developer/Library/Frameworks -c -j12 -enable-batch-mode -incremental -Xcc -ivfsstatcache -Xcc /Users/stephenreitz/Library/Developer/Xcode/DerivedData/SDKStatCaches.noindex/iphonesimulator26.1-23B77-90cf18a4295e390e64c810bc6bd7acbc.sdkstatcache -output-file-map /Users/stephenreitz/Library/Developer/Xcode/DerivedData/Poem_of_the_Day-eculcxybahbpacbbltzjqprhxjep/Build/Intermediates.noindex/Poem\ of\ the\ Day.build/Debug-iphonesimulator/Poem\ of\ the\ DayUITests.build/Objects-normal/arm64/Poem\ of\ the\ DayUITests-OutputFileMap.json -use-frontend-parseable-output -save-temps -no-color-diagnostics -explicit-module-build -module-cache-path /Users/stephenreitz/Library/Developer/Xcode/DerivedData/Poem_of_the_Day-eculcxybahbpacbbltzjqprhxjep/Build/Intermediates.noindex/SwiftExplicitPrecompiledModules -clang-scanner-module-cache-path /Users/stephenreitz/Library/Developer/Xcode/DerivedData/ModuleCache.noindex -sdk-module-cache-path /Users/stephenreitz/Library/Developer/Xcode/DerivedData/ModuleCache.noindex -serialize-diagnostics -emit-dependencies -emit-module -emit-module-path /Users/stephenreitz/Library/Developer/Xcode/DerivedData/Poem_of_the_Day-eculcxybahbpacbbltzjqprhxjep/Build/Intermediates.noindex/Poem\ of\ the\ Day.build/Debug-iphonesimulator/Poem\ of\ the\ DayUITests.build/Objects-normal/arm64/Poem_of_the_DayUITests.swiftmodule -validate-clang-modules-once -clang-build-session-file /Users/stephenreitz/Library/Developer/Xcode/DerivedData/ModuleCache.noindex/Session.modulevalidation -Xcc -I/Users/stephenreitz/Library/Developer/Xcode/DerivedData/Poem_of_the_Day-eculcxybahbpacbbltzjqprhxjep/Build/Intermediates.noindex/Poem\ of\ the\ Day.build/Debug-iphonesimulator/Poem\ of\ the\ DayUITests.build/swift-overrides.hmap -emit-const-values -Xfrontend -const-gather-protocols-file -Xfrontend /Users/stephenreitz/Library/Developer/Xcode/DerivedData/Poem_of_the_Day-eculcxybahbpacbbltzjqprhxjep/Build/Intermediates.noindex/Poem\ of\ the\ Day.build/Debug-iphonesimulator/Poem\ of\ the\ DayUITests.build/Objects-normal/arm64/Poem\ of\ the\ DayUITests_const_extract_protocols.json -Xcc -iquote -Xcc /Users/stephenreitz/Library/Developer/Xcode/DerivedData/Poem_of_the_Day-eculcxybahbpacbbltzjqprhxjep/Build/Intermediates.noindex/Poem\ of\ the\ Day.build/Debug-iphonesimulator/Poem\ of\ the\ DayUITests.build/Poem\ of\ the\ DayUITests-generated-files.hmap -Xcc -I/Users/stephenreitz/Library/Developer/Xcode/DerivedData/Poem_of_the_Day-eculcxybahbpacbbltzjqprhxjep/Build/Intermediates.noindex/Poem\ of\ the\ Day.build/Debug-iphonesimulator/Poem\ of\ the\ DayUITests.build/Poem\ of\ the\ DayUITests-own-target-headers.hmap -Xcc -I/Users/stephenreitz/Library/Developer/Xcode/DerivedData/Poem_of_the_Day-eculcxybahbpacbbltzjqprhxjep/Build/Intermediates.noindex/Poem\ of\ the\ Day.build/Debug-iphonesimulator/Poem\ of\ the\ DayUITests.build/Poem\ of\ the\ DayUITests-all-target-headers.hmap -Xcc -iquote -Xcc /Users/stephenreitz/Library/Developer/Xcode/DerivedData/Poem_of_the_Day-eculcxybahbpacbbltzjqprhxjep/Build/Intermediates.noindex/Poem\ of\ the\ Day.build/Debug-iphonesimulator/Poem\ of\ the\ DayUITests.build/Poem\ of\ the\ DayUITests-project-headers.hmap -Xcc -I/Users/stephenreitz/Library/Developer/Xcode/DerivedData/Poem_of_the_Day-eculcxybahbpacbbltzjqprhxjep/Build/Products/Debug-iphonesimulator/include -Xcc -I/Users/stephenreitz/Library/Developer/Xcode/DerivedData/Poem_of_the_Day-eculcxybahbpacbbltzjqprhxjep/Build/Intermediates.noindex/Poem\ of\ the\ Day.build/Debug-iphonesimulator/Poem\ of\ the\ DayUITests.build/DerivedSources-normal/arm64 -Xcc -I/Users/stephenreitz/Library/Developer/Xcode/DerivedData/Poem_of_the_Day-eculcxybahbpacbbltzjqprhxjep/Build/Intermediates.noindex/Poem\ of\ the\ Day.build/Debug-iphonesimulator/Poem\ of\ the\ DayUITests.build/DerivedSources/arm64 -Xcc -I/Users/stephenreitz/Library/Developer/Xcode/DerivedData/Poem_of_the_Day-eculcxybahbpacbbltzjqprhxjep/Build/Intermediates.noindex/Poem\ of\ the\ Day.build/Debug-iphonesimulator/Poem\ of\ the\ DayUITests.build/DerivedSources -Xcc -DDEBUG\=1 -emit-objc-header -emit-objc-header-path /Users/stephenreitz/Library/Developer/Xcode/DerivedData/Poem_of_the_Day-eculcxybahbpacbbltzjqprhxjep/Build/Intermediates.noindex/Poem\ of\ the\ Day.build/Debug-iphonesimulator/Poem\ of\ the\ DayUITests.build/Objects-normal/arm64/Poem_of_the_DayUITests-Swift.h -working-directory /Users/stephenreitz/Desktop/Swift-2048-test/Poem\ of\ the\ Day -experimental-emit-module-separately -disable-cmo

Copy /Users/stephenreitz/Library/Developer/Xcode/DerivedData/Poem_of_the_Day-eculcxybahbpacbbltzjqprhxjep/Build/Products/Debug-iphonesimulator/Poem\ of\ the\ Day.app/PlugIns/Poem\ of\ the\ Day\ WidgetExtension.appex /Users/stephenreitz/Library/Developer/Xcode/DerivedData/Poem_of_the_Day-eculcxybahbpacbbltzjqprhxjep/Build/Products/Debug-iphonesimulator/Poem\ of\ the\ Day\ WidgetExtension.appex (in target 'Poem of the Day' from project 'Poem of the Day')
    cd /Users/stephenreitz/Desktop/Swift-2048-test/Poem\ of\ the\ Day
    builtin-copy -exclude .DS_Store -exclude CVS -exclude .svn -exclude .git -exclude .hg -exclude Headers -exclude PrivateHeaders -exclude Modules -exclude \*.tbd -resolve-src-symlinks -remove-static-executable /Users/stephenreitz/Library/Developer/Xcode/DerivedData/Poem_of_the_Day-eculcxybahbpacbbltzjqprhxjep/Build/Products/Debug-iphonesimulator/Poem\ of\ the\ Day\ WidgetExtension.appex /Users/stephenreitz/Library/Developer/Xcode/DerivedData/Poem_of_the_Day-eculcxybahbpacbbltzjqprhxjep/Build/Products/Debug-iphonesimulator/Poem\ of\ the\ Day.app/PlugIns

ProcessInfoPlistFile /Users/stephenreitz/Library/Developer/Xcode/DerivedData/Poem_of_the_Day-eculcxybahbpacbbltzjqprhxjep/Build/Products/Debug-iphonesimulator/Poem\ of\ the\ Day.app/Info.plist /Users/stephenreitz/Library/Developer/Xcode/DerivedData/Poem_of_the_Day-eculcxybahbpacbbltzjqprhxjep/Build/Intermediates.noindex/Poem\ of\ the\ Day.build/Debug-iphonesimulator/Poem\ of\ the\ Day.build/empty-Poem\ of\ the\ Day.plist (in target 'Poem of the Day' from project 'Poem of the Day')
    cd /Users/stephenreitz/Desktop/Swift-2048-test/Poem\ of\ the\ Day
    builtin-infoPlistUtility /Users/stephenreitz/Library/Developer/Xcode/DerivedData/Poem_of_the_Day-eculcxybahbpacbbltzjqprhxjep/Build/Intermediates.noindex/Poem\ of\ the\ Day.build/Debug-iphonesimulator/Poem\ of\ the\ Day.build/empty-Poem\ of\ the\ Day.plist -producttype com.apple.product-type.application -genpkginfo /Users/stephenreitz/Library/Developer/Xcode/DerivedData/Poem_of_the_Day-eculcxybahbpacbbltzjqprhxjep/Build/Products/Debug-iphonesimulator/Poem\ of\ the\ Day.app/PkgInfo -expandbuildsettings -format binary -platform iphonesimulator -additionalcontentfile /Users/stephenreitz/Library/Developer/Xcode/DerivedData/Poem_of_the_Day-eculcxybahbpacbbltzjqprhxjep/Build/Intermediates.noindex/Poem\ of\ the\ Day.build/Debug-iphonesimulator/Poem\ of\ the\ Day.build/assetcatalog_generated_info.plist -scanforprivacyfile /Users/stephenreitz/Library/Developer/Xcode/DerivedData/Poem_of_the_Day-eculcxybahbpacbbltzjqprhxjep/Build/Products/Debug-iphonesimulator/Poem\ of\ the\ Day.app/PlugIns/Poem\ of\ the\ Day\ WidgetExtension.appex -o /Users/stephenreitz/Library/Developer/Xcode/DerivedData/Poem_of_the_Day-eculcxybahbpacbbltzjqprhxjep/Build/Products/Debug-iphonesimulator/Poem\ of\ the\ Day.app/Info.plist

ExtractAppIntentsMetadata (in target 'Poem of the Day' from project 'Poem of the Day')
    cd /Users/stephenreitz/Desktop/Swift-2048-test/Poem\ of\ the\ Day
    /Applications/Xcode.app/Contents/Developer/Toolchains/XcodeDefault.xctoolchain/usr/bin/appintentsmetadataprocessor --toolchain-dir /Applications/Xcode.app/Contents/Developer/Toolchains/XcodeDefault.xctoolchain --module-name Poem_of_the_Day --sdk-root /Applications/Xcode.app/Contents/Developer/Platforms/iPhoneSimulator.platform/Developer/SDKs/iPhoneSimulator26.1.sdk --xcode-version 17B100 --platform-family iOS --deployment-target 26.0 --bundle-identifier Stevereitz.Poem-of-the-Day --output /Users/stephenreitz/Library/Developer/Xcode/DerivedData/Poem_of_the_Day-eculcxybahbpacbbltzjqprhxjep/Build/Products/Debug-iphonesimulator/Poem\ of\ the\ Day.app --target-triple arm64-apple-ios26.0-simulator --binary-file /Users/stephenreitz/Library/Developer/Xcode/DerivedData/Poem_of_the_Day-eculcxybahbpacbbltzjqprhxjep/Build/Products/Debug-iphonesimulator/Poem\ of\ the\ Day.app/Poem\ of\ the\ Day --dependency-file /Users/stephenreitz/Library/Developer/Xcode/DerivedData/Poem_of_the_Day-eculcxybahbpacbbltzjqprhxjep/Build/Intermediates.noindex/Poem\ of\ the\ Day.build/Debug-iphonesimulator/Poem\ of\ the\ Day.build/Objects-normal/arm64/Poem\ of\ the\ Day_dependency_info.dat --stringsdata-file /Users/stephenreitz/Library/Developer/Xcode/DerivedData/Poem_of_the_Day-eculcxybahbpacbbltzjqprhxjep/Build/Intermediates.noindex/Poem\ of\ the\ Day.build/Debug-iphonesimulator/Poem\ of\ the\ Day.build/Objects-normal/arm64/ExtractedAppShortcutsMetadata.stringsdata --source-file-list /Users/stephenreitz/Library/Developer/Xcode/DerivedData/Poem_of_the_Day-eculcxybahbpacbbltzjqprhxjep/Build/Intermediates.noindex/Poem\ of\ the\ Day.build/Debug-iphonesimulator/Poem\ of\ the\ Day.build/Objects-normal/arm64/Poem\ of\ the\ Day.SwiftFileList --metadata-file-list /Users/stephenreitz/Library/Developer/Xcode/DerivedData/Poem_of_the_Day-eculcxybahbpacbbltzjqprhxjep/Build/Intermediates.noindex/Poem\ of\ the\ Day.build/Debug-iphonesimulator/Poem\ of\ the\ Day.build/Poem\ of\ the\ Day.DependencyMetadataFileList --static-metadata-file-list /Users/stephenreitz/Library/Developer/Xcode/DerivedData/Poem_of_the_Day-eculcxybahbpacbbltzjqprhxjep/Build/Intermediates.noindex/Poem\ of\ the\ Day.build/Debug-iphonesimulator/Poem\ of\ the\ Day.build/Poem\ of\ the\ Day.DependencyStaticMetadataFileList --swift-const-vals-list /Users/stephenreitz/Library/Developer/Xcode/DerivedData/Poem_of_the_Day-eculcxybahbpacbbltzjqprhxjep/Build/Intermediates.noindex/Poem\ of\ the\ Day.build/Debug-iphonesimulator/Poem\ of\ the\ Day.build/Objects-normal/arm64/Poem\ of\ the\ Day.SwiftConstValuesFileList --compile-time-extraction --deployment-aware-processing --validate-assistant-intents --no-app-shortcuts-localization
2025-11-25 15:00:44.821 appintentsmetadataprocessor[96819:14321091] Starting appintentsmetadataprocessor export
2025-11-25 15:00:45.030 appintentsmetadataprocessor[96819:14321091] Extracted no relevant App Intents symbols, skipping writing output

CopySwiftLibs /Users/stephenreitz/Library/Developer/Xcode/DerivedData/Poem_of_the_Day-eculcxybahbpacbbltzjqprhxjep/Build/Products/Debug-iphonesimulator/Poem\ of\ the\ Day.app (in target 'Poem of the Day' from project 'Poem of the Day')
    cd /Users/stephenreitz/Desktop/Swift-2048-test/Poem\ of\ the\ Day
    builtin-swiftStdLibTool --copy --verbose --sign - --scan-executable /Users/stephenreitz/Library/Developer/Xcode/DerivedData/Poem_of_the_Day-eculcxybahbpacbbltzjqprhxjep/Build/Products/Debug-iphonesimulator/Poem\ of\ the\ Day.app/Poem\ of\ the\ Day.debug.dylib --scan-folder /Users/stephenreitz/Library/Developer/Xcode/DerivedData/Poem_of_the_Day-eculcxybahbpacbbltzjqprhxjep/Build/Products/Debug-iphonesimulator/Poem\ of\ the\ Day.app/Frameworks --scan-folder /Users/stephenreitz/Library/Developer/Xcode/DerivedData/Poem_of_the_Day-eculcxybahbpacbbltzjqprhxjep/Build/Products/Debug-iphonesimulator/Poem\ of\ the\ Day.app/PlugIns --scan-folder /Users/stephenreitz/Library/Developer/Xcode/DerivedData/Poem_of_the_Day-eculcxybahbpacbbltzjqprhxjep/Build/Products/Debug-iphonesimulator/Poem\ of\ the\ Day.app/SystemExtensions --scan-folder /Users/stephenreitz/Library/Developer/Xcode/DerivedData/Poem_of_the_Day-eculcxybahbpacbbltzjqprhxjep/Build/Products/Debug-iphonesimulator/Poem\ of\ the\ Day.app/Extensions --platform iphonesimulator --toolchain /Applications/Xcode.app/Contents/Developer/Toolchains/XcodeDefault.xctoolchain --destination /Users/stephenreitz/Library/Developer/Xcode/DerivedData/Poem_of_the_Day-eculcxybahbpacbbltzjqprhxjep/Build/Products/Debug-iphonesimulator/Poem\ of\ the\ Day.app/Frameworks --strip-bitcode --strip-bitcode-tool /Applications/Xcode.app/Contents/Developer/Toolchains/XcodeDefault.xctoolchain/usr/bin/bitcode_strip --emit-dependency-info /Users/stephenreitz/Library/Developer/Xcode/DerivedData/Poem_of_the_Day-eculcxybahbpacbbltzjqprhxjep/Build/Intermediates.noindex/Poem\ of\ the\ Day.build/Debug-iphonesimulator/Poem\ of\ the\ Day.build/SwiftStdLibToolInputDependencies.dep --filter-for-swift-os

SwiftDriverJobDiscovery normal arm64 Compiling NetworkServiceTests.swift (in target 'Poem of the DayTests' from project 'Poem of the Day')

SwiftDriverJobDiscovery normal arm64 Compiling PoemViewModelTests.swift (in target 'Poem of the DayTests' from project 'Poem of the Day')

SwiftDriverJobDiscovery normal arm64 Compiling TestData.swift (in target 'Poem of the DayTests' from project 'Poem of the Day')

ProcessInfoPlistFile /Users/stephenreitz/Library/Developer/Xcode/DerivedData/Poem_of_the_Day-eculcxybahbpacbbltzjqprhxjep/Build/Products/Debug-iphonesimulator/Poem\ of\ the\ Day.app/PlugIns/Poem\ of\ the\ DayTests.xctest/Info.plist /Users/stephenreitz/Library/Developer/Xcode/DerivedData/Poem_of_the_Day-eculcxybahbpacbbltzjqprhxjep/Build/Intermediates.noindex/Poem\ of\ the\ Day.build/Debug-iphonesimulator/Poem\ of\ the\ DayTests.build/empty-Poem\ of\ the\ DayTests.plist (in target 'Poem of the DayTests' from project 'Poem of the Day')
    cd /Users/stephenreitz/Desktop/Swift-2048-test/Poem\ of\ the\ Day
    builtin-infoPlistUtility /Users/stephenreitz/Library/Developer/Xcode/DerivedData/Poem_of_the_Day-eculcxybahbpacbbltzjqprhxjep/Build/Intermediates.noindex/Poem\ of\ the\ Day.build/Debug-iphonesimulator/Poem\ of\ the\ DayTests.build/empty-Poem\ of\ the\ DayTests.plist -producttype com.apple.product-type.bundle.unit-test -expandbuildsettings -format binary -platform iphonesimulator -o /Users/stephenreitz/Library/Developer/Xcode/DerivedData/Poem_of_the_Day-eculcxybahbpacbbltzjqprhxjep/Build/Products/Debug-iphonesimulator/Poem\ of\ the\ Day.app/PlugIns/Poem\ of\ the\ DayTests.xctest/Info.plist

CpResource /Users/stephenreitz/Library/Developer/Xcode/DerivedData/Poem_of_the_Day-eculcxybahbpacbbltzjqprhxjep/Build/Products/Debug-iphonesimulator/Poem\ of\ the\ Day.app/PlugIns/Poem\ of\ the\ DayTests.xctest/BUILD.bazel /Users/stephenreitz/Desktop/Swift-2048-test/Poem\ of\ the\ Day/Poem\ of\ the\ DayTests/BUILD.bazel (in target 'Poem of the DayTests' from project 'Poem of the Day')
    cd /Users/stephenreitz/Desktop/Swift-2048-test/Poem\ of\ the\ Day
    builtin-copy -exclude .DS_Store -exclude CVS -exclude .svn -exclude .git -exclude .hg -resolve-src-symlinks /Users/stephenreitz/Desktop/Swift-2048-test/Poem\ of\ the\ Day/Poem\ of\ the\ DayTests/BUILD.bazel /Users/stephenreitz/Library/Developer/Xcode/DerivedData/Poem_of_the_Day-eculcxybahbpacbbltzjqprhxjep/Build/Products/Debug-iphonesimulator/Poem\ of\ the\ Day.app/PlugIns/Poem\ of\ the\ DayTests.xctest

SwiftDriverJobDiscovery normal arm64 Compiling NewsServiceTests.swift (in target 'Poem of the DayTests' from project 'Poem of the Day')

SwiftDriverJobDiscovery normal arm64 Compiling LocalizationTests.swift, DataMigrationTests.swift (in target 'Poem of the DayTests' from project 'Poem of the Day')

SwiftDriverJobDiscovery normal arm64 Compiling MockServices.swift, PoemTests.swift (in target 'Poem of the DayTests' from project 'Poem of the Day')

SwiftDriverJobDiscovery normal arm64 Compiling TestUtilities.swift (in target 'Poem of the DayTests' from project 'Poem of the Day')

SwiftDriverJobDiscovery normal arm64 Compiling AdvancedPerformanceTests.swift, DevicePlatformTests.swift (in target 'Poem of the DayTests' from project 'Poem of the Day')

SwiftDriverJobDiscovery normal arm64 Compiling PoemRepositoryTests.swift, SecurityInputValidationTests.swift (in target 'Poem of the DayTests' from project 'Poem of the Day')

SwiftDriverJobDiscovery normal arm64 Compiling BackgroundProcessingTests.swift, VibeAnalyzerTests.swift (in target 'Poem of the DayTests' from project 'Poem of the Day')

SwiftDriverJobDiscovery normal arm64 Compiling EdgeCaseScenarioTests.swift, ComprehensiveIntegrationTests.swift (in target 'Poem of the DayTests' from project 'Poem of the Day')

SwiftDriver\ Compilation Poem\ of\ the\ DayTests normal arm64 com.apple.xcode.tools.swift.compiler (in target 'Poem of the DayTests' from project 'Poem of the Day')
    cd /Users/stephenreitz/Desktop/Swift-2048-test/Poem\ of\ the\ Day
    builtin-Swift-Compilation -- /Applications/Xcode.app/Contents/Developer/Toolchains/XcodeDefault.xctoolchain/usr/bin/swiftc -module-name Poem_of_the_DayTests -Onone -enforce-exclusivity\=checked @/Users/stephenreitz/Library/Developer/Xcode/DerivedData/Poem_of_the_Day-eculcxybahbpacbbltzjqprhxjep/Build/Intermediates.noindex/Poem\ of\ the\ Day.build/Debug-iphonesimulator/Poem\ of\ the\ DayTests.build/Objects-normal/arm64/Poem\ of\ the\ DayTests.SwiftFileList -DDEBUG -plugin-path /Applications/Xcode.app/Contents/Developer/Toolchains/XcodeDefault.xctoolchain/usr/lib/swift/host/plugins/testing -enable-bare-slash-regex -enable-experimental-feature DebugDescriptionMacro -sdk /Applications/Xcode.app/Contents/Developer/Platforms/iPhoneSimulator.platform/Developer/SDKs/iPhoneSimulator26.1.sdk -target arm64-apple-ios26.0-simulator -g -module-cache-path /Users/stephenreitz/Library/Developer/Xcode/DerivedData/ModuleCache.noindex -Xfrontend -serialize-debugging-options -enable-testing -index-store-path /Users/stephenreitz/Library/Developer/Xcode/DerivedData/Poem_of_the_Day-eculcxybahbpacbbltzjqprhxjep/Index.noindex/DataStore -Xcc -D_LIBCPP_HARDENING_MODE\=_LIBCPP_HARDENING_MODE_DEBUG -swift-version 5 -I /Users/stephenreitz/Library/Developer/Xcode/DerivedData/Poem_of_the_Day-eculcxybahbpacbbltzjqprhxjep/Build/Products/Debug-iphonesimulator -Isystem /Applications/Xcode.app/Contents/Developer/Platforms/iPhoneSimulator.platform/Developer/usr/lib -F /Users/stephenreitz/Library/Developer/Xcode/DerivedData/Poem_of_the_Day-eculcxybahbpacbbltzjqprhxjep/Build/Products/Debug-iphonesimulator -F /Applications/Xcode.app/Contents/Developer/Platforms/iPhoneSimulator.platform/Developer/Library/Frameworks -F /Applications/Xcode.app/Contents/Developer/Platforms/iPhoneSimulator.platform/Developer/SDKs/iPhoneSimulator26.1.sdk/Developer/Library/Frameworks -c -j12 -enable-batch-mode -incremental -Xcc -ivfsstatcache -Xcc /Users/stephenreitz/Library/Developer/Xcode/DerivedData/SDKStatCaches.noindex/iphonesimulator26.1-23B77-90cf18a4295e390e64c810bc6bd7acbc.sdkstatcache -output-file-map /Users/stephenreitz/Library/Developer/Xcode/DerivedData/Poem_of_the_Day-eculcxybahbpacbbltzjqprhxjep/Build/Intermediates.noindex/Poem\ of\ the\ Day.build/Debug-iphonesimulator/Poem\ of\ the\ DayTests.build/Objects-normal/arm64/Poem\ of\ the\ DayTests-OutputFileMap.json -use-frontend-parseable-output -save-temps -no-color-diagnostics -explicit-module-build -module-cache-path /Users/stephenreitz/Library/Developer/Xcode/DerivedData/Poem_of_the_Day-eculcxybahbpacbbltzjqprhxjep/Build/Intermediates.noindex/SwiftExplicitPrecompiledModules -clang-scanner-module-cache-path /Users/stephenreitz/Library/Developer/Xcode/DerivedData/ModuleCache.noindex -sdk-module-cache-path /Users/stephenreitz/Library/Developer/Xcode/DerivedData/ModuleCache.noindex -serialize-diagnostics -emit-dependencies -emit-module -emit-module-path /Users/stephenreitz/Library/Developer/Xcode/DerivedData/Poem_of_the_Day-eculcxybahbpacbbltzjqprhxjep/Build/Intermediates.noindex/Poem\ of\ the\ Day.build/Debug-iphonesimulator/Poem\ of\ the\ DayTests.build/Objects-normal/arm64/Poem_of_the_DayTests.swiftmodule -validate-clang-modules-once -clang-build-session-file /Users/stephenreitz/Library/Developer/Xcode/DerivedData/ModuleCache.noindex/Session.modulevalidation -Xcc -I/Users/stephenreitz/Library/Developer/Xcode/DerivedData/Poem_of_the_Day-eculcxybahbpacbbltzjqprhxjep/Build/Intermediates.noindex/Poem\ of\ the\ Day.build/Debug-iphonesimulator/Poem\ of\ the\ DayTests.build/swift-overrides.hmap -emit-const-values -Xfrontend -const-gather-protocols-file -Xfrontend /Users/stephenreitz/Library/Developer/Xcode/DerivedData/Poem_of_the_Day-eculcxybahbpacbbltzjqprhxjep/Build/Intermediates.noindex/Poem\ of\ the\ Day.build/Debug-iphonesimulator/Poem\ of\ the\ DayTests.build/Objects-normal/arm64/Poem\ of\ the\ DayTests_const_extract_protocols.json -Xcc -iquote -Xcc /Users/stephenreitz/Library/Developer/Xcode/DerivedData/Poem_of_the_Day-eculcxybahbpacbbltzjqprhxjep/Build/Intermediates.noindex/Poem\ of\ the\ Day.build/Debug-iphonesimulator/Poem\ of\ the\ DayTests.build/Poem\ of\ the\ DayTests-generated-files.hmap -Xcc -I/Users/stephenreitz/Library/Developer/Xcode/DerivedData/Poem_of_the_Day-eculcxybahbpacbbltzjqprhxjep/Build/Intermediates.noindex/Poem\ of\ the\ Day.build/Debug-iphonesimulator/Poem\ of\ the\ DayTests.build/Poem\ of\ the\ DayTests-own-target-headers.hmap -Xcc -I/Users/stephenreitz/Library/Developer/Xcode/DerivedData/Poem_of_the_Day-eculcxybahbpacbbltzjqprhxjep/Build/Intermediates.noindex/Poem\ of\ the\ Day.build/Debug-iphonesimulator/Poem\ of\ the\ DayTests.build/Poem\ of\ the\ DayTests-all-target-headers.hmap -Xcc -iquote -Xcc /Users/stephenreitz/Library/Developer/Xcode/DerivedData/Poem_of_the_Day-eculcxybahbpacbbltzjqprhxjep/Build/Intermediates.noindex/Poem\ of\ the\ Day.build/Debug-iphonesimulator/Poem\ of\ the\ DayTests.build/Poem\ of\ the\ DayTests-project-headers.hmap -Xcc -I/Users/stephenreitz/Library/Developer/Xcode/DerivedData/Poem_of_the_Day-eculcxybahbpacbbltzjqprhxjep/Build/Products/Debug-iphonesimulator/include -Xcc -I/Users/stephenreitz/Library/Developer/Xcode/DerivedData/Poem_of_the_Day-eculcxybahbpacbbltzjqprhxjep/Build/Intermediates.noindex/Poem\ of\ the\ Day.build/Debug-iphonesimulator/Poem\ of\ the\ DayTests.build/DerivedSources-normal/arm64 -Xcc -I/Users/stephenreitz/Library/Developer/Xcode/DerivedData/Poem_of_the_Day-eculcxybahbpacbbltzjqprhxjep/Build/Intermediates.noindex/Poem\ of\ the\ Day.build/Debug-iphonesimulator/Poem\ of\ the\ DayTests.build/DerivedSources/arm64 -Xcc -I/Users/stephenreitz/Library/Developer/Xcode/DerivedData/Poem_of_the_Day-eculcxybahbpacbbltzjqprhxjep/Build/Intermediates.noindex/Poem\ of\ the\ Day.build/Debug-iphonesimulator/Poem\ of\ the\ DayTests.build/DerivedSources -Xcc -DDEBUG\=1 -emit-objc-header -emit-objc-header-path /Users/stephenreitz/Library/Developer/Xcode/DerivedData/Poem_of_the_Day-eculcxybahbpacbbltzjqprhxjep/Build/Intermediates.noindex/Poem\ of\ the\ Day.build/Debug-iphonesimulator/Poem\ of\ the\ DayTests.build/Objects-normal/arm64/Poem_of_the_DayTests-Swift.h -working-directory /Users/stephenreitz/Desktop/Swift-2048-test/Poem\ of\ the\ Day -experimental-emit-module-separately -disable-cmo

Ld /Users/stephenreitz/Library/Developer/Xcode/DerivedData/Poem_of_the_Day-eculcxybahbpacbbltzjqprhxjep/Build/Products/Debug-iphonesimulator/Poem\ of\ the\ Day.app/PlugIns/Poem\ of\ the\ DayTests.xctest/Poem\ of\ the\ DayTests normal (in target 'Poem of the DayTests' from project 'Poem of the Day')
    cd /Users/stephenreitz/Desktop/Swift-2048-test/Poem\ of\ the\ Day
    /Applications/Xcode.app/Contents/Developer/Toolchains/XcodeDefault.xctoolchain/usr/bin/clang -Xlinker -reproducible -target arm64-apple-ios26.0-simulator -bundle -isysroot /Applications/Xcode.app/Contents/Developer/Platforms/iPhoneSimulator.platform/Developer/SDKs/iPhoneSimulator26.1.sdk -O0 -L/Users/stephenreitz/Library/Developer/Xcode/DerivedData/Poem_of_the_Day-eculcxybahbpacbbltzjqprhxjep/Build/Intermediates.noindex/EagerLinkingTBDs/Debug-iphonesimulator -L/Users/stephenreitz/Library/Developer/Xcode/DerivedData/Poem_of_the_Day-eculcxybahbpacbbltzjqprhxjep/Build/Products/Debug-iphonesimulator -L/Applications/Xcode.app/Contents/Developer/Platforms/iPhoneSimulator.platform/Developer/usr/lib -F/Users/stephenreitz/Library/Developer/Xcode/DerivedData/Poem_of_the_Day-eculcxybahbpacbbltzjqprhxjep/Build/Intermediates.noindex/EagerLinkingTBDs/Debug-iphonesimulator -F/Users/stephenreitz/Library/Developer/Xcode/DerivedData/Poem_of_the_Day-eculcxybahbpacbbltzjqprhxjep/Build/Products/Debug-iphonesimulator -iframework /Applications/Xcode.app/Contents/Developer/Platforms/iPhoneSimulator.platform/Developer/Library/Frameworks -iframework /Applications/Xcode.app/Contents/Developer/Platforms/iPhoneSimulator.platform/Developer/SDKs/iPhoneSimulator26.1.sdk/Developer/Library/Frameworks -filelist /Users/stephenreitz/Library/Developer/Xcode/DerivedData/Poem_of_the_Day-eculcxybahbpacbbltzjqprhxjep/Build/Intermediates.noindex/Poem\ of\ the\ Day.build/Debug-iphonesimulator/Poem\ of\ the\ DayTests.build/Objects-normal/arm64/Poem\ of\ the\ DayTests.LinkFileList -Xlinker -rpath -Xlinker @loader_path/Frameworks -Xlinker -rpath -Xlinker @executable_path/Frameworks -dead_strip -bundle_loader /Users/stephenreitz/Library/Developer/Xcode/DerivedData/Poem_of_the_Day-eculcxybahbpacbbltzjqprhxjep/Build/Products/Debug-iphonesimulator/Poem\ of\ the\ Day.app/Poem\ of\ the\ Day -Xlinker -object_path_lto -Xlinker /Users/stephenreitz/Library/Developer/Xcode/DerivedData/Poem_of_the_Day-eculcxybahbpacbbltzjqprhxjep/Build/Intermediates.noindex/Poem\ of\ the\ Day.build/Debug-iphonesimulator/Poem\ of\ the\ DayTests.build/Objects-normal/arm64/Poem\ of\ the\ DayTests_lto.o -rdynamic -Xlinker -no_deduplicate -Xlinker -objc_abi_version -Xlinker 2 -Xlinker -dependency_info -Xlinker /Users/stephenreitz/Library/Developer/Xcode/DerivedData/Poem_of_the_Day-eculcxybahbpacbbltzjqprhxjep/Build/Intermediates.noindex/Poem\ of\ the\ Day.build/Debug-iphonesimulator/Poem\ of\ the\ DayTests.build/Objects-normal/arm64/Poem\ of\ the\ DayTests_dependency_info.dat -fobjc-link-runtime -L/Applications/Xcode.app/Contents/Developer/Toolchains/XcodeDefault.xctoolchain/usr/lib/swift/iphonesimulator -L/usr/lib/swift -Xlinker -add_ast_path -Xlinker /Users/stephenreitz/Library/Developer/Xcode/DerivedData/Poem_of_the_Day-eculcxybahbpacbbltzjqprhxjep/Build/Intermediates.noindex/Poem\ of\ the\ Day.build/Debug-iphonesimulator/Poem\ of\ the\ DayTests.build/Objects-normal/arm64/Poem_of_the_DayTests.swiftmodule @/Users/stephenreitz/Library/Developer/Xcode/DerivedData/Poem_of_the_Day-eculcxybahbpacbbltzjqprhxjep/Build/Intermediates.noindex/Poem\ of\ the\ Day.build/Debug-iphonesimulator/Poem\ of\ the\ DayTests.build/Objects-normal/arm64/Poem_of_the_DayTests-linker-args.resp -Xlinker -needed_framework -Xlinker XCTest -framework XCTest -Xlinker -needed-lXCTestSwiftSupport -lXCTestSwiftSupport /Users/stephenreitz/Library/Developer/Xcode/DerivedData/Poem_of_the_Day-eculcxybahbpacbbltzjqprhxjep/Build/Products/Debug-iphonesimulator/Poem\ of\ the\ Day.app/Poem\ of\ the\ Day.debug.dylib -Xlinker -no_adhoc_codesign -o /Users/stephenreitz/Library/Developer/Xcode/DerivedData/Poem_of_the_Day-eculcxybahbpacbbltzjqprhxjep/Build/Products/Debug-iphonesimulator/Poem\ of\ the\ Day.app/PlugIns/Poem\ of\ the\ DayTests.xctest/Poem\ of\ the\ DayTests

CopySwiftLibs /Users/stephenreitz/Library/Developer/Xcode/DerivedData/Poem_of_the_Day-eculcxybahbpacbbltzjqprhxjep/Build/Products/Debug-iphonesimulator/Poem\ of\ the\ Day.app/PlugIns/Poem\ of\ the\ DayTests.xctest (in target 'Poem of the DayTests' from project 'Poem of the Day')
    cd /Users/stephenreitz/Desktop/Swift-2048-test/Poem\ of\ the\ Day
    builtin-swiftStdLibTool --copy --verbose --sign - --scan-executable /Users/stephenreitz/Library/Developer/Xcode/DerivedData/Poem_of_the_Day-eculcxybahbpacbbltzjqprhxjep/Build/Products/Debug-iphonesimulator/Poem\ of\ the\ Day.app/PlugIns/Poem\ of\ the\ DayTests.xctest/Poem\ of\ the\ DayTests --scan-folder /Users/stephenreitz/Library/Developer/Xcode/DerivedData/Poem_of_the_Day-eculcxybahbpacbbltzjqprhxjep/Build/Products/Debug-iphonesimulator/Poem\ of\ the\ Day.app/PlugIns/Poem\ of\ the\ DayTests.xctest/Frameworks --scan-folder /Users/stephenreitz/Library/Developer/Xcode/DerivedData/Poem_of_the_Day-eculcxybahbpacbbltzjqprhxjep/Build/Products/Debug-iphonesimulator/Poem\ of\ the\ Day.app/PlugIns/Poem\ of\ the\ DayTests.xctest/PlugIns --scan-folder /Users/stephenreitz/Library/Developer/Xcode/DerivedData/Poem_of_the_Day-eculcxybahbpacbbltzjqprhxjep/Build/Products/Debug-iphonesimulator/Poem\ of\ the\ Day.app/PlugIns/Poem\ of\ the\ DayTests.xctest/SystemExtensions --scan-folder /Users/stephenreitz/Library/Developer/Xcode/DerivedData/Poem_of_the_Day-eculcxybahbpacbbltzjqprhxjep/Build/Products/Debug-iphonesimulator/Poem\ of\ the\ Day.app/PlugIns/Poem\ of\ the\ DayTests.xctest/Extensions --platform iphonesimulator --toolchain /Applications/Xcode.app/Contents/Developer/Toolchains/XcodeDefault.xctoolchain --destination /Users/stephenreitz/Library/Developer/Xcode/DerivedData/Poem_of_the_Day-eculcxybahbpacbbltzjqprhxjep/Build/Products/Debug-iphonesimulator/Poem\ of\ the\ Day.app/PlugIns/Poem\ of\ the\ DayTests.xctest/Frameworks --strip-bitcode --scan-executable /Applications/Xcode.app/Contents/Developer/Platforms/iPhoneSimulator.platform/Developer/usr/lib/libXCTestSwiftSupport.dylib --strip-bitcode-tool /Applications/Xcode.app/Contents/Developer/Toolchains/XcodeDefault.xctoolchain/usr/bin/bitcode_strip --emit-dependency-info /Users/stephenreitz/Library/Developer/Xcode/DerivedData/Poem_of_the_Day-eculcxybahbpacbbltzjqprhxjep/Build/Intermediates.noindex/Poem\ of\ the\ Day.build/Debug-iphonesimulator/Poem\ of\ the\ DayTests.build/SwiftStdLibToolInputDependencies.dep --filter-for-swift-os

ExtractAppIntentsMetadata (in target 'Poem of the DayTests' from project 'Poem of the Day')
    cd /Users/stephenreitz/Desktop/Swift-2048-test/Poem\ of\ the\ Day
    /Applications/Xcode.app/Contents/Developer/Toolchains/XcodeDefault.xctoolchain/usr/bin/appintentsmetadataprocessor --toolchain-dir /Applications/Xcode.app/Contents/Developer/Toolchains/XcodeDefault.xctoolchain --module-name Poem_of_the_DayTests --sdk-root /Applications/Xcode.app/Contents/Developer/Platforms/iPhoneSimulator.platform/Developer/SDKs/iPhoneSimulator26.1.sdk --xcode-version 17B100 --platform-family iOS --deployment-target 26.0 --bundle-identifier Stevereitz.Poem-of-the-DayTests --output /Users/stephenreitz/Library/Developer/Xcode/DerivedData/Poem_of_the_Day-eculcxybahbpacbbltzjqprhxjep/Build/Products/Debug-iphonesimulator/Poem\ of\ the\ Day.app/PlugIns/Poem\ of\ the\ DayTests.xctest --target-triple arm64-apple-ios26.0-simulator --binary-file /Users/stephenreitz/Library/Developer/Xcode/DerivedData/Poem_of_the_Day-eculcxybahbpacbbltzjqprhxjep/Build/Products/Debug-iphonesimulator/Poem\ of\ the\ Day.app/PlugIns/Poem\ of\ the\ DayTests.xctest/Poem\ of\ the\ DayTests --dependency-file /Users/stephenreitz/Library/Developer/Xcode/DerivedData/Poem_of_the_Day-eculcxybahbpacbbltzjqprhxjep/Build/Intermediates.noindex/Poem\ of\ the\ Day.build/Debug-iphonesimulator/Poem\ of\ the\ DayTests.build/Objects-normal/arm64/Poem\ of\ the\ DayTests_dependency_info.dat --stringsdata-file /Users/stephenreitz/Library/Developer/Xcode/DerivedData/Poem_of_the_Day-eculcxybahbpacbbltzjqprhxjep/Build/Intermediates.noindex/Poem\ of\ the\ Day.build/Debug-iphonesimulator/Poem\ of\ the\ DayTests.build/Objects-normal/arm64/ExtractedAppShortcutsMetadata.stringsdata --source-file-list /Users/stephenreitz/Library/Developer/Xcode/DerivedData/Poem_of_the_Day-eculcxybahbpacbbltzjqprhxjep/Build/Intermediates.noindex/Poem\ of\ the\ Day.build/Debug-iphonesimulator/Poem\ of\ the\ DayTests.build/Objects-normal/arm64/Poem\ of\ the\ DayTests.SwiftFileList --metadata-file-list /Users/stephenreitz/Library/Developer/Xcode/DerivedData/Poem_of_the_Day-eculcxybahbpacbbltzjqprhxjep/Build/Intermediates.noindex/Poem\ of\ the\ Day.build/Debug-iphonesimulator/Poem\ of\ the\ DayTests.build/Poem\ of\ the\ DayTests.DependencyMetadataFileList --static-metadata-file-list /Users/stephenreitz/Library/Developer/Xcode/DerivedData/Poem_of_the_Day-eculcxybahbpacbbltzjqprhxjep/Build/Intermediates.noindex/Poem\ of\ the\ Day.build/Debug-iphonesimulator/Poem\ of\ the\ DayTests.build/Poem\ of\ the\ DayTests.DependencyStaticMetadataFileList --swift-const-vals-list /Users/stephenreitz/Library/Developer/Xcode/DerivedData/Poem_of_the_Day-eculcxybahbpacbbltzjqprhxjep/Build/Intermediates.noindex/Poem\ of\ the\ Day.build/Debug-iphonesimulator/Poem\ of\ the\ DayTests.build/Objects-normal/arm64/Poem\ of\ the\ DayTests.SwiftConstValuesFileList --compile-time-extraction --deployment-aware-processing --validate-assistant-intents --no-app-shortcuts-localization
2025-11-25 15:00:45.865 appintentsmetadataprocessor[96828:14321169] Starting appintentsmetadataprocessor export
2025-11-25 15:00:46.007 appintentsmetadataprocessor[96828:14321169] Extracted no relevant App Intents symbols, skipping writing output

CodeSign /Users/stephenreitz/Library/Developer/Xcode/DerivedData/Poem_of_the_Day-eculcxybahbpacbbltzjqprhxjep/Build/Products/Debug-iphonesimulator/Poem\ of\ the\ Day.app/PlugIns/Poem\ of\ the\ DayTests.xctest (in target 'Poem of the DayTests' from project 'Poem of the Day')
    cd /Users/stephenreitz/Desktop/Swift-2048-test/Poem\ of\ the\ Day
    
    Signing Identity:     "Sign to Run Locally"
    
    /usr/bin/codesign --force --sign - --timestamp\=none --generate-entitlement-der /Users/stephenreitz/Library/Developer/Xcode/DerivedData/Poem_of_the_Day-eculcxybahbpacbbltzjqprhxjep/Build/Products/Debug-iphonesimulator/Poem\ of\ the\ Day.app/PlugIns/Poem\ of\ the\ DayTests.xctest

CodeSign /Users/stephenreitz/Library/Developer/Xcode/DerivedData/Poem_of_the_Day-eculcxybahbpacbbltzjqprhxjep/Build/Products/Debug-iphonesimulator/Poem\ of\ the\ Day.app/Poem\ of\ the\ Day.debug.dylib (in target 'Poem of the Day' from project 'Poem of the Day')
    cd /Users/stephenreitz/Desktop/Swift-2048-test/Poem\ of\ the\ Day
    
    Signing Identity:     "Sign to Run Locally"
    
    /usr/bin/codesign --force --sign - --timestamp\=none --generate-entitlement-der /Users/stephenreitz/Library/Developer/Xcode/DerivedData/Poem_of_the_Day-eculcxybahbpacbbltzjqprhxjep/Build/Products/Debug-iphonesimulator/Poem\ of\ the\ Day.app/Poem\ of\ the\ Day.debug.dylib

CodeSign /Users/stephenreitz/Library/Developer/Xcode/DerivedData/Poem_of_the_Day-eculcxybahbpacbbltzjqprhxjep/Build/Products/Debug-iphonesimulator/Poem\ of\ the\ Day.app/__preview.dylib (in target 'Poem of the Day' from project 'Poem of the Day')
    cd /Users/stephenreitz/Desktop/Swift-2048-test/Poem\ of\ the\ Day
    
    Signing Identity:     "Sign to Run Locally"
    
    /usr/bin/codesign --force --sign - --timestamp\=none --generate-entitlement-der /Users/stephenreitz/Library/Developer/Xcode/DerivedData/Poem_of_the_Day-eculcxybahbpacbbltzjqprhxjep/Build/Products/Debug-iphonesimulator/Poem\ of\ the\ Day.app/__preview.dylib
/Users/stephenreitz/Library/Developer/Xcode/DerivedData/Poem_of_the_Day-eculcxybahbpacbbltzjqprhxjep/Build/Products/Debug-iphonesimulator/Poem of the Day.app/__preview.dylib: replacing existing signature

CodeSign /Users/stephenreitz/Library/Developer/Xcode/DerivedData/Poem_of_the_Day-eculcxybahbpacbbltzjqprhxjep/Build/Products/Debug-iphonesimulator/Poem\ of\ the\ Day.app (in target 'Poem of the Day' from project 'Poem of the Day')
    cd /Users/stephenreitz/Desktop/Swift-2048-test/Poem\ of\ the\ Day
    
    Signing Identity:     "Sign to Run Locally"
    
    /usr/bin/codesign --force --sign - --entitlements /Users/stephenreitz/Library/Developer/Xcode/DerivedData/Poem_of_the_Day-eculcxybahbpacbbltzjqprhxjep/Build/Intermediates.noindex/Poem\ of\ the\ Day.build/Debug-iphonesimulator/Poem\ of\ the\ Day.build/Poem\ of\ the\ Day.app.xcent --timestamp\=none --generate-entitlement-der /Users/stephenreitz/Library/Developer/Xcode/DerivedData/Poem_of_the_Day-eculcxybahbpacbbltzjqprhxjep/Build/Products/Debug-iphonesimulator/Poem\ of\ the\ Day.app

Validate /Users/stephenreitz/Library/Developer/Xcode/DerivedData/Poem_of_the_Day-eculcxybahbpacbbltzjqprhxjep/Build/Products/Debug-iphonesimulator/Poem\ of\ the\ Day.app (in target 'Poem of the Day' from project 'Poem of the Day')
    cd /Users/stephenreitz/Desktop/Swift-2048-test/Poem\ of\ the\ Day
    builtin-validationUtility /Users/stephenreitz/Library/Developer/Xcode/DerivedData/Poem_of_the_Day-eculcxybahbpacbbltzjqprhxjep/Build/Products/Debug-iphonesimulator/Poem\ of\ the\ Day.app -shallow-bundle -infoplist-subpath Info.plist

ValidateEmbeddedBinary /Users/stephenreitz/Library/Developer/Xcode/DerivedData/Poem_of_the_Day-eculcxybahbpacbbltzjqprhxjep/Build/Products/Debug-iphonesimulator/Poem\ of\ the\ Day.app/PlugIns/Poem\ of\ the\ Day\ WidgetExtension.appex (in target 'Poem of the Day' from project 'Poem of the Day')
    cd /Users/stephenreitz/Desktop/Swift-2048-test/Poem\ of\ the\ Day
    /Applications/Xcode.app/Contents/Developer/usr/bin/embeddedBinaryValidationUtility /Users/stephenreitz/Library/Developer/Xcode/DerivedData/Poem_of_the_Day-eculcxybahbpacbbltzjqprhxjep/Build/Products/Debug-iphonesimulator/Poem\ of\ the\ Day.app/PlugIns/Poem\ of\ the\ Day\ WidgetExtension.appex -signing-cert - -info-plist-path /Users/stephenreitz/Library/Developer/Xcode/DerivedData/Poem_of_the_Day-eculcxybahbpacbbltzjqprhxjep/Build/Products/Debug-iphonesimulator/Poem\ of\ the\ Day.app/Info.plist

ProcessInfoPlistFile /Users/stephenreitz/Library/Developer/Xcode/DerivedData/Poem_of_the_Day-eculcxybahbpacbbltzjqprhxjep/Build/Products/Debug-iphonesimulator/Poem\ of\ the\ DayUITests-Runner.app/PlugIns/Poem\ of\ the\ DayUITests.xctest/Info.plist /Users/stephenreitz/Library/Developer/Xcode/DerivedData/Poem_of_the_Day-eculcxybahbpacbbltzjqprhxjep/Build/Intermediates.noindex/Poem\ of\ the\ Day.build/Debug-iphonesimulator/Poem\ of\ the\ DayUITests.build/empty-Poem\ of\ the\ DayUITests.plist (in target 'Poem of the DayUITests' from project 'Poem of the Day')
    cd /Users/stephenreitz/Desktop/Swift-2048-test/Poem\ of\ the\ Day
    builtin-infoPlistUtility /Users/stephenreitz/Library/Developer/Xcode/DerivedData/Poem_of_the_Day-eculcxybahbpacbbltzjqprhxjep/Build/Intermediates.noindex/Poem\ of\ the\ Day.build/Debug-iphonesimulator/Poem\ of\ the\ DayUITests.build/empty-Poem\ of\ the\ DayUITests.plist -producttype com.apple.product-type.bundle.ui-testing -expandbuildsettings -format binary -platform iphonesimulator -additionalcontentfile /Users/stephenreitz/Library/Developer/Xcode/DerivedData/Poem_of_the_Day-eculcxybahbpacbbltzjqprhxjep/Build/Intermediates.noindex/Poem\ of\ the\ Day.build/Debug-iphonesimulator/Poem\ of\ the\ DayUITests.build/ProductTypeInfoPlistAdditions.plist -o /Users/stephenreitz/Library/Developer/Xcode/DerivedData/Poem_of_the_Day-eculcxybahbpacbbltzjqprhxjep/Build/Products/Debug-iphonesimulator/Poem\ of\ the\ DayUITests-Runner.app/PlugIns/Poem\ of\ the\ DayUITests.xctest/Info.plist

CpResource /Users/stephenreitz/Library/Developer/Xcode/DerivedData/Poem_of_the_Day-eculcxybahbpacbbltzjqprhxjep/Build/Products/Debug-iphonesimulator/Poem\ of\ the\ DayUITests-Runner.app/PlugIns/Poem\ of\ the\ DayUITests.xctest/BUILD.bazel /Users/stephenreitz/Desktop/Swift-2048-test/Poem\ of\ the\ Day/Poem\ of\ the\ DayUITests/BUILD.bazel (in target 'Poem of the DayUITests' from project 'Poem of the Day')
    cd /Users/stephenreitz/Desktop/Swift-2048-test/Poem\ of\ the\ Day
    builtin-copy -exclude .DS_Store -exclude CVS -exclude .svn -exclude .git -exclude .hg -resolve-src-symlinks /Users/stephenreitz/Desktop/Swift-2048-test/Poem\ of\ the\ Day/Poem\ of\ the\ DayUITests/BUILD.bazel /Users/stephenreitz/Library/Developer/Xcode/DerivedData/Poem_of_the_Day-eculcxybahbpacbbltzjqprhxjep/Build/Products/Debug-iphonesimulator/Poem\ of\ the\ DayUITests-Runner.app/PlugIns/Poem\ of\ the\ DayUITests.xctest

Ld /Users/stephenreitz/Library/Developer/Xcode/DerivedData/Poem_of_the_Day-eculcxybahbpacbbltzjqprhxjep/Build/Products/Debug-iphonesimulator/Poem\ of\ the\ DayUITests-Runner.app/PlugIns/Poem\ of\ the\ DayUITests.xctest/Poem\ of\ the\ DayUITests normal (in target 'Poem of the DayUITests' from project 'Poem of the Day')
    cd /Users/stephenreitz/Desktop/Swift-2048-test/Poem\ of\ the\ Day
    /Applications/Xcode.app/Contents/Developer/Toolchains/XcodeDefault.xctoolchain/usr/bin/clang -Xlinker -reproducible -target arm64-apple-ios26.0-simulator -bundle -isysroot /Applications/Xcode.app/Contents/Developer/Platforms/iPhoneSimulator.platform/Developer/SDKs/iPhoneSimulator26.1.sdk -O0 -L/Users/stephenreitz/Library/Developer/Xcode/DerivedData/Poem_of_the_Day-eculcxybahbpacbbltzjqprhxjep/Build/Intermediates.noindex/EagerLinkingTBDs/Debug-iphonesimulator -L/Users/stephenreitz/Library/Developer/Xcode/DerivedData/Poem_of_the_Day-eculcxybahbpacbbltzjqprhxjep/Build/Products/Debug-iphonesimulator -L/Applications/Xcode.app/Contents/Developer/Platforms/iPhoneSimulator.platform/Developer/usr/lib -F/Users/stephenreitz/Library/Developer/Xcode/DerivedData/Poem_of_the_Day-eculcxybahbpacbbltzjqprhxjep/Build/Intermediates.noindex/EagerLinkingTBDs/Debug-iphonesimulator -F/Users/stephenreitz/Library/Developer/Xcode/DerivedData/Poem_of_the_Day-eculcxybahbpacbbltzjqprhxjep/Build/Products/Debug-iphonesimulator -iframework /Applications/Xcode.app/Contents/Developer/Platforms/iPhoneSimulator.platform/Developer/Library/Frameworks -iframework /Applications/Xcode.app/Contents/Developer/Platforms/iPhoneSimulator.platform/Developer/SDKs/iPhoneSimulator26.1.sdk/Developer/Library/Frameworks -filelist /Users/stephenreitz/Library/Developer/Xcode/DerivedData/Poem_of_the_Day-eculcxybahbpacbbltzjqprhxjep/Build/Intermediates.noindex/Poem\ of\ the\ Day.build/Debug-iphonesimulator/Poem\ of\ the\ DayUITests.build/Objects-normal/arm64/Poem\ of\ the\ DayUITests.LinkFileList -Xlinker -rpath -Xlinker @loader_path/Frameworks -dead_strip -Xlinker -object_path_lto -Xlinker /Users/stephenreitz/Library/Developer/Xcode/DerivedData/Poem_of_the_Day-eculcxybahbpacbbltzjqprhxjep/Build/Intermediates.noindex/Poem\ of\ the\ Day.build/Debug-iphonesimulator/Poem\ of\ the\ DayUITests.build/Objects-normal/arm64/Poem\ of\ the\ DayUITests_lto.o -rdynamic -Xlinker -no_deduplicate -Xlinker -objc_abi_version -Xlinker 2 -Xlinker -dependency_info -Xlinker /Users/stephenreitz/Library/Developer/Xcode/DerivedData/Poem_of_the_Day-eculcxybahbpacbbltzjqprhxjep/Build/Intermediates.noindex/Poem\ of\ the\ Day.build/Debug-iphonesimulator/Poem\ of\ the\ DayUITests.build/Objects-normal/arm64/Poem\ of\ the\ DayUITests_dependency_info.dat -fobjc-link-runtime -L/Applications/Xcode.app/Contents/Developer/Toolchains/XcodeDefault.xctoolchain/usr/lib/swift/iphonesimulator -L/usr/lib/swift -Xlinker -add_ast_path -Xlinker /Users/stephenreitz/Library/Developer/Xcode/DerivedData/Poem_of_the_Day-eculcxybahbpacbbltzjqprhxjep/Build/Intermediates.noindex/Poem\ of\ the\ Day.build/Debug-iphonesimulator/Poem\ of\ the\ DayUITests.build/Objects-normal/arm64/Poem_of_the_DayUITests.swiftmodule @/Users/stephenreitz/Library/Developer/Xcode/DerivedData/Poem_of_the_Day-eculcxybahbpacbbltzjqprhxjep/Build/Intermediates.noindex/Poem\ of\ the\ Day.build/Debug-iphonesimulator/Poem\ of\ the\ DayUITests.build/Objects-normal/arm64/Poem_of_the_DayUITests-linker-args.resp -Xlinker -needed_framework -Xlinker XCTest -framework XCTest -Xlinker -needed-lXCTestSwiftSupport -lXCTestSwiftSupport -Xlinker -sectcreate -Xlinker __TEXT -Xlinker __entitlements -Xlinker /Users/stephenreitz/Library/Developer/Xcode/DerivedData/Poem_of_the_Day-eculcxybahbpacbbltzjqprhxjep/Build/Intermediates.noindex/Poem\ of\ the\ Day.build/Debug-iphonesimulator/Poem\ of\ the\ DayUITests.build/Poem\ of\ the\ DayUITests.xctest-Simulated.xcent -Xlinker -sectcreate -Xlinker __TEXT -Xlinker __ents_der -Xlinker /Users/stephenreitz/Library/Developer/Xcode/DerivedData/Poem_of_the_Day-eculcxybahbpacbbltzjqprhxjep/Build/Intermediates.noindex/Poem\ of\ the\ Day.build/Debug-iphonesimulator/Poem\ of\ the\ DayUITests.build/Poem\ of\ the\ DayUITests.xctest-Simulated.xcent.der -Xlinker -no_adhoc_codesign -o /Users/stephenreitz/Library/Developer/Xcode/DerivedData/Poem_of_the_Day-eculcxybahbpacbbltzjqprhxjep/Build/Products/Debug-iphonesimulator/Poem\ of\ the\ DayUITests-Runner.app/PlugIns/Poem\ of\ the\ DayUITests.xctest/Poem\ of\ the\ DayUITests

CopySwiftLibs /Users/stephenreitz/Library/Developer/Xcode/DerivedData/Poem_of_the_Day-eculcxybahbpacbbltzjqprhxjep/Build/Products/Debug-iphonesimulator/Poem\ of\ the\ DayUITests-Runner.app/PlugIns/Poem\ of\ the\ DayUITests.xctest (in target 'Poem of the DayUITests' from project 'Poem of the Day')
    cd /Users/stephenreitz/Desktop/Swift-2048-test/Poem\ of\ the\ Day
    builtin-swiftStdLibTool --copy --verbose --sign - --scan-executable /Users/stephenreitz/Library/Developer/Xcode/DerivedData/Poem_of_the_Day-eculcxybahbpacbbltzjqprhxjep/Build/Products/Debug-iphonesimulator/Poem\ of\ the\ DayUITests-Runner.app/PlugIns/Poem\ of\ the\ DayUITests.xctest/Poem\ of\ the\ DayUITests --scan-folder /Users/stephenreitz/Library/Developer/Xcode/DerivedData/Poem_of_the_Day-eculcxybahbpacbbltzjqprhxjep/Build/Products/Debug-iphonesimulator/Poem\ of\ the\ DayUITests-Runner.app/PlugIns/Poem\ of\ the\ DayUITests.xctest/Frameworks --scan-folder /Users/stephenreitz/Library/Developer/Xcode/DerivedData/Poem_of_the_Day-eculcxybahbpacbbltzjqprhxjep/Build/Products/Debug-iphonesimulator/Poem\ of\ the\ DayUITests-Runner.app/PlugIns/Poem\ of\ the\ DayUITests.xctest/PlugIns --scan-folder /Users/stephenreitz/Library/Developer/Xcode/DerivedData/Poem_of_the_Day-eculcxybahbpacbbltzjqprhxjep/Build/Products/Debug-iphonesimulator/Poem\ of\ the\ DayUITests-Runner.app/PlugIns/Poem\ of\ the\ DayUITests.xctest/SystemExtensions --scan-folder /Users/stephenreitz/Library/Developer/Xcode/DerivedData/Poem_of_the_Day-eculcxybahbpacbbltzjqprhxjep/Build/Products/Debug-iphonesimulator/Poem\ of\ the\ DayUITests-Runner.app/PlugIns/Poem\ of\ the\ DayUITests.xctest/Extensions --platform iphonesimulator --toolchain /Applications/Xcode.app/Contents/Developer/Toolchains/XcodeDefault.xctoolchain --destination /Users/stephenreitz/Library/Developer/Xcode/DerivedData/Poem_of_the_Day-eculcxybahbpacbbltzjqprhxjep/Build/Products/Debug-iphonesimulator/Poem\ of\ the\ DayUITests-Runner.app/PlugIns/Poem\ of\ the\ DayUITests.xctest/Frameworks --strip-bitcode --scan-executable /Applications/Xcode.app/Contents/Developer/Platforms/iPhoneSimulator.platform/Developer/usr/lib/libXCTestSwiftSupport.dylib --strip-bitcode-tool /Applications/Xcode.app/Contents/Developer/Toolchains/XcodeDefault.xctoolchain/usr/bin/bitcode_strip --emit-dependency-info /Users/stephenreitz/Library/Developer/Xcode/DerivedData/Poem_of_the_Day-eculcxybahbpacbbltzjqprhxjep/Build/Intermediates.noindex/Poem\ of\ the\ Day.build/Debug-iphonesimulator/Poem\ of\ the\ DayUITests.build/SwiftStdLibToolInputDependencies.dep --filter-for-swift-os

ExtractAppIntentsMetadata (in target 'Poem of the DayUITests' from project 'Poem of the Day')
    cd /Users/stephenreitz/Desktop/Swift-2048-test/Poem\ of\ the\ Day
    /Applications/Xcode.app/Contents/Developer/Toolchains/XcodeDefault.xctoolchain/usr/bin/appintentsmetadataprocessor --toolchain-dir /Applications/Xcode.app/Contents/Developer/Toolchains/XcodeDefault.xctoolchain --module-name Poem_of_the_DayUITests --sdk-root /Applications/Xcode.app/Contents/Developer/Platforms/iPhoneSimulator.platform/Developer/SDKs/iPhoneSimulator26.1.sdk --xcode-version 17B100 --platform-family iOS --deployment-target 26.0 --bundle-identifier Stevereitz.Poem-of-the-DayUITests --output /Users/stephenreitz/Library/Developer/Xcode/DerivedData/Poem_of_the_Day-eculcxybahbpacbbltzjqprhxjep/Build/Products/Debug-iphonesimulator/Poem\ of\ the\ DayUITests-Runner.app/PlugIns/Poem\ of\ the\ DayUITests.xctest --target-triple arm64-apple-ios26.0-simulator --binary-file /Users/stephenreitz/Library/Developer/Xcode/DerivedData/Poem_of_the_Day-eculcxybahbpacbbltzjqprhxjep/Build/Products/Debug-iphonesimulator/Poem\ of\ the\ DayUITests-Runner.app/PlugIns/Poem\ of\ the\ DayUITests.xctest/Poem\ of\ the\ DayUITests --dependency-file /Users/stephenreitz/Library/Developer/Xcode/DerivedData/Poem_of_the_Day-eculcxybahbpacbbltzjqprhxjep/Build/Intermediates.noindex/Poem\ of\ the\ Day.build/Debug-iphonesimulator/Poem\ of\ the\ DayUITests.build/Objects-normal/arm64/Poem\ of\ the\ DayUITests_dependency_info.dat --stringsdata-file /Users/stephenreitz/Library/Developer/Xcode/DerivedData/Poem_of_the_Day-eculcxybahbpacbbltzjqprhxjep/Build/Intermediates.noindex/Poem\ of\ the\ Day.build/Debug-iphonesimulator/Poem\ of\ the\ DayUITests.build/Objects-normal/arm64/ExtractedAppShortcutsMetadata.stringsdata --source-file-list /Users/stephenreitz/Library/Developer/Xcode/DerivedData/Poem_of_the_Day-eculcxybahbpacbbltzjqprhxjep/Build/Intermediates.noindex/Poem\ of\ the\ Day.build/Debug-iphonesimulator/Poem\ of\ the\ DayUITests.build/Objects-normal/arm64/Poem\ of\ the\ DayUITests.SwiftFileList --metadata-file-list /Users/stephenreitz/Library/Developer/Xcode/DerivedData/Poem_of_the_Day-eculcxybahbpacbbltzjqprhxjep/Build/Intermediates.noindex/Poem\ of\ the\ Day.build/Debug-iphonesimulator/Poem\ of\ the\ DayUITests.build/Poem\ of\ the\ DayUITests.DependencyMetadataFileList --static-metadata-file-list /Users/stephenreitz/Library/Developer/Xcode/DerivedData/Poem_of_the_Day-eculcxybahbpacbbltzjqprhxjep/Build/Intermediates.noindex/Poem\ of\ the\ Day.build/Debug-iphonesimulator/Poem\ of\ the\ DayUITests.build/Poem\ of\ the\ DayUITests.DependencyStaticMetadataFileList --swift-const-vals-list /Users/stephenreitz/Library/Developer/Xcode/DerivedData/Poem_of_the_Day-eculcxybahbpacbbltzjqprhxjep/Build/Intermediates.noindex/Poem\ of\ the\ Day.build/Debug-iphonesimulator/Poem\ of\ the\ DayUITests.build/Objects-normal/arm64/Poem\ of\ the\ DayUITests.SwiftConstValuesFileList --compile-time-extraction --deployment-aware-processing --validate-assistant-intents --no-app-shortcuts-localization
2025-11-25 15:00:47.519 appintentsmetadataprocessor[96841:14321306] Starting appintentsmetadataprocessor export
2025-11-25 15:00:47.662 appintentsmetadataprocessor[96841:14321306] Extracted no relevant App Intents symbols, skipping writing output

CodeSign /Users/stephenreitz/Library/Developer/Xcode/DerivedData/Poem_of_the_Day-eculcxybahbpacbbltzjqprhxjep/Build/Products/Debug-iphonesimulator/Poem\ of\ the\ DayUITests-Runner.app/PlugIns/Poem\ of\ the\ DayUITests.xctest (in target 'Poem of the DayUITests' from project 'Poem of the Day')
    cd /Users/stephenreitz/Desktop/Swift-2048-test/Poem\ of\ the\ Day
    
    Signing Identity:     "Sign to Run Locally"
    
    /usr/bin/codesign --force --sign - --timestamp\=none --generate-entitlement-der /Users/stephenreitz/Library/Developer/Xcode/DerivedData/Poem_of_the_Day-eculcxybahbpacbbltzjqprhxjep/Build/Products/Debug-iphonesimulator/Poem\ of\ the\ DayUITests-Runner.app/PlugIns/Poem\ of\ the\ DayUITests.xctest

CodeSign /Users/stephenreitz/Library/Developer/Xcode/DerivedData/Poem_of_the_Day-eculcxybahbpacbbltzjqprhxjep/Build/Products/Debug-iphonesimulator/Poem\ of\ the\ DayUITests-Runner.app (in target 'Poem of the DayUITests' from project 'Poem of the Day')
    cd /Users/stephenreitz/Desktop/Swift-2048-test/Poem\ of\ the\ Day
    
    Signing Identity:     "Sign to Run Locally"
    
    /usr/bin/codesign --force --sign - --timestamp\=none --generate-entitlement-der /Users/stephenreitz/Library/Developer/Xcode/DerivedData/Poem_of_the_Day-eculcxybahbpacbbltzjqprhxjep/Build/Products/Debug-iphonesimulator/Poem\ of\ the\ DayUITests-Runner.app
/Users/stephenreitz/Library/Developer/Xcode/DerivedData/Poem_of_the_Day-eculcxybahbpacbbltzjqprhxjep/Build/Products/Debug-iphonesimulator/Poem of the DayUITests-Runner.app: replacing existing signature

Testing started
Test suite 'AIFeaturesUITests' started on 'Clone 1 of iPhone 17 Pro - Poem of the DayUITests-Runner (1675)'
Test suite 'AdvancedPerformanceTests' started on 'Clone 2 of iPhone 17 Pro - Poem of the Day (1784)'
Test case 'AIFeaturesUITests.testAIFeaturesAccessibility()' passed on 'Clone 1 of iPhone 17 Pro - Poem of the DayUITests-Runner (1675)' (17.493 seconds)
Test case 'AIFeaturesUITests.testAIFeaturesWhenUnavailable()' passed on 'Clone 1 of iPhone 17 Pro - Poem of the DayUITests-Runner (1675)' (10.237 seconds)
Test case 'AIFeaturesUITests.testAIGeneratedPoemFavoriting()' passed on 'Clone 1 of iPhone 17 Pro - Poem of the DayUITests-Runner (1675)' (48.499 seconds)
Test case 'AdvancedPerformanceTests.testAIGenerationPerformanceVariations()' failed on 'Clone 2 of iPhone 17 Pro - Poem of the Day (1784)' (77.091 seconds)
Test case 'AIFeaturesUITests.testAIGeneratedPoemSharing()' passed on 'Clone 1 of iPhone 17 Pro - Poem of the DayUITests-Runner (1675)' (26.344 seconds)
Test case 'AdvancedPerformanceTests.testConcurrentAIGenerations()' failed on 'Clone 2 of iPhone 17 Pro - Poem of the Day (1784)' (0.000 seconds)
Test suite 'AccessibilityPerformanceUITests' started on 'Clone 5 of iPhone 17 Pro - Poem of the DayUITests-Runner (19374)'
Test case 'AIFeaturesUITests.testAIGenerationErrorHandling()' passed on 'Clone 1 of iPhone 17 Pro - Poem of the DayUITests-Runner (1675)' (27.561 seconds)
Test case 'AdvancedPerformanceTests.testConcurrentViewModelOperations()' failed on 'Clone 2 of iPhone 17 Pro - Poem of the Day (18530)' (0.000 seconds)
Test case 'AdvancedPerformanceTests.testCPUIntensiveOperations()' passed on 'Clone 2 of iPhone 17 Pro - Poem of the Day (21490)' (0.236 seconds)
Test case 'AIFeaturesUITests.testAIGenerationPerformance()' passed on 'Clone 1 of iPhone 17 Pro - Poem of the DayUITests-Runner (1675)' (10.252 seconds)
Test case 'AdvancedPerformanceTests.testLargeDataSetSearchPerformance()' passed on 'Clone 2 of iPhone 17 Pro - Poem of the Day (21490)' (1.023 seconds)
Test case 'AdvancedPerformanceTests.testLowMemoryScenarioHandling()' passed on 'Clone 2 of iPhone 17 Pro - Poem of the Day (21490)' (0.095 seconds)
Test case 'AdvancedPerformanceTests.testMassiveFavoritesPerformance()' passed on 'Clone 2 of iPhone 17 Pro - Poem of the Day (21490)' (0.558 seconds)
Test case 'AdvancedPerformanceTests.testMemoryIntensiveOperations()' passed on 'Clone 2 of iPhone 17 Pro - Poem of the Day (21490)' (0.526 seconds)
Test case 'AdvancedPerformanceTests.testNetworkLatencyVariations()' failed on 'Clone 2 of iPhone 17 Pro - Poem of the Day (21490)' (0.015 seconds)
Test case 'AdvancedPerformanceTests.testRapidAPICallsPerformance()' passed on 'Clone 2 of iPhone 17 Pro - Poem of the Day (21490)' (1.316 seconds)
Test case 'AdvancedPerformanceTests.testSortingLargeDatasets()' passed on 'Clone 2 of iPhone 17 Pro - Poem of the Day (21490)' (0.416 seconds)
Test suite 'EdgeCaseScenarioTests' started on 'Clone 2 of iPhone 17 Pro - Poem of the Day (21490)'
Test case 'EdgeCaseScenarioTests.testAIGenerationEdgeCases()' skipped on 'Clone 2 of iPhone 17 Pro - Poem of the Day (21490)' (0.005 seconds)
Test case 'EdgeCaseScenarioTests.testConcurrentModificationOfFavorites()' passed on 'Clone 2 of iPhone 17 Pro - Poem of the Day (21490)' (0.014 seconds)
Test case 'EdgeCaseScenarioTests.testEmptyAndNilContent()' passed on 'Clone 2 of iPhone 17 Pro - Poem of the Day (21490)' (0.003 seconds)
Test case 'EdgeCaseScenarioTests.testExtremeDateValues()' passed on 'Clone 2 of iPhone 17 Pro - Poem of the Day (21490)' (0.001 seconds)
Test case 'EdgeCaseScenarioTests.testExtremelyLongPoemContent()' passed on 'Clone 2 of iPhone 17 Pro - Poem of the Day (21490)' (0.012 seconds)
Test case 'AccessibilityPerformanceUITests.testAccessibilityAnnouncementsDuringStateChanges()' passed on 'Clone 5 of iPhone 17 Pro - Poem of the DayUITests-Runner (19374)' (19.866 seconds)
Test case 'AIFeaturesUITests.testCustomPromptPoemGeneration()' passed on 'Clone 1 of iPhone 17 Pro - Poem of the DayUITests-Runner (1675)' (13.881 seconds)
Test case 'AccessibilityPerformanceUITests.testAccessibilityIdentifierCompleteness()' passed on 'Clone 5 of iPhone 17 Pro - Poem of the DayUITests-Runner (19374)' (13.217 seconds)
Test case 'AIFeaturesUITests.testCustomPromptWithEmptyInput()' passed on 'Clone 1 of iPhone 17 Pro - Poem of the DayUITests-Runner (1675)' (10.627 seconds)
Test case 'AIFeaturesUITests.testRepeatedGenerationProducesNewContent()' passed on 'Clone 1 of iPhone 17 Pro - Poem of the DayUITests-Runner (1675)' (15.064 seconds)
Test case 'AccessibilityPerformanceUITests.testAccessibilityPerformanceImpact()' passed on 'Clone 5 of iPhone 17 Pro - Poem of the DayUITests-Runner (19374)' (34.877 seconds)
Test case 'AIFeaturesUITests.testVibeBasedPoemGeneration()' passed on 'Clone 1 of iPhone 17 Pro - Poem of the DayUITests-Runner (1675)' (14.251 seconds)
Test case 'AccessibilityPerformanceUITests.testAIGenerationPerformance()' failed on 'Clone 5 of iPhone 17 Pro - Poem of the DayUITests-Runner (19374)' (21.168 seconds)
Test case 'AIFeaturesUITests.testVibeGenerationCancel()' passed on 'Clone 1 of iPhone 17 Pro - Poem of the DayUITests-Runner (1675)' (22.739 seconds)
Test suite 'ErrorScenarioUITests' started on 'Clone 1 of iPhone 17 Pro - Poem of the DayUITests-Runner (1675)'
Test case 'ErrorScenarioUITests.testAIGenerationError()' passed on 'Clone 1 of iPhone 17 Pro - Poem of the DayUITests-Runner (1675)' (8.739 seconds)
Test case 'ErrorScenarioUITests.testAIServiceUnavailable()' passed on 'Clone 1 of iPhone 17 Pro - Poem of the DayUITests-Runner (1675)' (5.145 seconds)
Test case 'ErrorScenarioUITests.testAppBackgroundingDuringError()' passed on 'Clone 1 of iPhone 17 Pro - Poem of the DayUITests-Runner (1675)' (9.697 seconds)
Test case 'ErrorScenarioUITests.testConcurrentErrorOperations()' passed on 'Clone 1 of iPhone 17 Pro - Poem of the DayUITests-Runner (1675)' (9.734 seconds)
Test case 'ErrorScenarioUITests.testCorruptedCacheRecovery()' passed on 'Clone 1 of iPhone 17 Pro - Poem of the DayUITests-Runner (1675)' (4.718 seconds)
Test case 'AccessibilityPerformanceUITests.testAppLaunchPerformance()' failed on 'Clone 5 of iPhone 17 Pro - Poem of the DayUITests-Runner (19374)' (52.311 seconds)
Test case 'ErrorScenarioUITests.testEmptyResponseHandling()' passed on 'Clone 1 of iPhone 17 Pro - Poem of the DayUITests-Runner (1675)' (11.473 seconds)
Test case 'ErrorScenarioUITests.testFavoritesStorageError()' passed on 'Clone 1 of iPhone 17 Pro - Poem of the DayUITests-Runner (1675)' (10.226 seconds)
Test case 'AccessibilityPerformanceUITests.testColorBlindnessSupport()' passed on 'Clone 5 of iPhone 17 Pro - Poem of the DayUITests-Runner (19374)' (22.003 seconds)
Test case 'ErrorScenarioUITests.testLowMemoryConditions()' passed on 'Clone 1 of iPhone 17 Pro - Poem of the DayUITests-Runner (1675)' (12.112 seconds)
Test case 'ErrorScenarioUITests.testMalformedDataHandling()' passed on 'Clone 1 of iPhone 17 Pro - Poem of the DayUITests-Runner (1675)' (10.116 seconds)
Test case 'AccessibilityPerformanceUITests.testComplexUserFlowPerformance()' failed on 'Clone 5 of iPhone 17 Pro - Poem of the DayUITests-Runner (19374)' (21.289 seconds)
Test case 'ErrorScenarioUITests.testNetworkRecovery()' passed on 'Clone 1 of iPhone 17 Pro - Poem of the DayUITests-Runner (1675)' (16.282 seconds)
Test case 'AccessibilityPerformanceUITests.testConcurrentOperationsPerformance()' failed on 'Clone 5 of iPhone 17 Pro - Poem of the DayUITests-Runner (19374)' (14.598 seconds)
Test case 'ErrorScenarioUITests.testNetworkUnavailableError()' failed on 'Clone 1 of iPhone 17 Pro - Poem of the DayUITests-Runner (1675)' (10.413 seconds)
Test suite 'ComprehensiveIntegrationTests' started on 'Clone 4 of iPhone 17 Pro - Poem of the Day (70272)'
Test case 'ErrorScenarioUITests.testRateLimitingHandling()' passed on 'Clone 1 of iPhone 17 Pro - Poem of the DayUITests-Runner (1675)' (12.870 seconds)
Test suite 'Poem_of_the_DayUITestsLaunchTests' started on 'Clone 3 of iPhone 17 Pro - Poem of the DayUITests-Runner (70932)'
Test case 'ComprehensiveIntegrationTests.testCompleteFirstTimeLaunchUserJourney()' failed on 'Clone 4 of iPhone 17 Pro - Poem of the Day (70272)' (12.811 seconds)
Test case 'ComprehensiveIntegrationTests.testCompleteWorkflowPerformance()' passed on 'Clone 4 of iPhone 17 Pro - Poem of the Day (70272)' (7.634 seconds)
Test case 'ComprehensiveIntegrationTests.testConcurrentOperations()' passed on 'Clone 4 of iPhone 17 Pro - Poem of the Day (70272)' (0.896 seconds)
Test case 'AccessibilityPerformanceUITests.testDynamicTypeSupport()' failed on 'Clone 5 of iPhone 17 Pro - Poem of the DayUITests-Runner (19374)' (33.137 seconds)
Test case 'ErrorScenarioUITests.testRequestTimeout()' passed on 'Clone 1 of iPhone 17 Pro - Poem of the DayUITests-Runner (1675)' (22.674 seconds)
Test case 'Poem_of_the_DayUITestsLaunchTests.testLaunch()' passed on 'Clone 3 of iPhone 17 Pro - Poem of the DayUITests-Runner (70932)' (14.060 seconds)
Test case 'ComprehensiveIntegrationTests.testDailyUserReturnWorkflow()' passed on 'Clone 4 of iPhone 17 Pro - Poem of the Day (70272)' (5.724 seconds)
Test case 'ComprehensiveIntegrationTests.testDataPersistenceAcrossRestarts()' failed on 'Clone 4 of iPhone 17 Pro - Poem of the Day (70272)' (0.017 seconds)
Test case 'ComprehensiveIntegrationTests.testErrorPropagationThroughStack()' failed on 'Clone 4 of iPhone 17 Pro - Poem of the Day (70272)' (0.015 seconds)
Test case 'ComprehensiveIntegrationTests.testLowMemoryScenario()' failed on 'Clone 4 of iPhone 17 Pro - Poem of the Day (70272)' (0.005 seconds)
Test case 'Poem_of_the_DayUITestsLaunchTests.testLaunch()' passed on 'Clone 3 of iPhone 17 Pro - Poem of the DayUITests-Runner (70932)' (6.354 seconds)
Test case 'ErrorScenarioUITests.testServerError()' passed on 'Clone 1 of iPhone 17 Pro - Poem of the DayUITests-Runner (1675)' (13.448 seconds)
Test case 'AccessibilityPerformanceUITests.testErrorStateAccessibility()' passed on 'Clone 5 of iPhone 17 Pro - Poem of the DayUITests-Runner (19374)' (18.305 seconds)
Test case 'Poem_of_the_DayUITestsLaunchTests.testLaunch()' passed on 'Clone 3 of iPhone 17 Pro - Poem of the DayUITests-Runner (70932)' (8.126 seconds)
Test case 'ErrorScenarioUITests.testSlowNetworkResponse()' passed on 'Clone 1 of iPhone 17 Pro - Poem of the DayUITests-Runner (1675)' (6.390 seconds)
Test suite 'VibeBackgroundColorUITests' started on 'Clone 1 of iPhone 17 Pro - Poem of the DayUITests-Runner (1675)'
Test case 'ComprehensiveIntegrationTests.testMemoryUsageInLongSession()' failed on 'Clone 4 of iPhone 17 Pro - Poem of the Day (70272)' (18.424 seconds)
Test case 'Poem_of_the_DayUITestsLaunchTests.testLaunch()' passed on 'Clone 3 of iPhone 17 Pro - Poem of the DayUITests-Runner (70932)' (8.426 seconds)
Test suite 'WidgetUITests' started on 'Clone 3 of iPhone 17 Pro - Poem of the DayUITests-Runner (70932)'
Test case 'AccessibilityPerformanceUITests.testHighContrastModeSupport()' passed on 'Clone 5 of iPhone 17 Pro - Poem of the DayUITests-Runner (19374)' (11.361 seconds)
Test case 'VibeBackgroundColorUITests.testBackgroundColorAccessibility()' failed on 'Clone 1 of iPhone 17 Pro - Poem of the DayUITests-Runner (1675)' (6.049 seconds)
Test case 'WidgetUITests.testLargeWidgetLayout()' passed on 'Clone 3 of iPhone 17 Pro - Poem of the DayUITests-Runner (70932)' (5.284 seconds)
Test case 'ComprehensiveIntegrationTests.testMixedContentTypes()' passed on 'Clone 4 of iPhone 17 Pro - Poem of the Day (70272)' (8.943 seconds)
Test case 'ComprehensiveIntegrationTests.testNewsToVibeToAIPipeline()' passed on 'Clone 4 of iPhone 17 Pro - Poem of the Day (70272)' (0.008 seconds)
Test case 'ComprehensiveIntegrationTests.testOfflineToOnlineTransition()' failed on 'Clone 4 of iPhone 17 Pro - Poem of the Day (70272)' (0.009 seconds)
Test case 'VibeBackgroundColorUITests.testBackgroundColorAnimation()' passed on 'Clone 1 of iPhone 17 Pro - Poem of the DayUITests-Runner (1675)' (8.554 seconds)
Test case 'AccessibilityPerformanceUITests.testHighContrastSupport()' passed on 'Clone 5 of iPhone 17 Pro - Poem of the DayUITests-Runner (19374)' (9.641 seconds)
Test case 'WidgetUITests.testMediumWidgetLayout()' passed on 'Clone 3 of iPhone 17 Pro - Poem of the DayUITests-Runner (70932)' (5.735 seconds)
Test case 'WidgetUITests.testSmallWidgetLayout()' passed on 'Clone 3 of iPhone 17 Pro - Poem of the DayUITests-Runner (70932)' (5.158 seconds)
Test case 'VibeBackgroundColorUITests.testBackgroundColorInDarkMode()' passed on 'Clone 1 of iPhone 17 Pro - Poem of the DayUITests-Runner (1675)' (8.741 seconds)
Test case 'WidgetUITests.testWidgetAccessibility()' failed on 'Clone 3 of iPhone 17 Pro - Poem of the DayUITests-Runner (70932)' (5.594 seconds)
Test case 'ComprehensiveIntegrationTests.testPowerUserAdvancedWorkflow()' passed on 'Clone 4 of iPhone 17 Pro - Poem of the Day (70272)' (20.259 seconds)
Test case 'WidgetUITests.testWidgetAppIntegration()' passed on 'Clone 3 of iPhone 17 Pro - Poem of the DayUITests-Runner (70932)' (7.763 seconds)
Test case 'ComprehensiveIntegrationTests.testRapidUserInteractions()' passed on 'Clone 4 of iPhone 17 Pro - Poem of the Day (70272)' (2.339 seconds)
Test case 'ComprehensiveIntegrationTests.testRepositoryToViewModelToUIFlow()' passed on 'Clone 4 of iPhone 17 Pro - Poem of the Day (70272)' (0.012 seconds)
Test case 'AccessibilityPerformanceUITests.testKeyboardNavigation()' passed on 'Clone 5 of iPhone 17 Pro - Poem of the DayUITests-Runner (19374)' (22.137 seconds)
Test case 'ComprehensiveIntegrationTests.testStateConsistencyAcrossOperations()' passed on 'Clone 4 of iPhone 17 Pro - Poem of the Day (70272)' (4.080 seconds)
Test suite 'VibeAnalyzerTests' started on 'Clone 4 of iPhone 17 Pro - Poem of the Day (70272)'
Test case 'VibeAnalyzerTests.testAnalyzeVibeEmptyNews()' failed on 'Clone 4 of iPhone 17 Pro - Poem of the Day (70272)' (0.003 seconds)
Test case 'VibeAnalyzerTests.testAnalyzeVibeFromNews()' passed on 'Clone 4 of iPhone 17 Pro - Poem of the Day (70272)' (0.002 seconds)
Test case 'VibeAnalyzerTests.testAnalyzeVibeWithContemplativeNews()' passed on 'Clone 4 of iPhone 17 Pro - Poem of the Day (70272)' (0.001 seconds)
Test case 'VibeAnalyzerTests.testAnalyzeVibeWithEnergeticNews()' passed on 'Clone 4 of iPhone 17 Pro - Poem of the Day (70272)' (0.001 seconds)
Test case 'VibeAnalyzerTests.testAnalyzeVibeWithHopefulNews()' passed on 'Clone 4 of iPhone 17 Pro - Poem of the Day (70272)' (0.003 seconds)
Test case 'VibeAnalyzerTests.testAnalyzeVibeWithMelancholicNews()' passed on 'Clone 4 of iPhone 17 Pro - Poem of the Day (70272)' (0.001 seconds)
Test case 'VibeAnalyzerTests.testAnalyzeVibeWithPeacefulNews()' passed on 'Clone 4 of iPhone 17 Pro - Poem of the Day (70272)' (0.001 seconds)
Test case 'VibeAnalyzerTests.testBackgroundColorIntensityCalculation()' passed on 'Clone 4 of iPhone 17 Pro - Poem of the Day (70272)' (0.001 seconds)
Test case 'VibeAnalyzerTests.testBackgroundColorIntensityWithDifferentConfidenceLevels()' passed on 'Clone 4 of iPhone 17 Pro - Poem of the Day (70272)' (0.001 seconds)
Test case 'VibeAnalyzerTests.testColorIntensityWithExtremeSentiment()' failed on 'Clone 4 of iPhone 17 Pro - Poem of the Day (70272)' (0.025 seconds)
Test case 'VibeAnalyzerTests.testColorIntensityWithHighEnergyContent()' passed on 'Clone 4 of iPhone 17 Pro - Poem of the Day (70272)' (0.002 seconds)
Test case 'VibeAnalyzerTests.testSpecificVibeBackgroundColors()' passed on 'Clone 4 of iPhone 17 Pro - Poem of the Day (70272)' (0.001 seconds)
Test case 'VibeAnalyzerTests.testVibeAnalysisDateTracking()' passed on 'Clone 4 of iPhone 17 Pro - Poem of the Day (70272)' (0.003 seconds)
Test case 'VibeAnalyzerTests.testVibeBackgroundColorInfo()' passed on 'Clone 4 of iPhone 17 Pro - Poem of the Day (70272)' (0.001 seconds)
Test case 'VibeAnalyzerTests.testVibeBackgroundColorsAllCases()' passed on 'Clone 4 of iPhone 17 Pro - Poem of the Day (70272)' (0.008 seconds)
Test case 'VibeAnalyzerTests.testVibeKeywordExtraction()' passed on 'Clone 4 of iPhone 17 Pro - Poem of the Day (70272)' (0.001 seconds)
Test suite 'LocalizationTests' started on 'Clone 4 of iPhone 17 Pro - Poem of the Day (70272)'
Test case 'LocalizationTests.testCulturallyAppropriatePoemContent()' passed on 'Clone 4 of iPhone 17 Pro - Poem of the Day (70272)' (0.002 seconds)
Test case 'LocalizationTests.testInputMethodSupp